04-01 18:19:19.429  1412  1511 V WindowManagerShell:  Checking filter Pair{{types=[] flags=0x0] notFlags=0x100 checks=[{atype=home independent=true modes=[OPEN,TO_FRONT] flags=NONE mustBeTask=false order=TOP topActivity=ComponentInfo{com.google.android.apps.nexuslauncher/com.google.android.apps.nexuslauncher.NexusLauncherActivity} launchCookie=null windowingMode=undefined isCrossDisplayMove=false},{atype=standard independent=true modes=[CLOSE,TO_BACK] flags=NONE mustBeTask=false order=ANY topActivity=null launchCookie=null windowingMode=undefined isCrossDisplayMove=false},{NOT atype=undefined independent=true modes=[] flags=NONE mustBeTask=true order=ANY topActivity=null launchCookie=null customAnim=true windowingMode=undefined isCrossDisplayMove=false}]} RemoteTransition { remoteTransition = android.window.IRemoteTransition$Stub$Proxy@9b5e203, appThread = android.app.IApplicationThread$Stub$Proxy@ea05580, debugName = QuickstepLaunchHome }}
04-01 18:19:19.429  1412  1511 V WindowManagerShell:  Delegate animation for (#92) to null
04-01 18:19:19.429  1412  1511 V WindowManagerShell: start default transition animation, info = {id=92 t=OPEN f=0x0 trk=0 r=[0@Point(0, 0)] c=[{m=OPEN f=FILLS_TASK leash=Surface(name=ActivityRecord{205087687 u0 com.example.spotify/.LoginActivity t23}#845)/@0x1403fb5 sb=Rect(0, 0 - 0, 0) eb=Rect(0, 0 - 1080, 2400) epz=Point(1080, 2400) d=-1->0 r=-1->0:-1 bc=ff141218 activity=ActivityTransitionInfo { component = ComponentInfo{com.example.spotify/com.example.spotify.LoginActivity}, taskId = 23, appCompatTransitionInfo = null } opt={t=FROM_STYLE mUserId=0}},{m=CLOSE f=FILLS_TASK leash=Surface(name=ActivityRecord{106768343 u0 com.example.spotify/.SplashActivity t23}#831)/@0x6c2764a sb=Rect(0, 0 - 1080, 2400) eb=Rect(0, 0 - 1080, 2400) epz=Point(1080, 2400) d=0 bc=ff141218 activity=ActivityTransitionInfo { component = ComponentInfo{com.example.spotify/com.example.spotify.SplashActivity}, taskId = 23, appCompatTransitionInfo = null } opt={t=FROM_STYLE mUserId=0}}]}
04-01 18:19:19.429  1412  1511 V WindowManagerShell: loadAnimation: anim=android.view.animation.AnimationSet@dcf9697 animAttr=0x5 type=OPEN isEntrance=false
04-01 18:19:19.430  1412  1511 V WindowManagerShell: loadAnimation: anim=android.view.animation.AnimationSet@51b84a2 animAttr=0x4 type=OPEN isEntrance=true
04-01 18:19:19.431   796   834 V WindowManager: Sent Transition (#92) createdAt=04-01 18:19:18.792 via request=TransitionRequestInfo { type = OPEN, triggerTask = TaskInfo{userId=0 taskId=23 effectiveUid=10220 displayId=0 isRunning=true baseIntent=Intent { flg=0x10000000 cmp=com.example.spotify/.SplashActivity } baseActivity=ComponentInfo{com.example.spotify/com.example.spotify.SplashActivity} topActivity=ComponentInfo{com.example.spotify/com.example.spotify.LoginActivity} origActivity=null realActivity=ComponentInfo{com.example.spotify/com.example.spotify.SplashActivity} numActivities=2 lastActiveTime=15257636 supportsMultiWindow=true resizeMode=1 isResizeable=true minWidth=-1 minHeight=-1 defaultMinSize=220 token=WCT{RemoteToken{dd4abea Task{f17a8c4 #23 type=standard A=10220:com.example.spotify}}} topActivityType=1 pictureInPictureParams=null shouldDockBigOverlays=false launchIntoPipHostTaskId=-1 lastParentTaskIdBeforePip=-1 displayCutoutSafeInsets=Rect(0, 0 - 0, 0) topActivityInfo=ActivityInfo{7b9024a com.example.spotify.LoginActivity} launchCookies=[] positionInParent=Point(0, 0) parentTaskId=-1 isFocused=true isVisible=true isVisibleRequested=true isTopActivityNoDisplay=false isSleeping=false locusId=null displayAreaFeatureId=1 isTopActivityTransparent=false isActivityStackTransparent=false lastNonFullscreenBounds=null capturedLink=null capturedLinkTimestamp=0 requestedVisibleTypes=503 topActivityRequestOpenInBrowserEducationTimestamp=0 appCompatTaskInfo=AppCompatTaskInfo { topActivityInSizeCompat=false isLeafTask= true eligibleForLetterboxEducation= false isLetterboxEducationEnabled= true isLetterboxDoubleTapEnabled= false eligibleForUserAspectRatioButton= false topActivityBoundsLetterboxed= false isFromLetterboxDoubleTap= false topActivityLetterboxVerticalPosition= -1 topActivityLetterboxHorizontalPosition= -1 topActivityLetterboxWidth=-1 topActivityLetterboxHeight=-1 topActivityAppBounds=Rect(0, 0 - 1080, 2400) isUserFullscreenOverrideEnabled=false isSystemFullscreenOverrideEnabled=false hasMinAspectRatioOverride=false topActivityLetterboxBounds=null cameraCompatTaskInfo=CameraCompatTaskInfo { cameraCompatMode=inactive0} topNonResizableActivityAspectRatio=-1.0} topActivityMainWindowFrame=null isAppBubble=false}, pipChange = null, remoteTransition = null, displayChange = null, requestedLocation = null, userChange = null, windowingLayerChange = null, flags = 0, debugId = 92 }
04-01 18:19:19.432   796   834 V WindowManager:     startWCT=WindowContainerTransaction { changes= {} hops= [] errorCallbackToken=null taskFragmentOrganizer=null }
04-01 18:19:19.432  1412  1511 V WindowManagerShell:  animated by com.android.wm.shell.transition.DefaultTransitionHandler@d9aeecd
04-01 18:19:19.433   796   834 V WindowManager:     info={id=92 t=OPEN f=0x0 trk=0 r=[0@Point(0, 0)] c=[
04-01 18:19:19.433   796   834 V WindowManager:         {m=OPEN f=FILLS_TASK leash=Surface(name=ActivityRecord{205087687 u0 com.example.spotify/.LoginActivity t23}#845)/@0xe97ce9f sb=Rect(0, 0 - 0, 0) eb=Rect(0, 0 - 1080, 2400) epz=Point(1080, 2400) d=-1->0 r=-1->0:-1 bc=ff141218 activity=ActivityTransitionInfo { component = ComponentInfo{com.example.spotify/com.example.spotify.LoginActivity}, taskId = 23, appCompatTransitionInfo = null } opt={t=FROM_STYLE mUserId=0}},
04-01 18:19:19.433   796   834 V WindowManager:         {m=CLOSE f=FILLS_TASK leash=Surface(name=ActivityRecord{106768343 u0 com.example.spotify/.SplashActivity t23}#831)/@0xbef203e sb=Rect(0, 0 - 1080, 2400) eb=Rect(0, 0 - 1080, 2400) epz=Point(1080, 2400) d=0 bc=ff141218 activity=ActivityTransitionInfo { component = ComponentInfo{com.example.spotify/com.example.spotify.SplashActivity}, taskId = 23, appCompatTransitionInfo = null } opt={t=FROM_STYLE mUserId=0}}
04-01 18:19:19.433   796   834 V WindowManager:     ]}
04-01 18:19:19.484   796  1293 D InetDiagMessage: Destroyed 0 sockets, proto=IPPROTO_TCP, family=AF_INET, states=14
04-01 18:19:19.485   796  1293 D InetDiagMessage: Destroyed 0 sockets, proto=IPPROTO_TCP, family=AF_INET6, states=14
04-01 18:19:19.485   796  1293 D InetDiagMessage: Destroyed live tcp sockets for uids={10151} in 8ms
04-01 18:19:19.485   796  1293 D InetDiagMessage: Destroyed 0 sockets, proto=IPPROTO_TCP, family=AF_INET, states=14
04-01 18:19:19.486   796  1293 D InetDiagMessage: Destroyed 0 sockets, proto=IPPROTO_TCP, family=AF_INET6, states=14
04-01 18:19:19.486   796  1293 D InetDiagMessage: Destroyed live tcp sockets for uids={20151} in 2ms
04-01 18:19:19.533   796  1021 I ImeTracker: com.example.spotify:2313e7d5: onRequestHide at ORIGIN_SERVER reason HIDE_UNSPECIFIED_WINDOW fromUser false
04-01 18:19:19.535 20433 20433 D InsetsController: hide(ime())
04-01 18:19:19.535 20433 20433 I ImeTracker: com.example.spotify:2313e7d5: onCancelled at PHASE_CLIENT_ALREADY_HIDDEN
04-01 18:19:19.538  8545  8545 I GoogleInputMethodService: GoogleInputMethodService.onFinishInput():2057 
04-01 18:19:19.539  8545  8545 I Module  : DeviceLockedStatusModuleProvider$Module.updateDeviceLockedStatus():100 repeatCheckTimes = 0, locked = false
04-01 18:19:19.540   796  1688 I ImeTracker: system_server:651d75c8: onRequestHide at ORIGIN_SERVER reason IME_REQUESTED_CHANGED_LISTENER fromUser false
04-01 18:19:19.541   796   837 I ImeTracker: system_server:651d75c8: onCancelled at PHASE_SERVER_SHOULD_HIDE
04-01 18:19:19.542  8545  8545 I GoogleInputMethodService: GoogleInputMethodService.onStartInput():1318 onStartInput(EditorInfo{EditorInfo{packageName=com.example.spotify, inputType=0, inputTypeString=NULL, enableLearning=false, autoCorrection=false, autoComplete=false, imeOptions=0, privateImeOptions=null, actionName=UNSPECIFIED, actionLabel=null, initialSelStart=-1, initialSelEnd=-1, initialCapsMode=0, label=null, fieldId=0, fieldName=null, extras=null, hintText=null, hintLocales=[]}}, false)
04-01 18:19:19.544  8545  8545 I Module  : DeviceLockedStatusModuleProvider$Module.updateDeviceLockedStatus():100 repeatCheckTimes = 1, locked = false
04-01 18:19:19.547   796  3146 W PackageConfigPersister: App-specific configuration not found for packageName: com.example.spotify and userId: 0
04-01 18:19:19.840   796  1274 I HalDevMgr: bestIfaceCreationProposal is null, requestIface=STA, existingIface=[name=wlan0 type=STA]
04-01 18:19:19.906  1412  1511 V WindowManagerShell: Transition animation finished (aborted=false), notifying core (#92) android.os.BinderProxy@4c8ccf9@0
04-01 18:19:19.913   796   834 V WindowManager: Finish Transition (#92): created at 04-01 18:19:18.792 collect-started=1.274ms request-sent=30.312ms started=44.141ms ready=75.221ms sent=612.282ms commit=35.106ms finished=1119.425ms
04-01 18:19:19.916  1412  1511 V WindowManagerShell: Track 0 became idle
04-01 18:19:19.916  1412  1511 V WindowManagerShell: All active transition animations finished
04-01 18:19:19.917 20433 20433 D VRI[SplashActivity]: visibilityChanged oldVisibility=true newVisibility=false
04-01 18:19:19.924   796  1389 W ImageReader_JNI: Unable to acquire a buffer item, very likely client tried to acquire more than maxImages buffers
04-01 18:19:19.949 20433 20433 D WindowOnBackDispatcher: setTopOnBackInvokedCallback (unwrapped): null
04-01 18:19:19.951   796  1688 D CoreBackPreview: Window{2515832 u0 com.example.spotify/com.example.spotify.SplashActivity}: Setting back callback null
04-01 18:19:19.954 20433 20433 D ViewRootImpl: Skipping stats log for color mode
04-01 18:19:19.961   796  1364 D BackgroundInstallControlService: Package event received: 0
04-01 18:19:20.008  1611  1721 D SatelliteController: iisInCarrierRoamingNbIotNtn: satellite is disabled
04-01 18:19:20.016  1611  1721 D SatelliteController: getCarrierRoamingNtnConnectType: Falling back to global carrier config connect type: 0
04-01 18:19:20.287 20433 20442 I example.spotify: Compiler allocated 5087KB to compile void android.view.ViewRootImpl.performTraversals()
04-01 18:19:21.821 20433 20485 D ProfileInstaller: Installing profile for com.example.spotify
04-01 18:19:22.324   796  3941 E TaskPersister: File error accessing recents directory (directory doesn't exist?).
04-01 18:19:22.734  8087  8087 D BoundBrokerSvc: onUnbind: Intent { act=com.google.android.gms.feedback.internal.IFeedbackService dat=chimera-action:/... xflg=0x4 cmp=com.google.android.gms/.chimera.GmsBoundBrokerService }
04-01 18:19:22.851   796  1274 I HalDevMgr: bestIfaceCreationProposal is null, requestIface=STA, existingIface=[name=wlan0 type=STA]
04-01 18:19:23.649   796  1293 D InetDiagMessage: Destroyed 0 sockets, proto=IPPROTO_TCP, family=AF_INET, states=14
04-01 18:19:23.652   796  1293 D InetDiagMessage: Destroyed 1 sockets, proto=IPPROTO_TCP, family=AF_INET6, states=14
04-01 18:19:23.654   796  1293 D InetDiagMessage: Destroyed live tcp sockets for uids={10221} in 9ms
04-01 18:19:23.656   796  1293 D InetDiagMessage: Destroyed 0 sockets, proto=IPPROTO_TCP, family=AF_INET, states=14
04-01 18:19:23.656   796  1293 D InetDiagMessage: Destroyed 0 sockets, proto=IPPROTO_TCP, family=AF_INET6, states=14
04-01 18:19:23.657   796  1293 D InetDiagMessage: Destroyed live tcp sockets for uids={20221} in 3ms
04-01 18:19:23.660 18411 19232 V NativeCrypto: Read error: ssl=0x7a5282612bd8: I/O error during system call, Software caused connection abort
04-01 18:19:23.668 18411 20324 V NativeCrypto: Write error: ssl=0x7a5282612bd8: I/O error during system call, Broken pipe
04-01 18:19:23.672 18411 20486 W ManagedChannelImpl: [{0}] Failed to resolve name. status={1}
04-01 18:19:23.676 18411 20324 V NativeCrypto: SSL shutdown failed: ssl=0x7a5282612bd8: I/O error during system call, Success
04-01 18:19:24.307  8067  8067 D BoundBrokerSvc: onUnbind: Intent { act=com.google.android.gms.common.telemetry.service.START dat=chimera-action:/... xflg=0x4 cmp=com.google.android.gms/.chimera.PersistentApiService }
04-01 18:19:24.556 20489 20489 W libbinder.BackendUnifiedServiceManager: Thread Pool max thread count is 0. Cannot cache binder as linkToDeath cannot be implemented. serviceName: package
04-01 18:19:24.679  2869  2885 I artd    : GetBestInfo: odex next to the dex file (/data/app/~~n2jiZ5JHHtBhtLQZZyFxwQ==/com.google.android.gms-3_wE7ySPL0L8XbrYRRwLfg==/oat/x86_64/base.odex) is kOatUpToDate with filter 'speed-profile' executable 'false'
04-01 18:19:24.682  2869  2885 I artd    : GetBestInfo: odex next to the dex file (/data/app/~~n2jiZ5JHHtBhtLQZZyFxwQ==/com.google.android.gms-3_wE7ySPL0L8XbrYRRwLfg==/oat/x86_64/split_AdsDynamite_installtime.odex) is kOatUpToDate with filter 'speed' executable 'false'
04-01 18:19:24.685  2869  2885 I artd    : GetBestInfo: odex next to the dex file (/data/app/~~n2jiZ5JHHtBhtLQZZyFxwQ==/com.google.android.gms-3_wE7ySPL0L8XbrYRRwLfg==/oat/x86_64/split_CronetDynamite_installtime.odex) is kOatUpToDate with filter 'speed' executable 'false'
04-01 18:19:24.687  2869  2885 I artd    : GetBestInfo: odex next to the dex file (/data/app/~~n2jiZ5JHHtBhtLQZZyFxwQ==/com.google.android.gms-3_wE7ySPL0L8XbrYRRwLfg==/oat/x86_64/split_DynamiteLoader_installtime.odex) is kOatUpToDate with filter 'speed' executable 'false'
04-01 18:19:24.691  2869  2885 I artd    : GetBestInfo: odex next to the dex file (/data/app/~~n2jiZ5JHHtBhtLQZZyFxwQ==/com.google.android.gms-3_wE7ySPL0L8XbrYRRwLfg==/oat/x86_64/split_DynamiteModulesA_installtime.odex) is kOatUpToDate with filter 'speed' executable 'false'
04-01 18:19:24.696  2869  2885 I artd    : GetBestInfo: odex next to the dex file (/data/app/~~n2jiZ5JHHtBhtLQZZyFxwQ==/com.google.android.gms-3_wE7ySPL0L8XbrYRRwLfg==/oat/x86_64/split_DynamiteModulesC_installtime.odex) is kOatUpToDate with filter 'speed' executable 'false'
04-01 18:19:24.700  2869  2885 I artd    : GetBestInfo: odex next to the dex file (/data/app/~~n2jiZ5JHHtBhtLQZZyFxwQ==/com.google.android.gms-3_wE7ySPL0L8XbrYRRwLfg==/oat/x86_64/split_GoogleCertificates_installtime.odex) is kOatUpToDate with filter 'speed' executable 'false'
04-01 18:19:24.702  2869  2885 I artd    : GetBestInfo: odex next to the dex file (/data/app/~~n2jiZ5JHHtBhtLQZZyFxwQ==/com.google.android.gms-3_wE7ySPL0L8XbrYRRwLfg==/oat/x86_64/split_MapsDynamite_installtime.odex) is kOatUpToDate with filter 'speed' executable 'false'
04-01 18:19:24.708  2869  2885 I artd    : GetBestInfo: odex next to the dex file (/data/app/~~n2jiZ5JHHtBhtLQZZyFxwQ==/com.google.android.gms-3_wE7ySPL0L8XbrYRRwLfg==/oat/x86_64/split_MeasurementDynamite_installtime.odex) is kOatUpToDate with filter 'speed' executable 'false'
04-01 18:19:24.710  2869  2885 I artd    : GetBestInfo: /data/user_de/0/com.google.android.gms/app_chimera/m/0000000d/dl-MlkitBarcodeUi.optional_253434100800.apk has no usable artifacts
04-01 18:19:24.711  2869  8105 I artd    : GetBestInfo: /data/user_de/0/com.google.android.gms/app_chimera/m/00000001/CronetDynamite.apk has no usable artifacts
04-01 18:19:24.713  2869  8105 I artd    : GetBestInfo: /data/user_de/0/com.google.android.gms/app_chimera/m/00000016/dl-MlkitOcrCommon.optional_261133100800.apk has no usable artifacts
04-01 18:19:24.713  2869  8105 I artd    : GetBestInfo: /data/user_de/0/com.google.android.gms/app_chimera/m/00000002/DynamiteLoader.apk has no usable artifacts
04-01 18:19:24.714  2869  8105 I artd    : GetBestInfo: /data/user_de/0/com.google.android.gms/app_chimera/m/00000005/GoogleCertificates.apk has no usable artifacts
04-01 18:19:24.716  2869  8105 I artd    : GetBestInfo: /data/user_de/0/com.google.android.gms/app_chimera/m/00000012/dl-Appsearch.optional_261133100800.apk has no usable artifacts
04-01 18:19:24.717  2869  8105 I artd    : GetBestInfo: /data/user_de/0/com.google.android.gms/app_chimera/m/00000009/dl-TfliteDynamiteDynamite.integ_252130102100800.apk has no usable artifacts
04-01 18:19:24.718  2869  8105 I artd    : GetBestInfo: /data/user_de/0/com.google.android.gms/app_chimera/m/00000011/dl-PlayCloudSearch.optional_261133100000.apk has no usable artifacts
04-01 18:19:24.720  2869  8105 I artd    : GetBestInfo: /data/user_de/0/com.google.android.gms/app_chimera/m/0000000a/dl-VisionOcr.optional_253434100000.apk has no usable artifacts
04-01 18:19:24.724  2869  8105 I artd    : GetBestInfo: /data/user_de/0/com.google.android.gms/app_chimera/m/00000014/dl-MlkitBarcodeUi.optional_261133100800.apk has no usable artifacts
04-01 18:19:24.726  2869  8105 I artd    : GetBestInfo: /data/user_de/0/com.google.android.gms/app_chimera/m/0000000c/dl-MlkitOcrCommon.optional_253434100800.apk has no usable artifacts
04-01 18:19:24.728  2869  8105 I artd    : GetBestInfo: /data/user_de/0/com.google.android.gms/app_chimera/m/00000010/dl-VisionOcr.optional_261133100000.apk has no usable artifacts
04-01 18:19:24.730  2869  8105 I artd    : GetBestInfo: /data/user_de/0/com.google.android.gms/app_chimera/m/0000000f/dl-PlayCloudSearch.optional_253434100000.apk has no usable artifacts
04-01 18:19:24.732  2869  8105 I artd    : GetBestInfo: /data/user_de/0/com.google.android.gms/app_chimera/m/0000000e/dl-Appsearch.optional_253434100800.apk has no usable artifacts
04-01 18:19:24.735  2869  8105 I artd    : GetBestInfo: vdex next to the dex file (/data/user/0/com.google.android.gms/app_dg_cache/492BB24C67899DCD3E45A896813896109D71DC84/oat/x86_64/the.vdex) is kOatUpToDate with filter 'verify' executable 'false'
04-01 18:19:24.736  2869  8105 I artd    : GetBestInfo: /data/user_de/0/com.google.android.gms/app_chimera/m/00000007/MeasurementDynamite.apk has no usable artifacts
04-01 18:19:24.778   796   823 I system_server: Background young concurrent mark compact GC freed 24MB AllocSpace bytes, 23(940KB) LOS objects, 42% free, 32MB/56MB, paused 3.135ms,2.225ms total 167.955ms
04-01 18:19:24.876 18411 20487 W ManagedChannelImpl: [{0}] Failed to resolve name. status={1}
04-01 18:19:25.038   796  1687 V AutofillSession: Primary service component name: ComponentInfo{com.google.android.gms/com.google.android.gms.autofill.service.AutofillService}, secondary service component name: ComponentInfo{com.android.credentialmanager/com.android.credentialmanager.autofill.CredentialAutofillService}
04-01 18:19:25.045   796  1687 V SecondaryProviderHandler: Creating a secondary provider handler with component name, ComponentInfo{com.android.credentialmanager/com.android.credentialmanager.autofill.CredentialAutofillService}
04-01 18:19:25.051   796  1687 D PresentationStatsEventLogger: Started new PresentationStatsEvent
04-01 18:19:25.051   796  1687 I AppsFilter: interaction: PackageSetting{488d30 com.example.spotify/10220} -> PackageSetting{7142f65 com.google.android.inputmethod.latin/10158} BLOCKED
04-01 18:19:25.051   796  1687 W FillRequestEventLogger: Couldn't find packageName: com.google.android.inputmethod.latin
04-01 18:19:25.065 20433 20433 I AutofillManager: showAutofillDialog() return false due to improve fill dialog
04-01 18:19:25.065 20433 20433 I ImeTracker: com.example.spotify:5db04995: onRequestShow at ORIGIN_CLIENT reason SHOW_SOFT_INPUT fromUser true
04-01 18:19:25.067  8545  8545 I GoogleInputMethodService: GoogleInputMethodService.onFinishInput():2057 
04-01 18:19:25.068 20433 20433 D InsetsController: show(ime())
04-01 18:19:25.069 20433 20433 D InsetsController: Setting requestedVisibleTypes to 511 (was 503)
04-01 18:19:25.069  8545  8545 I Module  : DeviceLockedStatusModuleProvider$Module.updateDeviceLockedStatus():100 repeatCheckTimes = 0, locked = false
04-01 18:19:25.085   796  1364 D BackgroundInstallControlService: Package event received: 0
04-01 18:19:25.091  8545  8545 W TooltipLifecycleManager: TooltipLifecycleManager.dismissTooltips():153 Tooltip with id SUGGESTION_VIEW_EDU_MINI_DIALOG not found in tooltipManager.
04-01 18:19:25.101 20433 20433 I AssistStructure: Flattened final assist data: 2888 bytes, containing 1 windows, 16 views
04-01 18:19:25.103   796  2914 D AutofillSession: createPendingIntent for request 982
04-01 18:19:25.108   796  2914 D ContentCapturePerUserService: Notified activity assist data for activity: Token{3c04df4 ActivityRecord{205087687 u0 com.example.spotify/.LoginActivity t23}} without a session Id
04-01 18:19:25.133  8545  8545 I DeviceIntelligenceExtension: DeviceIntelligenceExtension.getInlineSuggestionsRequest():257 Inline suggestions disabled in stylus mode or vertical PK/Voice toolbar
04-01 18:19:25.136  8545  8545 I GoogleInputMethodService: GoogleInputMethodService.onStartInput():1318 onStartInput(EditorInfo{EditorInfo{packageName=com.example.spotify, inputType=3, inputTypeString=Phone, enableLearning=false, autoCorrection=false, autoComplete=false, imeOptions=6, privateImeOptions=null, actionName=DONE, actionLabel=null, initialSelStart=0, initialSelEnd=0, initialCapsMode=0, label=null, fieldId=2131362142, fieldName=null, extras=Bundle[mParcelledData.dataSize=404], hintText=non-empty, hintLocales=[]}}, false)
04-01 18:19:25.147   796  1364 D BackgroundInstallControlService: Package event received: 0
04-01 18:19:25.173 20433 20443 W example.spotify: userfaultfd: MOVE ioctl seems unsupported: Connection timed out
04-01 18:19:25.201  8545  8545 I HardKeyTracker: HardKeyTracker.unregisterKeySequence():221 Unregister key sequence nef{labelResId=0, callback=gdc@8ae4de1, lastModifier=0, keyCodes=[57, 57], actions=[1, 0]}
04-01 18:19:25.201  8545  8545 I HardKeyTracker: HardKeyTracker.unregisterKeySequence():221 Unregister key sequence nef{labelResId=0, callback=gdc@24f73f4, lastModifier=0, keyCodes=[58, 58], actions=[1, 0]}
04-01 18:19:25.202  8545  8545 I Module  : DeviceLockedStatusModuleProvider$Module.updateDeviceLockedStatus():100 repeatCheckTimes = 1, locked = false
04-01 18:19:25.204 20433 20443 I example.spotify: Background concurrent mark compact GC freed 5305KB AllocSpace bytes, 19(680KB) LOS objects, 49% free, 4855KB/9710KB, paused 12.398ms,11.460ms total 148.334ms
04-01 18:19:25.215   796  2914 W PackageConfigPersister: App-specific configuration not found for packageName: com.example.spotify and userId: 0
04-01 18:19:25.222  8545  8545 I StylusModule: StylusModule.onUpdateToolType():805 Update tool type = 2
04-01 18:19:25.276  8545  8545 I GoogleInputMethodService: GoogleInputMethodService.onStartInputView():1411 onStartInputView(EditorInfo{EditorInfo{packageName=com.example.spotify, inputType=3, inputTypeString=Phone, enableLearning=false, autoCorrection=false, autoComplete=false, imeOptions=6, privateImeOptions=null, actionName=DONE, actionLabel=null, initialSelStart=0, initialSelEnd=0, initialCapsMode=0, label=null, fieldId=2131362142, fieldName=null, extras=Bundle[{android.support.text.emoji.emojiCompat_metadataVersion=11, androidx.core.view.inputmethod.EditorInfoCompat.STYLUS_HANDWRITING_ENABLED=true, android.support.text.emoji.emojiCompat_replaceAll=false}], hintText=non-empty, hintLocales=[]}}, false)
04-01 18:19:25.291  8545  8545 I KeyboardHeightUtil: KeyboardHeightUtil.getOemKeyboardHeightRatio():108 systemKeyboardHeightRatio:1.000000.
04-01 18:19:25.318  8545  8545 I AndroidIME: InputBundleManager.loadActiveInputBundleId():528 loadActiveInputBundleId: und-Latn-x-phone-number, phone_number
04-01 18:19:25.320  8545  8545 I KeyboardWrapper: KeyboardWrapper.activateKeyboard():581 activateKeyboard(): type=accessory, status=INACTIVE, imeDef=mir{stringId=phone_number, language=und-Latn-x-phone-number, languageTag=und-Latn-x-phone-number, processedConditions={}, className=com.google.android.libraries.inputmethod.ime.DummyIme, label=2132019306, keyEventInterpreter=null, inlineComposing=true, autoCapital=false, announceAutoSelectedCandidate=false, statusIcon=0, indicatorIcon=0, indicatorLabel=null, displayAppCompletions=false, extraValues=mik{}, processors=mkj@ef12aa1, unacceptableMetaKeys=4098, languageSpecificSettings=0, asciiCapable=false, alwaysShowSuggestions=false, useAsciiPasswordKeyboard=false, keyboardGroupDef=mjs@654cfdd, phenotypeFlagId=0, localizationLanguageTag=null, supportsInlineSuggestion=false}
04-01 18:19:25.339  8545  8545 I KeyboardManager: KeyboardManager.requestKeyboard():248 Creating keyboard accessory, imeId=phone_number, cacheKey=theme,!gsf,!pgsans,!pgsf,!use_system_font,BORDER,FLAVOR_DPI=XXHDPI,GOOGLE_ICONS,IS_LIGHT,KEYBOARD_WIDTH_CATEGORY=NORMAL,KEY_BORDER_SHAPE=1,LIGHT_THEME=true,PHYSICAL_DIAGONAL=6.1297245,POPUP,SCREEN_SHORTEST_WIDTH=411,SCREEN_SHORTEST_WIDTH_NO_SCALE=411,SW400DP,XXHDPI,bottom4dp,enable_emoji_kitchen_browse_color_v2=true,enable_google_fonts_icons=true,enable_popup_on_keypress=true,keyboard_redesign_google_sans=true,non_linear_scale,noshadow,overlay_builtin_dynamic_color_light_base.binarypb:gm3-light-fffaf8fe-ff4c5e8b-4fb1adea13304a190d4abf12326cf60c,roundedchip,silkpopup
04-01 18:19:25.341  8087  8087 D BoundBrokerSvc: onBind: Intent { act=com.google.android.mdd.service.START dat=chimera-action:/... xflg=0x4 cmp=com.google.android.gms/.chimera.GmsBoundBrokerService }
04-01 18:19:25.342  8087  8087 D BoundBrokerSvc: Loading bound service for intent: Intent { act=com.google.android.mdd.service.START dat=chimera-action:/... xflg=0x4 cmp=com.google.android.gms/.chimera.GmsBoundBrokerService }
04-01 18:19:25.350  8545  8545 I KeyboardWrapper: KeyboardWrapper.onKeyboardReady():224 onKeyboardReady(): type=accessory(accessory), kb=com.google.android.libraries.inputmethod.keyboard.impl.Keyboard@2033de9
04-01 18:19:25.353  8545  8545 I KeyboardWrapper: KeyboardWrapper.doActivateKeyboard():611 doActivateKeyboard(): accessory
04-01 18:19:25.356  8545  8545 W Keyboard: Keyboard.getKeyboardViewHelper():600 null helper is returned: keyboardDef=mjl{processedConditions={}, globalConditions={}, className=com.google.android.libraries.inputmethod.keyboard.impl.Keyboard, resourceIds=[#0x7f17004d], initialStates=0, keyboardViewDefs=[], persistentStates=0, persistentStatesPrefKey=null, popupBubbleLayoutId=0, recentKeyLayoutId=0, recentKeyPopupLayoutId=0, recentKeyType=null, rememberRecentKey=NONE, sessionStates=0}, type=HEADER, helpersCreated=[null, null, null, null], context.getResources().getConfiguration(): {1.0 310mcc260mnc [en_US] ldltr sw411dp w411dp h914dp 420dpi nrml long compactNeeded port finger qwerty/v/v dpad/v winConfig={ mBounds=Rect(0, 0 - 1080, 2400) mAppBounds=Rect(0, 0 - 1080, 2400) mMaxBounds=Rect(0, 0 - 1080, 2400) mDisplayRotation=ROTATION_0 mWindowingMode=fullscreen mActivityType=undefined mAlwaysOnTop=undefined mRotation=ROTATION_0} as.2 s.21 fontWeightAdjustment=0}
04-01 18:19:25.390  8545  8545 W Keyboard: Keyboard.getKeyboardViewHelper():600 null helper is returned: keyboardDef=mjl{processedConditions={}, globalConditions={}, className=com.google.android.libraries.inputmethod.keyboard.impl.Keyboard, resourceIds=[#0x7f17004d], initialStates=0, keyboardViewDefs=[], persistentStates=0, persistentStatesPrefKey=null, popupBubbleLayoutId=0, recentKeyLayoutId=0, recentKeyPopupLayoutId=0, recentKeyType=null, rememberRecentKey=NONE, sessionStates=0}, type=BODY, helpersCreated=[null, null, null, null], context.getResources().getConfiguration(): {1.0 310mcc260mnc [en_US] ldltr sw411dp w411dp h914dp 420dpi nrml long compactNeeded port finger qwerty/v/v dpad/v winConfig={ mBounds=Rect(0, 0 - 1080, 2400) mAppBounds=Rect(0, 0 - 1080, 2400) mMaxBounds=Rect(0, 0 - 1080, 2400) mDisplayRotation=ROTATION_0 mWindowingMode=fullscreen mActivityType=undefined mAlwaysOnTop=undefined mRotation=ROTATION_0} as.2 s.21 fontWeightAdjustment=0}
04-01 18:19:25.392  8545  8545 I GlobeKeyExtension: GlobeKeyExtension.getKeyboardInitialStates():175 
04-01 18:19:25.408  8545  8545 W Keyboard: Keyboard.getKeyboardViewHelper():600 null helper is returned: keyboardDef=mjl{processedConditions={}, globalConditions={}, className=com.google.android.libraries.inputmethod.keyboard.impl.Keyboard, resourceIds=[#0x7f17004d], initialStates=0, keyboardViewDefs=[], persistentStates=0, persistentStatesPrefKey=null, popupBubbleLayoutId=0, recentKeyLayoutId=0, recentKeyPopupLayoutId=0, recentKeyType=null, rememberRecentKey=NONE, sessionStates=0}, type=HEADER, helpersCreated=[null, null, null, null], context.getResources().getConfiguration(): {1.0 310mcc260mnc [en_US] ldltr sw411dp w411dp h914dp 420dpi nrml long compactNeeded port finger qwerty/v/v dpad/v winConfig={ mBounds=Rect(0, 0 - 1080, 2400) mAppBounds=Rect(0, 0 - 1080, 2400) mMaxBounds=Rect(0, 0 - 1080, 2400) mDisplayRotation=ROTATION_0 mWindowingMode=fullscreen mActivityType=undefined mAlwaysOnTop=undefined mRotation=ROTATION_0} as.2 s.21 fontWeightAdjustment=0}
04-01 18:19:25.409  8545  8545 W Keyboard: Keyboard.getKeyboardViewHelper():600 null helper is returned: keyboardDef=mjl{processedConditions={}, globalConditions={}, className=com.google.android.libraries.inputmethod.keyboard.impl.Keyboard, resourceIds=[#0x7f17004d], initialStates=0, keyboardViewDefs=[], persistentStates=0, persistentStatesPrefKey=null, popupBubbleLayoutId=0, recentKeyLayoutId=0, recentKeyPopupLayoutId=0, recentKeyType=null, rememberRecentKey=NONE, sessionStates=0}, type=BODY, helpersCreated=[null, null, null, null], context.getResources().getConfiguration(): {1.0 310mcc260mnc [en_US] ldltr sw411dp w411dp h914dp 420dpi nrml long compactNeeded port finger qwerty/v/v dpad/v winConfig={ mBounds=Rect(0, 0 - 1080, 2400) mAppBounds=Rect(0, 0 - 1080, 2400) mMaxBounds=Rect(0, 0 - 1080, 2400) mDisplayRotation=ROTATION_0 mWindowingMode=fullscreen mActivityType=undefined mAlwaysOnTop=undefined mRotation=ROTATION_0} as.2 s.21 fontWeightAdjustment=0}
04-01 18:19:25.410  8545  8545 W Keyboard: Keyboard.getKeyboardViewHelper():600 null helper is returned: keyboardDef=mjl{processedConditions={}, globalConditions={}, className=com.google.android.libraries.inputmethod.keyboard.impl.Keyboard, resourceIds=[#0x7f17004d], initialStates=0, keyboardViewDefs=[], persistentStates=0, persistentStatesPrefKey=null, popupBubbleLayoutId=0, recentKeyLayoutId=0, recentKeyPopupLayoutId=0, recentKeyType=null, rememberRecentKey=NONE, sessionStates=0}, type=FLOATING_CANDIDATES, helpersCreated=[null, null, null, null], context.getResources().getConfiguration(): {1.0 310mcc260mnc [en_US] ldltr sw411dp w411dp h914dp 420dpi nrml long compactNeeded port finger qwerty/v/v dpad/v winConfig={ mBounds=Rect(0, 0 - 1080, 2400) mAppBounds=Rect(0, 0 - 1080, 2400) mMaxBounds=Rect(0, 0 - 1080, 2400) mDisplayRotation=ROTATION_0 mWindowingMode=fullscreen mActivityType=undefined mAlwaysOnTop=undefined mRotation=ROTATION_0} as.2 s.21 fontWeightAdjustment=0}
04-01 18:19:25.414  8545  8545 W Keyboard: Keyboard.getKeyboardViewHelper():600 null helper is returned: keyboardDef=mjl{processedConditions={}, globalConditions={}, className=com.google.android.libraries.inputmethod.keyboard.impl.Keyboard, resourceIds=[#0x7f17004d], initialStates=0, keyboardViewDefs=[], persistentStates=0, persistentStatesPrefKey=null, popupBubbleLayoutId=0, recentKeyLayoutId=0, recentKeyPopupLayoutId=0, recentKeyType=null, rememberRecentKey=NONE, sessionStates=0}, type=WIDGET, helpersCreated=[null, null, null, null], context.getResources().getConfiguration(): {1.0 310mcc260mnc [en_US] ldltr sw411dp w411dp h914dp 420dpi nrml long compactNeeded port finger qwerty/v/v dpad/v winConfig={ mBounds=Rect(0, 0 - 1080, 2400) mAppBounds=Rect(0, 0 - 1080, 2400) mMaxBounds=Rect(0, 0 - 1080, 2400) mDisplayRotation=ROTATION_0 mWindowingMode=fullscreen mActivityType=undefined mAlwaysOnTop=undefined mRotation=ROTATION_0} as.2 s.21 fontWeightAdjustment=0}
04-01 18:19:25.417  8545  8545 I KeyboardManager: KeyboardManager.requestKeyboard():248 Creating keyboard accessory_candidates_consumer, imeId=phone_number, cacheKey=theme,!gsf,!pgsans,!pgsf,!use_system_font,BORDER,FLAVOR_DPI=XXHDPI,GOOGLE_ICONS,IS_LIGHT,KEYBOARD_WIDTH_CATEGORY=NORMAL,KEY_BORDER_SHAPE=1,LIGHT_THEME=true,PHYSICAL_DIAGONAL=6.1297245,POPUP,SCREEN_SHORTEST_WIDTH=411,SCREEN_SHORTEST_WIDTH_NO_SCALE=411,SW400DP,XXHDPI,bottom4dp,enable_emoji_kitchen_browse_color_v2=true,enable_google_fonts_icons=true,enable_popup_on_keypress=true,keyboard_redesign_google_sans=true,non_linear_scale,noshadow,overlay_builtin_dynamic_color_light_base.binarypb:gm3-light-fffaf8fe-ff4c5e8b-4fb1adea13304a190d4abf12326cf60c,roundedchip,silkpopup
04-01 18:19:25.434  8545  8545 I GlobeKeyExtension: GlobeKeyExtension.getKeyboardInitialStates():175 
04-01 18:19:25.438  8545  8545 W Keyboard: Keyboard.getKeyboardViewHelper():600 null helper is returned: keyboardDef=mjl{processedConditions={}, globalConditions={global_theme_key=theme,!gsf,!pgsans,!pgsf,!use_system_font,BORDER,FLAVOR_DPI=XXHDPI,GOOGLE_ICONS,IS_LIGHT,KEYBOARD_WIDTH_CATEGORY=NORMAL,KEY_BORDER_SHAPE=1,LIGHT_THEME=true,PHYSICAL_DIAGONAL=6.1297245,POPUP,SCREEN_SHORTEST_WIDTH=411,SCREEN_SHORTEST_WIDTH_NO_SCALE=411,SW400DP,XXHDPI,bottom4dp,enable_emoji_kitchen_browse_color_v2=true,enable_google_fonts_icons=true,enable_popup_on_keypress=true,keyboard_redesign_google_sans=true,non_linear_scale,noshadow,overlay_builtin_dynamic_color_light_base.binarypb:gm3-light-fffaf8fe-ff4c5e8b-4fb1adea13304a190d4abf12326cf60c,roundedchip,silkpopup, global_locale=en_US, global_density_dpi=420, global_orientation=1}, className=.latin.keyboard.AccessoryKeyboard, resourceIds=[#0x7f17004c], initialStates=0, keyboardViewDefs=[mka{direction=null, id=#0x7f0b0224, isScalable=false, layoutId=#0x7f0e0032, type=FLOATING_CANDIDATES, touchable=true, defaultShow=false}], persistentStates=0, persistentStatesPrefKey=null, popupBubbleLayoutId=#0x7f0e05f0, recentKeyLayoutId=0, recentKeyPopupLayoutId=0, recentKeyType=null, rememberRecentKey=NONE, sessionStates=0}, type=HEADER, helpersCreated=[null, null, lvx@1d957a, null], context.getResources().getConfiguration(): {1.0 310mcc260mnc [en_US] ldltr sw411dp w411dp h914dp 420dpi nrml long compactNeeded port finger qwerty/v/v dpad/v winConfig={ mBounds=Rect(0, 0 - 1080, 2400) mAppBounds=Rect(0, 0 - 1080, 2400) mMaxBounds=Rect(0, 0 - 1080, 2400) mDisplayRotation=ROTATION_0 mWindowingMode=fullscreen mActivityType=undefined mAlwaysOnTop=undefined mRotation=ROTATION_0} as.2 s.21 fontWeightAdjustment=0}
04-01 18:19:25.438  8545  8545 W Keyboard: Keyboard.getKeyboardViewHelper():600 null helper is returned: keyboardDef=mjl{processedConditions={}, globalConditions={global_theme_key=theme,!gsf,!pgsans,!pgsf,!use_system_font,BORDER,FLAVOR_DPI=XXHDPI,GOOGLE_ICONS,IS_LIGHT,KEYBOARD_WIDTH_CATEGORY=NORMAL,KEY_BORDER_SHAPE=1,LIGHT_THEME=true,PHYSICAL_DIAGONAL=6.1297245,POPUP,SCREEN_SHORTEST_WIDTH=411,SCREEN_SHORTEST_WIDTH_NO_SCALE=411,SW400DP,XXHDPI,bottom4dp,enable_emoji_kitchen_browse_color_v2=true,enable_google_fonts_icons=true,enable_popup_on_keypress=true,keyboard_redesign_google_sans=true,non_linear_scale,noshadow,overlay_builtin_dynamic_color_light_base.binarypb:gm3-light-fffaf8fe-ff4c5e8b-4fb1adea13304a190d4abf12326cf60c,roundedchip,silkpopup, global_locale=en_US, global_density_dpi=420, global_orientation=1}, className=.latin.keyboard.AccessoryKeyboard, resourceIds=[#0x7f17004c], initialStates=0, keyboardViewDefs=[mka{direction=null, id=#0x7f0b0224, isScalable=false, layoutId=#0x7f0e0032, type=FLOATING_CANDIDATES, touchable=true, defaultShow=false}], persistentStates=0, persistentStatesPrefKey=null, popupBubbleLayoutId=#0x7f0e05f0, recentKeyLayoutId=0, recentKeyPopupLayoutId=0, recentKeyType=null, rememberRecentKey=NONE, sessionStates=0}, type=BODY, helpersCreated=[null, null, lvx@1d957a, null], context.getResources().getConfiguration(): {1.0 310mcc260mnc [en_US] ldltr sw411dp w411dp h914dp 420dpi nrml long compactNeeded port finger qwerty/v/v dpad/v winConfig={ mBounds=Rect(0, 0 - 1080, 2400) mAppBounds=Rect(0, 0 - 1080, 2400) mMaxBounds=Rect(0, 0 - 1080, 2400) mDisplayRotation=ROTATION_0 mWindowingMode=fullscreen mActivityType=undefined mAlwaysOnTop=undefined mRotation=ROTATION_0} as.2 s.21 fontWeightAdjustment=0}
04-01 18:19:25.464  8545  8545 I AndroidIME: InputBundleManager.startInput():358 startInput() with mjw[keyboardType=accessory, payload=null]
04-01 18:19:25.467  8545  8545 I GlobeKeyExtension: GlobeKeyExtension.onActivate():120 
04-01 18:19:25.474  8545  8545 I AutoPasteSuggestionHelper: AutoPasteSuggestionHelper.createProactiveSuggestions():515 Failed to create item chips.
04-01 18:19:25.491  8545  8545 I NewLanguagePromptExtension: NewLanguagePromptExtension.onActivate():189 Not activated NewLanguagePromptExtension: not a normal text input box.
04-01 18:19:25.510  8545  8545 I VoiceInputManagerWrapper: VoiceInputManagerWrapper.cancelShutdown():109 cancelShutdown()
04-01 18:19:25.516  8545  8545 I VoiceInputManagerWrapper: VoiceInputManagerWrapper.syncLanguagePacks():121 syncLanguagePacks()
04-01 18:19:25.520   796   796 W FillRequestEventLogger: Shouldn't be logging AutofillFillRequestReported again for same event
04-01 18:19:25.520   796   796 W FillResponseEventLogger: Shouldn't be logging AutofillFillRequestReported again for same event
04-01 18:19:25.521   796   796 W PresentationStatsEventLogger: Empty dataset. Autofill ignoring log
04-01 18:19:25.527  8545  8545 I VoiceInputManager: VoiceInputManager.onKeyboardActivated():1148 onKeyboardActivated() [UD]
04-01 18:19:25.541   796   796 D AutofillSession: clearPendingIntentLocked
04-01 18:19:25.544  4844  4844 V InlineSuggestionRenderService: handleDestroySuggestionViews called for 0:2039115406
04-01 18:19:25.554  8545 18518 I SpeechFactory: SpeechRecognitionFactory.maybeScheduleAutoPackDownloadForFallback():217 maybeScheduleAutoPackDownloadForFallback()
04-01 18:19:25.554  8545 18518 I FallbackOnDeviceRecognitionProvider: FallbackOnDeviceRecognitionProvider.maybeScheduleAutoPackDownload():199 maybeScheduleAutoPackDownload() for language tag en-US
04-01 18:19:25.555   796  1364 D BackgroundInstallControlService: Package event received: 0
04-01 18:19:25.565  8545  8545 I PkModeUpdater: PkModeUpdater.onActivate():74 onActivate true true
04-01 18:19:25.567  8545  8545 I AccessoryInputModeManager: AccessoryInputModeManager.onModeStarted():319 Accessory input mode started: STYLUS
04-01 18:19:25.572  8545  8545 W ExtensionWrapper: ExtensionWrapper.setAllowUpdateNavigationBarStyle():818 class jpp is not activate
04-01 18:19:25.572  8545  8545 I WidgetViewShowingController: WidgetViewShowingController.showWidgetKeyboardInternal():527 Show companion widget
04-01 18:19:25.623  8545  8545 W ExtensionWrapper: ExtensionWrapper.setAllowUpdateNavigationBarStyle():818 class jpp is not activate
04-01 18:19:25.623  8545  8545 I WidgetViewShowingPositionHandler: WidgetViewShowingPositionHandler.updateAvailableArea():194 update available area Rect(21, 84 - 1059, 2333)
04-01 18:19:25.672  8545  8545 I HardKeyTracker: HardKeyTracker.unregisterKeySequence():221 Unregister key sequence nef{labelResId=2132020469, callback=cgm@cf81a6d, lastModifier=2, keyCodes=[32], actions=[0]}
04-01 18:19:25.672  8545  8545 I HardKeyTracker: HardKeyTracker.unregisterKeySequence():221 Unregister key sequence nef{labelResId=2132020469, callback=cgm@d0fe2f0, lastModifier=0, keyCodes=[319], actions=[0]}
04-01 18:19:25.683  8545  8545 W NotificationCenter: NotificationCenter$NotificationQueue.notifyPendingNotificationsOnExecutor():877 Heavy notify work detected on UI thread: [jri->jpm] takes 116ms
04-01 18:19:25.686  8545  8545 I HardKeyTracker: HardKeyTracker.registerKeySequence():170 Register key sequence nef{labelResId=2132020472, callback=gdc@9200f19, lastModifier=2, keyCodes=[62], actions=[0]}
04-01 18:19:25.689  8545  8545 I KeyboardHeightUtil: KeyboardHeightUtil.calculateMaxKeyboardBodyHeight():50 leave 281 height for app when ime window height:2274, header height:116 and isFullscreenMode:false, so the max keyboard body height is:1877
04-01 18:19:25.695  8545  8545 I KeyboardHeightUtil: KeyboardHeightUtil.calculateMaxKeyboardBodyHeight():50 leave 281 height for app when ime window height:2274, header height:116 and isFullscreenMode:false, so the max keyboard body height is:1877
04-01 18:19:25.697  8545  8545 W ExtensionWrapper: ExtensionWrapper.setExtensionViewVisibility():809 interface lzc is not activate
04-01 18:19:25.708  8545  8545 I Module  : DeviceLockedStatusModuleProvider$Module.updateDeviceLockedStatus():100 repeatCheckTimes = 1, locked = false
04-01 18:19:25.712  8545  8545 I HardKeyTracker: HardKeyTracker.unregisterKeySequence():221 Unregister key sequence nef{labelResId=2132020468, callback=cgm@2aed18d, lastModifier=2, keyCodes=[48], actions=[0]}
04-01 18:19:25.717  8545  8545 I HardKeyTracker: HardKeyTracker.registerKeySequence():170 Register key sequence nef{labelResId=2132020468, callback=cgm@45fc978, lastModifier=2, keyCodes=[48], actions=[0]}
04-01 18:19:25.717  8545  8545 I HardKeyTracker: HardKeyTracker.unregisterKeySequence():221 Unregister key sequence nef{labelResId=2132020468, callback=cgm@4ef2d8e, lastModifier=2, keyCodes=[48], actions=[0]}
04-01 18:19:25.718  8545  8545 I HardKeyTracker: HardKeyTracker.registerKeySequence():170 Register key sequence nef{labelResId=2132020468, callback=cgm@59f588d, lastModifier=2, keyCodes=[48], actions=[0]}
04-01 18:19:25.721  8545  8545 I HardKeyTracker: HardKeyTracker.unregisterKeySequence():221 Unregister key sequence nef{labelResId=2132020469, callback=cgm@b8450c1, lastModifier=2, keyCodes=[32], actions=[0]}
04-01 18:19:25.721  8545  8545 I HardKeyTracker: HardKeyTracker.unregisterKeySequence():221 Unregister key sequence nef{labelResId=2132020469, callback=cgm@51bfc54, lastModifier=0, keyCodes=[319], actions=[0]}
04-01 18:19:25.722  8545  8545 I HardKeyTracker: HardKeyTracker.registerKeySequence():170 Register key sequence nef{labelResId=2132020469, callback=cgm@8b0d4bc, lastModifier=2, keyCodes=[32], actions=[0]}
04-01 18:19:25.722  8545  8545 I HardKeyTracker: HardKeyTracker.registerKeySequence():170 Register key sequence nef{labelResId=2132020469, callback=cgm@810a0cb, lastModifier=0, keyCodes=[319], actions=[0]}
04-01 18:19:25.723  8545  8545 I HardKeyTracker: HardKeyTracker.unregisterKeySequence():221 Unregister key sequence nef{labelResId=2132020469, callback=cgm@46c8c9f, lastModifier=2, keyCodes=[32], actions=[0]}
04-01 18:19:25.723  8545  8545 I HardKeyTracker: HardKeyTracker.unregisterKeySequence():221 Unregister key sequence nef{labelResId=2132020469, callback=cgm@8ab584a, lastModifier=0, keyCodes=[319], actions=[0]}
04-01 18:19:25.724  8545  8545 I HardKeyTracker: HardKeyTracker.registerKeySequence():170 Register key sequence nef{labelResId=2132020469, callback=cgm@e2957f2, lastModifier=2, keyCodes=[32], actions=[0]}
04-01 18:19:25.724  8545  8545 I HardKeyTracker: HardKeyTracker.registerKeySequence():170 Register key sequence nef{labelResId=2132020469, callback=cgm@7ff0df9, lastModifier=0, keyCodes=[319], actions=[0]}
04-01 18:19:25.728  8545  8545 D ImeBackCallbackSender: Register OnBackInvokedCallback with priority=-1 at app window (packageName=com.example.spotify)
04-01 18:19:25.732 20433 20433 D WindowOnBackDispatcher: setTopOnBackInvokedCallback (unwrapped): android.view.ImeBackAnimationController@4d31700
04-01 18:19:25.734   796  3146 D CoreBackPreview: Window{b6743cb u0 com.example.spotify/com.example.spotify.LoginActivity}: Setting back callback OnBackInvokedCallbackInfo{mCallback=android.window.IOnBackInvokedCallback$Stub$Proxy@5e69332, mPriority=0, mIsAnimationCallback=true, mOverrideBehavior=0}
04-01 18:19:25.741  8087  8087 D BoundBrokerSvc: onBind: Intent { act=com.google.firebase.dynamiclinks.service.START xflg=0x4 pkg=com.google.android.gms }
04-01 18:19:25.741  8087  8087 D BoundBrokerSvc: Loading bound service for intent: Intent { act=com.google.firebase.dynamiclinks.service.START xflg=0x4 pkg=com.google.android.gms }
04-01 18:19:25.892   796  1274 I HalDevMgr: bestIfaceCreationProposal is null, requestIface=STA, existingIface=[name=wlan0 type=STA]
04-01 18:19:25.960  8545  8545 I GoogleInputMethodService: GoogleInputMethodService$1.onKeyboardViewShown():324 onKeyboardViewShown: keyboardType=accessory, keyboardViewType=HEADER keyboardView=null
04-01 18:19:25.962  8545  8545 W Keyboard: Keyboard.getKeyboardViewHelper():600 null helper is returned: keyboardDef=mjl{processedConditions={}, globalConditions={}, className=com.google.android.libraries.inputmethod.keyboard.impl.Keyboard, resourceIds=[#0x7f17004d], initialStates=0, keyboardViewDefs=[], persistentStates=0, persistentStatesPrefKey=null, popupBubbleLayoutId=0, recentKeyLayoutId=0, recentKeyPopupLayoutId=0, recentKeyType=null, rememberRecentKey=NONE, sessionStates=0}, type=BODY, helpersCreated=[null, null, null, null], context.getResources().getConfiguration(): {1.0 310mcc260mnc [en_US] ldltr sw411dp w411dp h914dp 420dpi nrml long compactNeeded port finger qwerty/v/v dpad/v winConfig={ mBounds=Rect(0, 0 - 1080, 2400) mAppBounds=Rect(0, 0 - 1080, 2400) mMaxBounds=Rect(0, 0 - 1080, 2400) mDisplayRotation=ROTATION_0 mWindowingMode=fullscreen mActivityType=undefined mAlwaysOnTop=undefined mRotation=ROTATION_0} as.2 s.21 fontWeightAdjustment=0}
04-01 18:19:25.963  8545  8545 I GoogleInputMethodService: GoogleInputMethodService$1.onKeyboardViewShown():324 onKeyboardViewShown: keyboardType=accessory, keyboardViewType=BODY keyboardView=null
04-01 18:19:25.964  8545  8545 W Keyboard: Keyboard.getKeyboardViewHelper():600 null helper is returned: keyboardDef=mjl{processedConditions={}, globalConditions={}, className=com.google.android.libraries.inputmethod.keyboard.impl.Keyboard, resourceIds=[#0x7f17004d], initialStates=0, keyboardViewDefs=[], persistentStates=0, persistentStatesPrefKey=null, popupBubbleLayoutId=0, recentKeyLayoutId=0, recentKeyPopupLayoutId=0, recentKeyType=null, rememberRecentKey=NONE, sessionStates=0}, type=BODY, helpersCreated=[null, null, null, null], context.getResources().getConfiguration(): {1.0 310mcc260mnc [en_US] ldltr sw411dp w411dp h914dp 420dpi nrml long compactNeeded port finger qwerty/v/v dpad/v winConfig={ mBounds=Rect(0, 0 - 1080, 2400) mAppBounds=Rect(0, 0 - 1080, 2400) mMaxBounds=Rect(0, 0 - 1080, 2400) mDisplayRotation=ROTATION_0 mWindowingMode=fullscreen mActivityType=undefined mAlwaysOnTop=undefined mRotation=ROTATION_0} as.2 s.21 fontWeightAdjustment=0}
04-01 18:19:25.989  1412  1511 D Bubbles : BubbleController.BubblesImeListener.onImeVisibilityChanged visible=truerunnable=null stackView=null
04-01 18:19:26.032 20433 20504 W InteractionJankMonitor: Initializing without READ_DEVICE_CONFIG permission. enabled=false, interval=1, missedFrameThreshold=3, frameTimeThreshold=64, package=com.example.spotify
04-01 18:19:26.237 20497 20497 W libbinder.BackendUnifiedServiceManager: Thread Pool max thread count is 0. Cannot cache binder as linkToDeath cannot be implemented. serviceName: SurfaceFlingerAIDL
04-01 18:19:26.238 20497 20497 W libbinder.BpBinder: Linking to death on android.gui.ISurfaceComposer but there are no threads (yet?) listening to incoming transactions. See ProcessState::startThreadPool and ProcessState::setThreadPoolMaxThreadCount. Generally you should setup the binder threadpool before other initialization steps.
04-01 18:19:26.239 20497 20497 W libbinder.ProcessState: Extra binder thread started, but 0 threads requested. Do not use *startThreadPool when zero threads are requested.
04-01 18:19:26.242 20433 20433 I ImeTracker: com.example.spotify:5db04995: onShown
04-01 18:19:26.347 18411 20487 W ManagedChannelImpl: [{0}] Failed to resolve name. status={1}
04-01 18:19:26.763   796   999 D ActivityManager: freezing 3078 com.google.android.permissioncontroller
04-01 18:19:26.765   796  1293 D InetDiagMessage: Destroyed 0 sockets, proto=IPPROTO_TCP, family=AF_INET, states=14
04-01 18:19:26.765   796  1293 D InetDiagMessage: Destroyed 0 sockets, proto=IPPROTO_TCP, family=AF_INET6, states=14
04-01 18:19:26.765   796  1293 D InetDiagMessage: Destroyed live tcp sockets for uids={10193} in 1ms
04-01 18:19:28.900   796  1274 I HalDevMgr: bestIfaceCreationProposal is null, requestIface=STA, existingIface=[name=wlan0 type=STA]
04-01 18:19:29.351  8087  8087 D BoundBrokerSvc: onUnbind: Intent { act=com.google.android.gms.measurement.START xflg=0x4 pkg=com.google.android.gms }
04-01 18:19:29.413 18411 20487 W ManagedChannelImpl: [{0}] Failed to resolve name. status={1}
04-01 18:19:30.005  1611  1721 D SatelliteController: iisInCarrierRoamingNbIotNtn: satellite is disabled
04-01 18:19:30.006  1611  1721 D SatelliteController: getCarrierRoamingNtnConnectType: Falling back to global carrier config connect type: 0
04-01 18:19:30.618  8067  8077 I libbinder.IPCThreadState: oneway function results for code 1 on binder at 0x7a52d26692a0 will be dropped but finished with status UNKNOWN_TRANSACTION and reply parcel size 80
04-01 18:19:31.908   796  1274 I HalDevMgr: bestIfaceCreationProposal is null, requestIface=STA, existingIface=[name=wlan0 type=STA]
04-01 18:19:32.523  8545  8545 I StylusModule: StylusModule.onUpdateToolType():805 Update tool type = 0
04-01 18:19:32.562  8545  8545 W TooltipLifecycleManager: TooltipLifecycleManager.dismissTooltips():153 Tooltip with id SUGGESTION_VIEW_EDU_MINI_DIALOG not found in tooltipManager.
04-01 18:19:32.565  8545  8545 I UndoStack: UndoStack.offer$mayClearStack():167 InputContext OTHER_TEXT_CHANGE with content updates to clear undo
04-01 18:19:32.569  8545  8545 I StylusModule: StylusModule.onUpdateToolType():805 Update tool type = 0
04-01 18:19:32.583  8545  8545 I StylusModule: StylusModule.onUpdateToolType():805 Update tool type = 0
04-01 18:19:32.597  8545  8545 W TooltipLifecycleManager: TooltipLifecycleManager.dismissTooltips():153 Tooltip with id SUGGESTION_VIEW_EDU_MINI_DIALOG not found in tooltipManager.
04-01 18:19:32.605  8545  8545 W TooltipLifecycleManager: TooltipLifecycleManager.dismissTooltips():153 Tooltip with id SUGGESTION_VIEW_EDU_MINI_DIALOG not found in tooltipManager.
04-01 18:19:32.606  8545  8545 I StylusModule: StylusModule.onUpdateToolType():805 Update tool type = 0
