04-01 18:19:32.606  8545  8545 I UndoStack: UndoStack.offer$mayClearStack():167 InputContext OTHER_TEXT_CHANGE with content updates to clear undo
04-01 18:19:32.629  8545  8545 W TooltipLifecycleManager: TooltipLifecycleManager.dismissTooltips():153 Tooltip with id SUGGESTION_VIEW_EDU_MINI_DIALOG not found in tooltipManager.
04-01 18:19:32.631  8545  8545 I UndoStack: UndoStack.offer$mayClearStack():167 InputContext OTHER_TEXT_CHANGE with content updates to clear undo
04-01 18:19:32.635  8545  8545 I StylusModule: StylusModule.onUpdateToolType():805 Update tool type = 0
04-01 18:19:32.651  8545  8545 W TooltipLifecycleManager: TooltipLifecycleManager.dismissTooltips():153 Tooltip with id SUGGESTION_VIEW_EDU_MINI_DIALOG not found in tooltipManager.
04-01 18:19:32.652  8545  8545 I StylusModule: StylusModule.onUpdateToolType():805 Update tool type = 0
04-01 18:19:32.653  8545  8545 I UndoStack: UndoStack.offer$mayClearStack():167 InputContext OTHER_TEXT_CHANGE with content updates to clear undo
04-01 18:19:32.665  8545  8545 W TooltipLifecycleManager: TooltipLifecycleManager.dismissTooltips():153 Tooltip with id SUGGESTION_VIEW_EDU_MINI_DIALOG not found in tooltipManager.
04-01 18:19:32.667  8545  8545 I UndoStack: UndoStack.offer$mayClearStack():167 InputContext OTHER_TEXT_CHANGE with content updates to clear undo
04-01 18:19:32.670  8545  8545 I StylusModule: StylusModule.onUpdateToolType():805 Update tool type = 0
04-01 18:19:32.697  8545  8545 W TooltipLifecycleManager: TooltipLifecycleManager.dismissTooltips():153 Tooltip with id SUGGESTION_VIEW_EDU_MINI_DIALOG not found in tooltipManager.
04-01 18:19:32.701  8545  8545 I UndoStack: UndoStack.offer$mayClearStack():167 InputContext OTHER_TEXT_CHANGE with content updates to clear undo
04-01 18:19:32.703  8545  8545 I StylusModule: StylusModule.onUpdateToolType():805 Update tool type = 0
04-01 18:19:32.728  8545  8545 W TooltipLifecycleManager: TooltipLifecycleManager.dismissTooltips():153 Tooltip with id SUGGESTION_VIEW_EDU_MINI_DIALOG not found in tooltipManager.
04-01 18:19:32.730  8545  8545 I UndoStack: UndoStack.offer$mayClearStack():167 InputContext OTHER_TEXT_CHANGE with content updates to clear undo
04-01 18:19:32.733  8545  8545 I StylusModule: StylusModule.onUpdateToolType():805 Update tool type = 0
04-01 18:19:32.746  8545  8545 W TooltipLifecycleManager: TooltipLifecycleManager.dismissTooltips():153 Tooltip with id SUGGESTION_VIEW_EDU_MINI_DIALOG not found in tooltipManager.
04-01 18:19:32.749  8545  8545 I UndoStack: UndoStack.offer$mayClearStack():167 InputContext OTHER_TEXT_CHANGE with content updates to clear undo
04-01 18:19:32.752  8545  8545 I StylusModule: StylusModule.onUpdateToolType():805 Update tool type = 0
04-01 18:19:32.760  8545  8545 W TooltipLifecycleManager: TooltipLifecycleManager.dismissTooltips():153 Tooltip with id SUGGESTION_VIEW_EDU_MINI_DIALOG not found in tooltipManager.
04-01 18:19:32.762  8545  8545 I UndoStack: UndoStack.offer$mayClearStack():167 InputContext OTHER_TEXT_CHANGE with content updates to clear undo
04-01 18:19:33.879 18411 20487 W ManagedChannelImpl: [{0}] Failed to resolve name. status={1}
04-01 18:19:34.553 20516 20516 W libbinder.BackendUnifiedServiceManager: Thread Pool max thread count is 0. Cannot cache binder as linkToDeath cannot be implemented. serviceName: package
04-01 18:19:34.689  2869  8105 I artd    : GetBestInfo: odex next to the dex file (/data/app/~~n2jiZ5JHHtBhtLQZZyFxwQ==/com.google.android.gms-3_wE7ySPL0L8XbrYRRwLfg==/oat/x86_64/base.odex) is kOatUpToDate with filter 'speed-profile' executable 'false'
04-01 18:19:34.694  2869  8105 I artd    : GetBestInfo: odex next to the dex file (/data/app/~~n2jiZ5JHHtBhtLQZZyFxwQ==/com.google.android.gms-3_wE7ySPL0L8XbrYRRwLfg==/oat/x86_64/split_AdsDynamite_installtime.odex) is kOatUpToDate with filter 'speed' executable 'false'
04-01 18:19:34.696  2869  8105 I artd    : GetBestInfo: odex next to the dex file (/data/app/~~n2jiZ5JHHtBhtLQZZyFxwQ==/com.google.android.gms-3_wE7ySPL0L8XbrYRRwLfg==/oat/x86_64/split_CronetDynamite_installtime.odex) is kOatUpToDate with filter 'speed' executable 'false'
04-01 18:19:34.699  2869  8105 I artd    : GetBestInfo: odex next to the dex file (/data/app/~~n2jiZ5JHHtBhtLQZZyFxwQ==/com.google.android.gms-3_wE7ySPL0L8XbrYRRwLfg==/oat/x86_64/split_DynamiteLoader_installtime.odex) is kOatUpToDate with filter 'speed' executable 'false'
04-01 18:19:34.701  2869  8105 I artd    : GetBestInfo: odex next to the dex file (/data/app/~~n2jiZ5JHHtBhtLQZZyFxwQ==/com.google.android.gms-3_wE7ySPL0L8XbrYRRwLfg==/oat/x86_64/split_DynamiteModulesA_installtime.odex) is kOatUpToDate with filter 'speed' executable 'false'
04-01 18:19:34.704  2869  8105 I artd    : GetBestInfo: odex next to the dex file (/data/app/~~n2jiZ5JHHtBhtLQZZyFxwQ==/com.google.android.gms-3_wE7ySPL0L8XbrYRRwLfg==/oat/x86_64/split_DynamiteModulesC_installtime.odex) is kOatUpToDate with filter 'speed' executable 'false'
04-01 18:19:34.706  2869  8105 I artd    : GetBestInfo: odex next to the dex file (/data/app/~~n2jiZ5JHHtBhtLQZZyFxwQ==/com.google.android.gms-3_wE7ySPL0L8XbrYRRwLfg==/oat/x86_64/split_GoogleCertificates_installtime.odex) is kOatUpToDate with filter 'speed' executable 'false'
04-01 18:19:34.708  2869  8105 I artd    : GetBestInfo: odex next to the dex file (/data/app/~~n2jiZ5JHHtBhtLQZZyFxwQ==/com.google.android.gms-3_wE7ySPL0L8XbrYRRwLfg==/oat/x86_64/split_MapsDynamite_installtime.odex) is kOatUpToDate with filter 'speed' executable 'false'
04-01 18:19:34.711  2869  8105 I artd    : GetBestInfo: odex next to the dex file (/data/app/~~n2jiZ5JHHtBhtLQZZyFxwQ==/com.google.android.gms-3_wE7ySPL0L8XbrYRRwLfg==/oat/x86_64/split_MeasurementDynamite_installtime.odex) is kOatUpToDate with filter 'speed' executable 'false'
04-01 18:19:34.714  2869  8105 I artd    : GetBestInfo: /data/user_de/0/com.google.android.gms/app_chimera/m/0000000d/dl-MlkitBarcodeUi.optional_253434100800.apk has no usable artifacts
04-01 18:19:34.715  2869  8105 I artd    : GetBestInfo: /data/user_de/0/com.google.android.gms/app_chimera/m/00000001/CronetDynamite.apk has no usable artifacts
04-01 18:19:34.716  2869  8105 I artd    : GetBestInfo: /data/user_de/0/com.google.android.gms/app_chimera/m/00000016/dl-MlkitOcrCommon.optional_261133100800.apk has no usable artifacts
04-01 18:19:34.717  2869  8105 I artd    : GetBestInfo: /data/user_de/0/com.google.android.gms/app_chimera/m/00000002/DynamiteLoader.apk has no usable artifacts
04-01 18:19:34.718  2869  8105 I artd    : GetBestInfo: /data/user_de/0/com.google.android.gms/app_chimera/m/00000005/GoogleCertificates.apk has no usable artifacts
04-01 18:19:34.720  2869  8105 I artd    : GetBestInfo: /data/user_de/0/com.google.android.gms/app_chimera/m/00000012/dl-Appsearch.optional_261133100800.apk has no usable artifacts
04-01 18:19:34.723  2869  8105 I artd    : GetBestInfo: /data/user_de/0/com.google.android.gms/app_chimera/m/00000009/dl-TfliteDynamiteDynamite.integ_252130102100800.apk has no usable artifacts
04-01 18:19:34.725  2869  8105 I artd    : GetBestInfo: /data/user_de/0/com.google.android.gms/app_chimera/m/00000011/dl-PlayCloudSearch.optional_261133100000.apk has no usable artifacts
04-01 18:19:34.727  2869  8105 I artd    : GetBestInfo: /data/user_de/0/com.google.android.gms/app_chimera/m/0000000a/dl-VisionOcr.optional_253434100000.apk has no usable artifacts
04-01 18:19:34.729  2869  8105 I artd    : GetBestInfo: /data/user_de/0/com.google.android.gms/app_chimera/m/00000014/dl-MlkitBarcodeUi.optional_261133100800.apk has no usable artifacts
04-01 18:19:34.732  2869  8105 I artd    : GetBestInfo: /data/user_de/0/com.google.android.gms/app_chimera/m/0000000c/dl-MlkitOcrCommon.optional_253434100800.apk has no usable artifacts
04-01 18:19:34.734  2869  8105 I artd    : GetBestInfo: /data/user_de/0/com.google.android.gms/app_chimera/m/00000010/dl-VisionOcr.optional_261133100000.apk has no usable artifacts
04-01 18:19:34.737  2869  8105 I artd    : GetBestInfo: /data/user_de/0/com.google.android.gms/app_chimera/m/0000000f/dl-PlayCloudSearch.optional_253434100000.apk has no usable artifacts
04-01 18:19:34.740  2869  8105 I artd    : GetBestInfo: /data/user_de/0/com.google.android.gms/app_chimera/m/0000000e/dl-Appsearch.optional_253434100800.apk has no usable artifacts
04-01 18:19:34.743  2869  8105 I artd    : GetBestInfo: vdex next to the dex file (/data/user/0/com.google.android.gms/app_dg_cache/492BB24C67899DCD3E45A896813896109D71DC84/oat/x86_64/the.vdex) is kOatUpToDate with filter 'verify' executable 'false'
04-01 18:19:34.745  2869  8105 I artd    : GetBestInfo: /data/user_de/0/com.google.android.gms/app_chimera/m/00000007/MeasurementDynamite.apk has no usable artifacts
04-01 18:19:34.919   796  1274 I HalDevMgr: bestIfaceCreationProposal is null, requestIface=STA, existingIface=[name=wlan0 type=STA]
04-01 18:19:37.948   796  1274 I HalDevMgr: bestIfaceCreationProposal is null, requestIface=STA, existingIface=[name=wlan0 type=STA]
04-01 18:19:40.006  1611  1721 D SatelliteController: iisInCarrierRoamingNbIotNtn: satellite is disabled
04-01 18:19:40.009  1611  1721 D SatelliteController: getCarrierRoamingNtnConnectType: Falling back to global carrier config connect type: 0
04-01 18:19:40.618  8087  8087 D BoundBrokerSvc: onUnbind: Intent { act=com.google.android.mdd.service.START dat=chimera-action:/... xflg=0x4 cmp=com.google.android.gms/.chimera.GmsBoundBrokerService }
04-01 18:19:40.816 18411 20487 W ManagedChannelImpl: [{0}] Failed to resolve name. status={1}
04-01 18:19:40.960   796  1274 I HalDevMgr: bestIfaceCreationProposal is null, requestIface=STA, existingIface=[name=wlan0 type=STA]
04-01 18:19:41.118  8087  8087 D BoundBrokerSvc: onUnbind: Intent { act=com.google.firebase.dynamiclinks.service.START xflg=0x4 pkg=com.google.android.gms }
04-01 18:19:44.111   796  1274 I HalDevMgr: bestIfaceCreationProposal is null, requestIface=STA, existingIface=[name=wlan0 type=STA]
04-01 18:19:44.524   796   999 D ActivityManager: freezing 8673 com.google.android.apps.wellbeing
04-01 18:19:44.529   796  1293 D InetDiagMessage: Destroyed 0 sockets, proto=IPPROTO_TCP, family=AF_INET, states=14
04-01 18:19:44.532   796  1293 D InetDiagMessage: Destroyed 0 sockets, proto=IPPROTO_TCP, family=AF_INET6, states=14
04-01 18:19:44.532   796  1293 D InetDiagMessage: Destroyed live tcp sockets for uids={10151} in 6ms
04-01 18:19:44.834 20520 20520 W libbinder.BackendUnifiedServiceManager: Thread Pool max thread count is 0. Cannot cache binder as linkToDeath cannot be implemented. serviceName: package
04-01 18:19:45.176  2869  8105 I artd    : GetBestInfo: odex next to the dex file (/data/app/~~n2jiZ5JHHtBhtLQZZyFxwQ==/com.google.android.gms-3_wE7ySPL0L8XbrYRRwLfg==/oat/x86_64/base.odex) is kOatUpToDate with filter 'speed-profile' executable 'false'
04-01 18:19:45.190  2869  8105 I artd    : GetBestInfo: odex next to the dex file (/data/app/~~n2jiZ5JHHtBhtLQZZyFxwQ==/com.google.android.gms-3_wE7ySPL0L8XbrYRRwLfg==/oat/x86_64/split_AdsDynamite_installtime.odex) is kOatUpToDate with filter 'speed' executable 'false'
04-01 18:19:45.199  2869  2885 I artd    : GetBestInfo: odex next to the dex file (/data/app/~~n2jiZ5JHHtBhtLQZZyFxwQ==/com.google.android.gms-3_wE7ySPL0L8XbrYRRwLfg==/oat/x86_64/split_CronetDynamite_installtime.odex) is kOatUpToDate with filter 'speed' executable 'false'
04-01 18:19:45.203  2869  2885 I artd    : GetBestInfo: odex next to the dex file (/data/app/~~n2jiZ5JHHtBhtLQZZyFxwQ==/com.google.android.gms-3_wE7ySPL0L8XbrYRRwLfg==/oat/x86_64/split_DynamiteLoader_installtime.odex) is kOatUpToDate with filter 'speed' executable 'false'
04-01 18:19:45.207  2869  2885 I artd    : GetBestInfo: odex next to the dex file (/data/app/~~n2jiZ5JHHtBhtLQZZyFxwQ==/com.google.android.gms-3_wE7ySPL0L8XbrYRRwLfg==/oat/x86_64/split_DynamiteModulesA_installtime.odex) is kOatUpToDate with filter 'speed' executable 'false'
04-01 18:19:45.262  2869  2885 I artd    : GetBestInfo: odex next to the dex file (/data/app/~~n2jiZ5JHHtBhtLQZZyFxwQ==/com.google.android.gms-3_wE7ySPL0L8XbrYRRwLfg==/oat/x86_64/split_DynamiteModulesC_installtime.odex) is kOatUpToDate with filter 'speed' executable 'false'
04-01 18:19:45.281  2869  2885 I artd    : GetBestInfo: odex next to the dex file (/data/app/~~n2jiZ5JHHtBhtLQZZyFxwQ==/com.google.android.gms-3_wE7ySPL0L8XbrYRRwLfg==/oat/x86_64/split_GoogleCertificates_installtime.odex) is kOatUpToDate with filter 'speed' executable 'false'
04-01 18:19:45.296  2869  2885 I artd    : GetBestInfo: odex next to the dex file (/data/app/~~n2jiZ5JHHtBhtLQZZyFxwQ==/com.google.android.gms-3_wE7ySPL0L8XbrYRRwLfg==/oat/x86_64/split_MapsDynamite_installtime.odex) is kOatUpToDate with filter 'speed' executable 'false'
04-01 18:19:45.303  2869  2885 I artd    : GetBestInfo: odex next to the dex file (/data/app/~~n2jiZ5JHHtBhtLQZZyFxwQ==/com.google.android.gms-3_wE7ySPL0L8XbrYRRwLfg==/oat/x86_64/split_MeasurementDynamite_installtime.odex) is kOatUpToDate with filter 'speed' executable 'false'
04-01 18:19:45.312   796   999 D ActivityManager: freezing 19596 com.android.keychain
04-01 18:19:45.314  2869  2885 I artd    : GetBestInfo: /data/user_de/0/com.google.android.gms/app_chimera/m/0000000d/dl-MlkitBarcodeUi.optional_253434100800.apk has no usable artifacts
04-01 18:19:45.320  2869  2885 I artd    : GetBestInfo: /data/user_de/0/com.google.android.gms/app_chimera/m/00000001/CronetDynamite.apk has no usable artifacts
04-01 18:19:45.324  2869  2885 I artd    : GetBestInfo: /data/user_de/0/com.google.android.gms/app_chimera/m/00000016/dl-MlkitOcrCommon.optional_261133100800.apk has no usable artifacts
04-01 18:19:45.324  2869  2885 I artd    : GetBestInfo: /data/user_de/0/com.google.android.gms/app_chimera/m/00000002/DynamiteLoader.apk has no usable artifacts
04-01 18:19:45.329  2869  2885 I artd    : GetBestInfo: /data/user_de/0/com.google.android.gms/app_chimera/m/00000005/GoogleCertificates.apk has no usable artifacts
04-01 18:19:45.333  2869  2885 I artd    : GetBestInfo: /data/user_de/0/com.google.android.gms/app_chimera/m/00000012/dl-Appsearch.optional_261133100800.apk has no usable artifacts
04-01 18:19:45.336  2869  2885 I artd    : GetBestInfo: /data/user_de/0/com.google.android.gms/app_chimera/m/00000009/dl-TfliteDynamiteDynamite.integ_252130102100800.apk has no usable artifacts
04-01 18:19:45.340  2869  2885 I artd    : GetBestInfo: /data/user_de/0/com.google.android.gms/app_chimera/m/00000011/dl-PlayCloudSearch.optional_261133100000.apk has no usable artifacts
04-01 18:19:45.348  2869  2885 I artd    : GetBestInfo: /data/user_de/0/com.google.android.gms/app_chimera/m/0000000a/dl-VisionOcr.optional_253434100000.apk has no usable artifacts
04-01 18:19:45.372  2869  2885 I artd    : GetBestInfo: /data/user_de/0/com.google.android.gms/app_chimera/m/00000014/dl-MlkitBarcodeUi.optional_261133100800.apk has no usable artifacts
04-01 18:19:45.378  2869  2885 I artd    : GetBestInfo: /data/user_de/0/com.google.android.gms/app_chimera/m/0000000c/dl-MlkitOcrCommon.optional_253434100800.apk has no usable artifacts
04-01 18:19:45.382  2869  2885 I artd    : GetBestInfo: /data/user_de/0/com.google.android.gms/app_chimera/m/00000010/dl-VisionOcr.optional_261133100000.apk has no usable artifacts
04-01 18:19:45.384  2869  2885 I artd    : GetBestInfo: /data/user_de/0/com.google.android.gms/app_chimera/m/0000000f/dl-PlayCloudSearch.optional_253434100000.apk has no usable artifacts
04-01 18:19:45.388  2869  2885 I artd    : GetBestInfo: /data/user_de/0/com.google.android.gms/app_chimera/m/0000000e/dl-Appsearch.optional_253434100800.apk has no usable artifacts
04-01 18:19:45.391  2869  2885 I artd    : GetBestInfo: vdex next to the dex file (/data/user/0/com.google.android.gms/app_dg_cache/492BB24C67899DCD3E45A896813896109D71DC84/oat/x86_64/the.vdex) is kOatUpToDate with filter 'verify' executable 'false'
04-01 18:19:45.393  2869  2885 I artd    : GetBestInfo: /data/user_de/0/com.google.android.gms/app_chimera/m/00000007/MeasurementDynamite.apk has no usable artifacts
04-01 18:19:47.144   796  1274 I HalDevMgr: bestIfaceCreationProposal is null, requestIface=STA, existingIface=[name=wlan0 type=STA]
04-01 18:19:47.863   796  1687 V WindowManager: DesktopModeLaunchParamsModifier: phase= 0 task=null activity=null display-area-from-source=DefaultTaskDisplayArea@150724537 display-id=0 task-display-area-windowing-mode=1 suggested-display-area=DefaultTaskDisplayArea@150724537 task null, skipping
04-01 18:19:47.863   796  1687 V WindowManager: TaskLaunchParamsModifier:phase=0 task=null activity=null display-area-from-source=DefaultTaskDisplayArea@150724537 display-id=0 task-display-area-windowing-mode=1 suggested-display-area=DefaultTaskDisplayArea@150724537
04-01 18:19:47.873   796  1687 V GrammaticalInflectionUtils: AttributionSource: android.content.AttributionSource@38de2dbd does not have READ_SYSTEM_GRAMMATICAL_GENDER permission.
04-01 18:19:47.879   796  2914 W AS.PlaybackActivityMon: No piid assigned for invalid/internal port id 16
04-01 18:19:47.886   796  1687 V WindowManager: DesktopModeLaunchParamsModifier: phase= 0 task=null activity=ActivityRecord{129732008 u0 com.example.spotify/.PhoneAuthActivity display-area-from-source=DefaultTaskDisplayArea@150724537 display-id=0 task-display-area-windowing-mode=1 suggested-display-area=DefaultTaskDisplayArea@150724537 task null, skipping
04-01 18:19:47.886   796  1687 V WindowManager: TaskLaunchParamsModifier:phase=0 task=null activity=ActivityRecord{129732008 u0 com.example.spotify/.PhoneAuthActivity t-1} display-area-from-source=DefaultTaskDisplayArea@150724537 display-id=0 task-display-area-windowing-mode=1 suggested-display-area=DefaultTaskDisplayArea@150724537
04-01 18:19:47.888   796  1687 V WindowManager: DesktopModeLaunchParamsModifier: phase= 3 task=Task{f17a8c4 #23 type=standard A=10220:com.example.spotify} activity=ActivityRecord{129732008 u0 com.example.spotify/.PhoneAuthActivity t-1} display-area-from-source=DefaultTaskDisplayArea@150724537 display-id=0 task-display-area-windowing-mode=1 suggested-display-area=DefaultTaskDisplayArea@150724537 not entering desktop mode, skipping
04-01 18:19:47.889   796  1687 V WindowManager: TaskLaunchParamsModifier:phase=3 task=Task{f17a8c4 #23 type=standard A=10220:com.example.spotify} activity=ActivityRecord{129732008 u0 com.example.spotify/.PhoneAuthActivity t-1} display-area-from-source=DefaultTaskDisplayArea@150724537 display-id=0 task-display-area-windowing-mode=1 suggested-display-area=DefaultTaskDisplayArea@150724537 inherit-from-source=fullscreen non-freeform-task-display-area display-area=DefaultTaskDisplayArea@150724537 skip-bounds-fullscreen
04-01 18:19:47.911   796  1687 V WindowManager: DesktopModeLaunchParamsModifier: phase= 3 task=Task{f17a8c4 #23 type=standard A=10220:com.example.spotify} activity=ActivityRecord{129732008 u0 com.example.spotify/.PhoneAuthActivity t-1} display-area-from-source=DefaultTaskDisplayArea@150724537 display-id=0 task-display-area-windowing-mode=1 suggested-display-area=DefaultTaskDisplayArea@150724537 not entering desktop mode, skipping
04-01 18:19:47.911   796  1687 V WindowManager: TaskLaunchParamsModifier:phase=3 task=Task{f17a8c4 #23 type=standard A=10220:com.example.spotify} activity=ActivityRecord{129732008 u0 com.example.spotify/.PhoneAuthActivity t-1} display-area-from-source=DefaultTaskDisplayArea@150724537 display-id=0 task-display-area-windowing-mode=1 suggested-display-area=DefaultTaskDisplayArea@150724537 inherit-from-source=fullscreen non-freeform-task-display-area display-area=DefaultTaskDisplayArea@150724537 skip-bounds-fullscreen
04-01 18:19:47.913   796  1687 V WindowManager: DesktopModeLaunchParamsModifier: phase= 3 task=Task{f17a8c4 #23 type=standard A=10220:com.example.spotify} activity=ActivityRecord{129732008 u0 com.example.spotify/.PhoneAuthActivity t-1} display-area-from-source=DefaultTaskDisplayArea@150724537 display-id=0 task-display-area-windowing-mode=1 suggested-display-area=DefaultTaskDisplayArea@150724537 not entering desktop mode, skipping
04-01 18:19:47.914   796  1687 V WindowManager: TaskLaunchParamsModifier:phase=3 task=Task{f17a8c4 #23 type=standard A=10220:com.example.spotify} activity=ActivityRecord{129732008 u0 com.example.spotify/.PhoneAuthActivity t-1} display-area-from-source=DefaultTaskDisplayArea@150724537 display-id=0 task-display-area-windowing-mode=1 suggested-display-area=DefaultTaskDisplayArea@150724537 inherit-from-source=fullscreen non-freeform-task-display-area display-area=DefaultTaskDisplayArea@150724537 skip-bounds-fullscreen
04-01 18:19:47.940   796  1687 I ActivityTaskManager: START u0 {xflg=0x4 cmp=com.example.spotify/.PhoneAuthActivity (has extras)} with LAUNCH_MULTIPLE from uid 10220 (com.example.spotify) (sr=205087687) (BAL_ALLOW_VISIBLE_WINDOW) result code=0
04-01 18:19:47.954   617   926 I libbinder.BpBinder: onLastStrongRef automatically unlinking death recipients for descriptor: '(not cached)'
04-01 18:19:47.956  1412  1511 V WindowManagerShell: Transition requested (#93): android.os.BinderProxy@bf9e669 TransitionRequestInfo { type = OPEN, triggerTask = TaskInfo{userId=0 taskId=23 effectiveUid=10220 displayId=0 isRunning=true baseIntent=Intent { flg=0x10000000 cmp=com.example.spotify/.SplashActivity } baseActivity=ComponentInfo{com.example.spotify/com.example.spotify.LoginActivity} topActivity=ComponentInfo{com.example.spotify/com.example.spotify.PhoneAuthActivity} origActivity=null realActivity=ComponentInfo{com.example.spotify/com.example.spotify.SplashActivity} numActivities=2 lastActiveTime=15286754 supportsMultiWindow=true resizeMode=1 isResizeable=true minWidth=-1 minHeight=-1 defaultMinSize=220 token=WCT{android.os.BinderProxy@2319a18} topActivityType=1 pictureInPictureParams=null shouldDockBigOverlays=false launchIntoPipHostTaskId=-1 lastParentTaskIdBeforePip=-1 displayCutoutSafeInsets=Rect(0, 0 - 0, 0) topActivityInfo=ActivityInfo{bd148ee com.example.spotify.PhoneAuthActivity} launchCookies=[] positionInParent=Point(0, 0) parentTaskId=-1 isFocused=true isVisible=true isVisibleRequested=true isTopActivityNoDisplay=false isSleeping=false locusId=null displayAreaFeatureId=1 isTopActivityTransparent=false isActivityStackTransparent=false lastNonFullscreenBounds=null capturedLink=null capturedLinkTimestamp=0 requestedVisibleTypes=503 topActivityRequestOpenInBrowserEducationTimestamp=0 appCompatTaskInfo=AppCompatTaskInfo { topActivityInSizeCompat=false isLeafTask= true eligibleForLetterboxEducation= false isLetterboxEducationEnabled= true isLetterboxDoubleTapEnabled= false eligibleForUserAspectRatioButton= false topActivityBoundsLetterboxed= false isFromLetterboxDoubleTap= false topActivityLetterboxVerticalPosition= -1 topActivityLetterboxHorizontalPosition= -1 topActivityLetterboxWidth=-1 topActivityLetterboxHeight=-1 topActivityAppBounds=Rect(0, 0 - 1080, 2400) isUserFullscreenOverrideEnabled=false isSystemFullscreenOverrideEnabled=false hasMinAspectRatioOverride=false topActivityLetterboxBounds=null cameraCompatTaskInfo=CameraCompatTaskInfo { cameraCompatMode=inactive0} topNonResizableActivityAspectRatio=-1.0} topActivityMainWindowFrame=null isAppBubble=false}, pipChange = null, remoteTransition = null, displayChange = null, requestedLocation = null, userChange = null, windowingLayerChange = null, flags = 0, debugId = 93 }
04-01 18:19:47.956  1412  1511 D ShellSplitScreen: logExit: no-op, mLoggerSessionId is null
04-01 18:19:47.962   611   714 D AudioFlinger: mixer(0x709c5326c790) throttle end: throttle time(15)
04-01 18:19:48.045   796  1364 D BackgroundInstallControlService: Package event received: 0
04-01 18:19:48.067   796  1364 D BackgroundInstallControlService: Package event received: 0
04-01 18:19:48.071   796  1364 D BackgroundInstallControlService: Package event received: 0
04-01 18:19:48.183  1677  1677 D b/417220811: invalidateLoadedTasks - previous requestLoadId: -1
04-01 18:19:48.369 20433 20433 W example.spotify: JNI critical lock held for 24.619ms on Thread[1,tid=20433,Runnable,Thread*=0x7a5262603be0,peer=0x73ad0cc0,"main"]
04-01 18:19:48.425  8087  8087 D BoundBrokerSvc: onBind: Intent { act=com.google.android.gms.measurement.START xflg=0x4 pkg=com.google.android.gms }
04-01 18:19:48.425  8087  8087 D BoundBrokerSvc: Loading bound service for intent: Intent { act=com.google.android.gms.measurement.START xflg=0x4 pkg=com.google.android.gms }
04-01 18:19:48.426   796  1364 D BackgroundInstallControlService: Package event received: 0
04-01 18:19:48.426   796  1364 D BackgroundInstallControlService: Package event received: 0
04-01 18:19:48.548   548 20529 W android.hardware.audio@7.1-impl.ranchu: pcmWrite:259 pcm_writei failed with 'cannot read/write stream data: I/O error' (-1)
04-01 18:19:48.549   548 20529 E android.hardware.audio@7.1-impl.ranchu: pcmWrite:260 failure: -1
04-01 18:19:48.670 20433 20433 D WindowOnBackDispatcher: setTopOnBackInvokedCallback (unwrapped): android.app.Activity$$ExternalSyntheticLambda0@8668255
04-01 18:19:48.678 20433 20433 D VRI[PhoneAuthActivity]: WindowInsets changed: 1080x2400 statusBars:[0,63,0,0] navigationBars:[0,0,0,63] mandatorySystemGestures:[0,63,0,84] 
04-01 18:19:48.680   796  1688 D CoreBackPreview: Window{c9f43 u0 com.example.spotify/com.example.spotify.PhoneAuthActivity}: Setting back callback OnBackInvokedCallbackInfo{mCallback=android.window.IOnBackInvokedCallback$Stub$Proxy@f3db6f9, mPriority=-1, mIsAnimationCallback=false, mOverrideBehavior=0}
04-01 18:19:48.681   548 20529 W android.hardware.audio@7.1-impl.ranchu: pcmWrite:259 pcm_writei failed with 'cannot read/write stream data: I/O error' (-1)
04-01 18:19:48.681   548 20529 E android.hardware.audio@7.1-impl.ranchu: pcmWrite:260 failure: -1
04-01 18:19:48.786   548 20529 W android.hardware.audio@7.1-impl.ranchu: pcmWrite:259 pcm_writei failed with 'cannot read/write stream data: I/O error' (-1)
04-01 18:19:48.787   548 20529 E android.hardware.audio@7.1-impl.ranchu: pcmWrite:260 failure: -1
04-01 18:19:48.913   548 20529 W android.hardware.audio@7.1-impl.ranchu: pcmWrite:259 pcm_writei failed with 'cannot read/write stream data: I/O error' (-1)
04-01 18:19:48.913   548 20529 E android.hardware.audio@7.1-impl.ranchu: pcmWrite:260 failure: -1
04-01 18:19:48.924   796   838 I ImeTracker: system_server:7415a81b: onRequestShow at ORIGIN_SERVER reason CONTROLS_CHANGED fromUser false
04-01 18:19:49.063   548 20529 W android.hardware.audio@7.1-impl.ranchu: pcmWrite:259 pcm_writei failed with 'cannot read/write stream data: I/O error' (-1)
04-01 18:19:49.064   548 20529 E android.hardware.audio@7.1-impl.ranchu: pcmWrite:260 failure: -1
04-01 18:19:49.137  1412  4239 V WindowManagerShell: onTransitionReady(transaction=3418793973639)
04-01 18:19:49.138  1412  1511 V WindowManagerShell: onTransitionReady (#93) android.os.BinderProxy@bf9e669: {id=93 t=OPEN f=0x0 trk=0 r=[0@Point(0, 0)] c=[
04-01 18:19:49.138  1412  1511 V WindowManagerShell:         {m=OPEN f=FILLS_TASK leash=Surface(name=ActivityRecord{129732008 u0 com.example.spotify/.PhoneAuthActivity t23}#860)/@0x268c18f sb=Rect(0, 0 - 0, 0) eb=Rect(0, 0 - 1080, 2400) epz=Point(1080, 2400) d=-1->0 r=-1->0:-1 bc=ff141218 activity=ActivityTransitionInfo { component = ComponentInfo{com.example.spotify/com.example.spotify.PhoneAuthActivity}, taskId = 23, appCompatTransitionInfo = null } opt={t=FROM_STYLE mUserId=0}},
04-01 18:19:49.138  1412  1511 V WindowManagerShell:         {m=TO_BACK f=FILLS_TASK leash=Surface(name=ActivityRecord{205087687 u0 com.example.spotify/.LoginActivity t23}#845)/@0x52e2c1c sb=Rect(0, 0 - 1080, 2400) eb=Rect(0, 0 - 1080, 2400) epz=Point(1080, 2400) d=0 bc=ff141218 activity=ActivityTransitionInfo { component = ComponentInfo{com.example.spotify/com.example.spotify.LoginActivity}, taskId = 23, appCompatTransitionInfo = null } opt={t=FROM_STYLE mUserId=0}}
04-01 18:19:49.138  1412  1511 V WindowManagerShell:     ]}
04-01 18:19:49.138  1412  1511 V WindowManagerShell: Playing animation for (#93) android.os.BinderProxy@bf9e669@0
04-01 18:19:49.138  1412  1511 V ShellRecents: RecentsTransitionHandler.startAnimation: no controller found
04-01 18:19:49.138  1412  1511 V WindowManagerShell: Transition doesn't have explicit remote, search filters for match for {id=93 t=OPEN f=0x0 trk=0 r=[0@Point(0, 0)] c=[{m=OPEN f=FILLS_TASK leash=Surface(name=ActivityRecord{129732008 u0 com.example.spotify/.PhoneAuthActivity t23}#860)/@0x268c18f sb=Rect(0, 0 - 0, 0) eb=Rect(0, 0 - 1080, 2400) epz=Point(1080, 2400) d=-1->0 r=-1->0:-1 bc=ff141218 activity=ActivityTransitionInfo { component = ComponentInfo{com.example.spotify/com.example.spotify.PhoneAuthActivity}, taskId = 23, appCompatTransitionInfo = null } opt={t=FROM_STYLE mUserId=0}},{m=TO_BACK f=FILLS_TASK leash=Surface(name=ActivityRecord{205087687 u0 com.example.spotify/.LoginActivity t23}#845)/@0x52e2c1c sb=Rect(0, 0 - 1080, 2400) eb=Rect(0, 0 - 1080, 2400) epz=Point(1080, 2400) d=0 bc=ff141218 activity=ActivityTransitionInfo { component = ComponentInfo{com.example.spotify/com.example.spotify.LoginActivity}, taskId = 23, appCompatTransitionInfo = null } opt={t=FROM_STYLE mUserId=0}}]}
04-01 18:19:49.138  1412  1511 V WindowManagerShell:  Checking filter Pair{{types=[] flags=0x0] notFlags=0x0 checks=[{atype=undefined independent=true modes=[CLOSE,TO_BACK] flags=IN_TASK_WITH_EMBEDDED_ACTIVITY mustBeTask=false order=ANY topActivity=null launchCookie=null taskFragmentToken=android.os.BinderProxy@1bbfa26 windowingMode=undefined isCrossDisplayMove=false}]} RemoteTransition { remoteTransition = android.window.IRemoteTransition$Stub$Proxy@2a54667, appThread = android.app.IApplicationThread$Stub$Proxy@67c8c14, debugName = overlayBackTransition }}
04-01 18:19:49.138  1412  1511 V WindowManagerShell:  Checking filter Pair{{types=[] flags=0x0] notFlags=0x0 checks=[{atype=dream independent=true modes=[OPEN,TO_FRONT] flags=NONE mustBeTask=false order=ANY topActivity=null launchCookie=null windowingMode=undefined isCrossDisplayMove=false},{atype=home independent=true modes=[CLOSE,TO_BACK] flags=NONE mustBeTask=false order=ANY topActivity=null launchCookie=null windowingMode=undefined isCrossDisplayMove=false}]} RemoteTransition { remoteTransition = android.window.IRemoteTransition$Stub$Proxy@12decbd, appThread = android.app.IApplicationThread$Stub$Proxy@5dd92b2, debugName = LauncherToDream }}
04-01 18:19:49.138  1412  1511 V WindowManagerShell:  Checking filter Pair{{types=[] flags=0x0] notFlags=0x100 checks=[{atype=home independent=true modes=[OPEN,TO_FRONT] flags=NONE mustBeTask=false order=TOP topActivity=ComponentInfo{com.google.android.apps.nexuslauncher/com.google.android.apps.nexuslauncher.NexusLauncherActivity} launchCookie=null windowingMode=undefined isCrossDisplayMove=false},{atype=standard independent=true modes=[CLOSE,TO_BACK] flags=NONE mustBeTask=false order=ANY topActivity=null launchCookie=null windowingMode=undefined isCrossDisplayMove=false},{NOT atype=undefined independent=true modes=[] flags=NONE mustBeTask=true order=ANY topActivity=null launchCookie=null customAnim=true windowingMode=undefined isCrossDisplayMove=false}]} RemoteTransition { remoteTransition = android.window.IRemoteTransition$Stub$Proxy@9b5e203, appThread = android.app.IApplicationThread$Stub$Proxy@ea05580, debugName = QuickstepLaunchHome }}
04-01 18:19:49.139  1412  1511 V WindowManagerShell:  Delegate animation for (#93) to null
04-01 18:19:49.139  1412  1511 V WindowManagerShell: start default transition animation, info = {id=93 t=OPEN f=0x0 trk=0 r=[0@Point(0, 0)] c=[{m=OPEN f=FILLS_TASK leash=Surface(name=ActivityRecord{129732008 u0 com.example.spotify/.PhoneAuthActivity t23}#860)/@0x268c18f sb=Rect(0, 0 - 0, 0) eb=Rect(0, 0 - 1080, 2400) epz=Point(1080, 2400) d=-1->0 r=-1->0:-1 bc=ff141218 activity=ActivityTransitionInfo { component = ComponentInfo{com.example.spotify/com.example.spotify.PhoneAuthActivity}, taskId = 23, appCompatTransitionInfo = null } opt={t=FROM_STYLE mUserId=0}},{m=TO_BACK f=FILLS_TASK leash=Surface(name=ActivityRecord{205087687 u0 com.example.spotify/.LoginActivity t23}#845)/@0x52e2c1c sb=Rect(0, 0 - 1080, 2400) eb=Rect(0, 0 - 1080, 2400) epz=Point(1080, 2400) d=0 bc=ff141218 activity=ActivityTransitionInfo { component = ComponentInfo{com.example.spotify/com.example.spotify.LoginActivity}, taskId = 23, appCompatTransitionInfo = null } opt={t=FROM_STYLE mUserId=0}}]}
04-01 18:19:49.140  1412  1511 V WindowManagerShell: loadAnimation: anim=android.view.animation.AnimationSet@7aef9a1 animAttr=0x5 type=OPEN isEntrance=false
04-01 18:19:49.140  1412  1511 V WindowManagerShell: loadAnimation: anim=android.view.animation.AnimationSet@8a9e2b4 animAttr=0x4 type=OPEN isEntrance=true
04-01 18:19:49.142   796   834 I ActivityTaskManager: Displayed com.example.spotify/.PhoneAuthActivity for user 0: +1s261ms
04-01 18:19:49.149  1412  1511 V WindowManagerShell:  animated by com.android.wm.shell.transition.DefaultTransitionHandler@d9aeecd
04-01 18:19:49.177   548 20529 W android.hardware.audio@7.1-impl.ranchu: pcmWrite:259 pcm_writei failed with 'cannot read/write stream data: I/O error' (-1)
04-01 18:19:49.177   548 20529 E android.hardware.audio@7.1-impl.ranchu: pcmWrite:260 failure: -1
04-01 18:19:49.298   548 20529 W android.hardware.audio@7.1-impl.ranchu: pcmWrite:259 pcm_writei failed with 'cannot read/write stream data: I/O error' (-1)
04-01 18:19:49.302   548 20529 E android.hardware.audio@7.1-impl.ranchu: pcmWrite:260 failure: -1
04-01 18:19:49.313   796   834 V WindowManager: Sent Transition (#93) createdAt=04-01 18:19:47.885 via request=TransitionRequestInfo { type = OPEN, triggerTask = TaskInfo{userId=0 taskId=23 effectiveUid=10220 displayId=0 isRunning=true baseIntent=Intent { flg=0x10000000 cmp=com.example.spotify/.SplashActivity } baseActivity=ComponentInfo{com.example.spotify/com.example.spotify.LoginActivity} topActivity=ComponentInfo{com.example.spotify/com.example.spotify.PhoneAuthActivity} origActivity=null realActivity=ComponentInfo{com.example.spotify/com.example.spotify.SplashActivity} numActivities=2 lastActiveTime=15286754 supportsMultiWindow=true resizeMode=1 isResizeable=true minWidth=-1 minHeight=-1 defaultMinSize=220 token=WCT{RemoteToken{dd4abea Task{f17a8c4 #23 type=standard A=10220:com.example.spotify}}} topActivityType=1 pictureInPictureParams=null shouldDockBigOverlays=false launchIntoPipHostTaskId=-1 lastParentTaskIdBeforePip=-1 displayCutoutSafeInsets=Rect(0, 0 - 0, 0) topActivityInfo=ActivityInfo{d0284 com.example.spotify.PhoneAuthActivity} launchCookies=[] positionInParent=Point(0, 0) parentTaskId=-1 isFocused=true isVisible=true isVisibleRequested=true isTopActivityNoDisplay=false isSleeping=false locusId=null displayAreaFeatureId=1 isTopActivityTransparent=false isActivityStackTransparent=false lastNonFullscreenBounds=null capturedLink=null capturedLinkTimestamp=0 requestedVisibleTypes=503 topActivityRequestOpenInBrowserEducationTimestamp=0 appCompatTaskInfo=AppCompatTaskInfo { topActivityInSizeCompat=false isLeafTask= true eligibleForLetterboxEducation= false isLetterboxEducationEnabled= true isLetterboxDoubleTapEnabled= false eligibleForUserAspectRatioButton= false topActivityBoundsLetterboxed= false isFromLetterboxDoubleTap= false topActivityLetterboxVerticalPosition= -1 topActivityLetterboxHorizontalPosition= -1 topActivityLetterboxWidth=-1 topActivityLetterboxHeight=-1 topActivityAppBounds=Rect(0, 0 - 1080, 2400) isUserFullscreenOverrideEnabled=false isSystemFullscreenOverrideEnabled=false hasMinAspectRatioOverride=false topActivityLetterboxBounds=null cameraCompatTaskInfo=CameraCompatTaskInfo { cameraCompatMode=inactive0} topNonResizableActivityAspectRatio=-1.0} topActivityMainWindowFrame=null isAppBubble=false}, pipChange = null, remoteTransition = null, displayChange = null, requestedLocation = null, userChange = null, windowingLayerChange = null, flags = 0, debugId = 93 }
04-01 18:19:49.313   796   834 V WindowManager:     startWCT=WindowContainerTransaction { changes= {} hops= [] errorCallbackToken=null taskFragmentOrganizer=null }
04-01 18:19:49.314   796   834 V WindowManager:     info={id=93 t=OPEN f=0x0 trk=0 r=[0@Point(0, 0)] c=[
04-01 18:19:49.314   796   834 V WindowManager:         {m=OPEN f=FILLS_TASK leash=Surface(name=ActivityRecord{129732008 u0 com.example.spotify/.PhoneAuthActivity t23}#860)/@0xf19c9b5 sb=Rect(0, 0 - 0, 0) eb=Rect(0, 0 - 1080, 2400) epz=Point(1080, 2400) d=-1->0 r=-1->0:-1 bc=ff141218 activity=ActivityTransitionInfo { component = ComponentInfo{com.example.spotify/com.example.spotify.PhoneAuthActivity}, taskId = 23, appCompatTransitionInfo = null } opt={t=FROM_STYLE mUserId=0}},
04-01 18:19:49.314   796   834 V WindowManager:         {m=TO_BACK f=FILLS_TASK leash=Surface(name=ActivityRecord{205087687 u0 com.example.spotify/.LoginActivity t23}#845)/@0xe97ce9f sb=Rect(0, 0 - 1080, 2400) eb=Rect(0, 0 - 1080, 2400) epz=Point(1080, 2400) d=0 bc=ff141218 activity=ActivityTransitionInfo { component = ComponentInfo{com.example.spotify/com.example.spotify.LoginActivity}, taskId = 23, appCompatTransitionInfo = null } opt={t=FROM_STYLE mUserId=0}}
04-01 18:19:49.314   796   834 V WindowManager:     ]}
04-01 18:19:49.332 20433 20433 I zzb     : ForceRecaptchaV2Flow from phoneAuthOptions = false, ForceRecaptchav2Flow from firebaseSettings = false
04-01 18:19:49.407   548 20529 W android.hardware.audio@7.1-impl.ranchu: pcmWrite:259 pcm_writei failed with 'cannot read/write stream data: I/O error' (-1)
04-01 18:19:49.408   548 20529 E android.hardware.audio@7.1-impl.ranchu: pcmWrite:260 failure: -1
04-01 18:19:49.453 20433 20474 W System  : Ignoring header X-Firebase-Locale because its value was null.
04-01 18:19:49.459 20433 20433 I ImeTracker: system_server:7415a81b: onCancelled at PHASE_CLIENT_ON_CONTROLS_CHANGED
04-01 18:19:49.511   548 20529 W android.hardware.audio@7.1-impl.ranchu: pcmWrite:259 pcm_writei failed with 'cannot read/write stream data: I/O error' (-1)
04-01 18:19:49.512   548 20529 E android.hardware.audio@7.1-impl.ranchu: pcmWrite:260 failure: -1
04-01 18:19:49.517 20433 20433 D WindowOnBackDispatcher: setTopOnBackInvokedCallback (unwrapped): android.app.Activity$$ExternalSyntheticLambda0@45f5741
04-01 18:19:49.517 20433 20433 D WindowOnBackDispatcher: setTopOnBackInvokedCallback (unwrapped): android.view.ImeBackAnimationController@e29d0b3
04-01 18:19:49.517   796  3146 D CoreBackPreview: Window{b6743cb u0 com.example.spotify/com.example.spotify.LoginActivity}: Setting back callback OnBackInvokedCallbackInfo{mCallback=android.window.IOnBackInvokedCallback$Stub$Proxy@c3d86a2, mPriority=-1, mIsAnimationCallback=false, mOverrideBehavior=0}
04-01 18:19:49.518   796  3146 D CoreBackPreview: Window{c9f43 u0 com.example.spotify/com.example.spotify.PhoneAuthActivity}: Setting back callback OnBackInvokedCallbackInfo{mCallback=android.window.IOnBackInvokedCallback$Stub$Proxy@883df33, mPriority=0, mIsAnimationCallback=true, mOverrideBehavior=0}
04-01 18:19:49.538   796  1021 I ImeTracker: com.example.spotify:e7800836: onRequestHide at ORIGIN_SERVER reason HIDE_UNSPECIFIED_WINDOW fromUser false
04-01 18:19:49.557 20433 20433 D InsetsController: hide(ime())
04-01 18:19:49.558 20433 20433 I ImeTracker: com.example.spotify:e7800836: onCancelled at PHASE_CLIENT_ALREADY_HIDDEN
04-01 18:19:49.566  8545  8545 I GoogleInputMethodService: GoogleInputMethodService.onFinishInputView():1543 onFinishInputView(true)
04-01 18:19:49.568   796  3146 I ImeTracker: system_server:36a97fe6: onRequestHide at ORIGIN_SERVER reason IME_REQUESTED_CHANGED_LISTENER fromUser false
04-01 18:19:49.568  8545  8545 I GlobeKeyExtension: GlobeKeyExtension.onDeactivate():144 
04-01 18:19:49.572  8545  8545 I VoiceInputManagerWrapper: VoiceInputManagerWrapper.shutdown():131 shutdown()
04-01 18:19:49.585  1412  1511 D Bubbles : BubbleController.BubblesImeListener.onImeVisibilityChanged visible=falserunnable=null stackView=null
04-01 18:19:49.592  8087 20531 D AdvertisingIdClient: AdvertisingIdClient already created.
04-01 18:19:49.592  8087 20531 D AdvertisingIdClient: AdvertisingIdClient is not bounded. Starting to bind it...
04-01 18:19:49.594  8545  8545 I HardKeyTracker: HardKeyTracker.unregisterKeySequence():221 Unregister key sequence nef{labelResId=2132020472, callback=gdc@9200f19, lastModifier=2, keyCodes=[62], actions=[0]}
04-01 18:19:49.596  8545  8545 W ExtensionWrapper: ExtensionWrapper.setAllowUpdateNavigationBarStyle():818 class jpp is not activate
04-01 18:19:49.617   548 20529 W android.hardware.audio@7.1-impl.ranchu: pcmWrite:259 pcm_writei failed with 'cannot read/write stream data: I/O error' (-1)
04-01 18:19:49.617   548 20529 E android.hardware.audio@7.1-impl.ranchu: pcmWrite:260 failure: -1
04-01 18:19:49.626  8545  8545 W ExtensionWrapper: ExtensionWrapper.setAllowUpdateNavigationBarStyle():818 class jpp is not activate
04-01 18:19:49.645  8545  8545 W TooltipLifecycleManager: TooltipLifecycleManager.dismissTooltips():153 Tooltip with id spell_check_add_to_dictionary not found in tooltipManager.
04-01 18:19:49.648  1412  1511 V WindowManagerShell: Transition animation finished (aborted=false), notifying core (#93) android.os.BinderProxy@bf9e669@0
04-01 18:19:49.680   796   838 I ImeTracker: system_server:73911157: onRequestShow at ORIGIN_SERVER reason CONTROLS_CHANGED fromUser false
04-01 18:19:49.682   796   834 V WindowManager: Finish Transition (#93): created at 04-01 18:19:47.885 collect-started=0.108ms request-sent=54.144ms started=72.166ms ready=170.175ms sent=1248.577ms commit=23.857ms finished=1795.579ms
04-01 18:19:49.683  8545  8545 I GoogleInputMethodService: GoogleInputMethodService.onFinishInput():2057 
04-01 18:19:49.687  8545  8545 I Module  : DeviceLockedStatusModuleProvider$Module.updateDeviceLockedStatus():100 repeatCheckTimes = 0, locked = false
04-01 18:19:49.693  1412  1511 V WindowManagerShell: Track 0 became idle
04-01 18:19:49.693  1412  1511 V WindowManagerShell: All active transition animations finished
04-01 18:19:49.694 20433 20433 I ImeTracker: system_server:73911157: onCancelled at PHASE_CLIENT_ON_CONTROLS_CHANGED
04-01 18:19:49.705 20433 20433 D VRI[LoginActivity]: visibilityChanged oldVisibility=true newVisibility=false
04-01 18:19:49.710 20433 20433 W RemoteInputConnectionImpl: requestCursorUpdates on inactive InputConnection
04-01 18:19:49.718  8545  8545 D ImeBackCallbackSender: Unregister OnBackInvokedCallback at app window (packageName=com.example.spotify)
04-01 18:19:49.720   548 20529 W android.hardware.audio@7.1-impl.ranchu: pcmWrite:259 pcm_writei failed with 'cannot read/write stream data: I/O error' (-1)
04-01 18:19:49.720   548 20529 E android.hardware.audio@7.1-impl.ranchu: pcmWrite:260 failure: -1
04-01 18:19:49.733   796  1389 W ImageReader_JNI: Unable to acquire a buffer item, very likely client tried to acquire more than maxImages buffers
04-01 18:19:49.739  8545  8545 I GoogleInputMethodService: GoogleInputMethodService.onStartInput():1318 onStartInput(EditorInfo{EditorInfo{packageName=com.example.spotify, inputType=0, inputTypeString=NULL, enableLearning=false, autoCorrection=false, autoComplete=false, imeOptions=0, privateImeOptions=null, actionName=UNSPECIFIED, actionLabel=null, initialSelStart=-1, initialSelEnd=-1, initialCapsMode=0, label=null, fieldId=0, fieldName=null, extras=null, hintText=null, hintLocales=[]}}, false)
04-01 18:19:49.741  8545  8545 I HardKeyTracker: HardKeyTracker.registerKeySequence():170 Register key sequence nef{labelResId=0, callback=gdc@e9660ab, lastModifier=0, keyCodes=[57, 57], actions=[1, 0]}
04-01 18:19:49.741  8545  8545 I HardKeyTracker: HardKeyTracker.registerKeySequence():170 Register key sequence nef{labelResId=0, callback=gdc@9d314c6, lastModifier=0, keyCodes=[58, 58], actions=[1, 0]}
04-01 18:19:49.742  8545  8545 I Module  : DeviceLockedStatusModuleProvider$Module.updateDeviceLockedStatus():100 repeatCheckTimes = 1, locked = false
04-01 18:19:49.750   796  1687 W PackageConfigPersister: App-specific configuration not found for packageName: com.example.spotify and userId: 0
04-01 18:19:49.750  8087 20531 D AdvertisingIdClient: AdvertisingIdClient is bounded
04-01 18:19:49.754  8545  8545 I GoogleInputMethodService: GoogleInputMethodService.onStartInputView():1411 onStartInputView(EditorInfo{EditorInfo{packageName=com.example.spotify, inputType=0, inputTypeString=NULL, enableLearning=false, autoCorrection=false, autoComplete=false, imeOptions=0, privateImeOptions=null, actionName=UNSPECIFIED, actionLabel=null, initialSelStart=-1, initialSelEnd=-1, initialCapsMode=0, label=null, fieldId=0, fieldName=null, extras=null, hintText=null, hintLocales=[]}}, false)
04-01 18:19:49.792  8545  8545 I KeyboardHeightUtil: KeyboardHeightUtil.getOemKeyboardHeightRatio():108 systemKeyboardHeightRatio:1.000000.
04-01 18:19:49.823   548 20529 W android.hardware.audio@7.1-impl.ranchu: pcmWrite:259 pcm_writei failed with 'cannot read/write stream data: I/O error' (-1)
04-01 18:19:49.823   548 20529 E android.hardware.audio@7.1-impl.ranchu: pcmWrite:260 failure: -1
04-01 18:19:49.831  8087 20531 I AdvertisingIdClient: shouldSendLog 14256593
04-01 18:19:49.832  8087 20531 I AdvertisingIdClient: GetInfoInternal elapse 239ms
04-01 18:19:49.840 20433 20433 D WindowOnBackDispatcher: setTopOnBackInvokedCallback (unwrapped): android.app.Activity$$ExternalSyntheticLambda0@8668255
04-01 18:19:49.841   796  1688 D CoreBackPreview: Window{c9f43 u0 com.example.spotify/com.example.spotify.PhoneAuthActivity}: Setting back callback OnBackInvokedCallbackInfo{mCallback=android.window.IOnBackInvokedCallback$Stub$Proxy@e78dc52, mPriority=-1, mIsAnimationCallback=false, mOverrideBehavior=0}
04-01 18:19:49.852 20433 20433 I AutofillManager: onInvisibleForAutofill(): expiringResponse
04-01 18:19:49.892  8545  8545 I InputContextChangeTracker: InputContextChangeTracker.fixLyingSelectionRangeFromSurroundingText():1678 fixLyingSelectionRangeFromSurroundingText(): [-1, -1]([-1, -1]) -> [0, 0]([0, 0])
04-01 18:19:49.896  8545  8545 I AndroidIME: InputBundleManager.loadActiveInputBundleId():528 loadActiveInputBundleId: und-Latn-x-password, password
04-01 18:19:49.897  8545  8545 I AndroidIME: AbstractIme.onActivate():96 PasswordIme.onActivate() : EditorInfo = EditorInfo{packageName=com.example.spotify, inputType=0, inputTypeString=NULL, enableLearning=false, autoCorrection=false, autoComplete=false, imeOptions=0, privateImeOptions=null, actionName=UNSPECIFIED, actionLabel=null, initialSelStart=-1, initialSelEnd=-1, initialCapsMode=0, label=null, fieldId=0, fieldName=null, extras=null, hintText=null, hintLocales=[]}, IncognitoMode = false, DeviceLocked = false
04-01 18:19:49.898  8545  8545 I KeyboardWrapper: KeyboardWrapper.activateKeyboard():581 activateKeyboard(): type=accessory, status=INACTIVE, imeDef=mir{stringId=password, language=und-Latn-x-password, languageTag=und-Latn-x-password, processedConditions={writing_helper_enable_by_word_revert=false, enable_access_points_in_password_number=true, variant=qwerty, true=true, language=en-US, enable_number_row=true, device=phone, enable_number_row_in_password=true, enable_pk_simulator=false}, className=com.google.android.libraries.inputmethod.ime.password.PasswordIme, label=2132019269, keyEventInterpreter=null, inlineComposing=true, autoCapital=true, announceAutoSelectedCandidate=true, statusIcon=0, indicatorIcon=0, indicatorLabel=null, displayAppCompletions=false, extraValues=mik{}, processors=mkj@ef12aa1, unacceptableMetaKeys=4098, languageSpecificSettings=0, asciiCapable=false, alwaysShowSuggestions=false, useAsciiPasswordKeyboard=false, keyboardGroupDef=mjs@13264c6, phenotypeFlagId=0, localizationLanguageTag=null, supportsInlineSuggestion=false}
04-01 18:19:49.900  8545  8545 I KeyboardManager: KeyboardManager.requestKeyboard():248 Creating keyboard accessory, imeId=password, cacheKey=theme,!gsf,!pgsans,!pgsf,!use_system_font,BORDER,FLAVOR_DPI=XXHDPI,GOOGLE_ICONS,IS_LIGHT,KEYBOARD_WIDTH_CATEGORY=NORMAL,KEY_BORDER_SHAPE=1,LIGHT_THEME=true,PHYSICAL_DIAGONAL=6.1297245,POPUP,SCREEN_SHORTEST_WIDTH=411,SCREEN_SHORTEST_WIDTH_NO_SCALE=411,SW400DP,XXHDPI,bottom4dp,enable_emoji_kitchen_browse_color_v2=true,enable_google_fonts_icons=true,enable_popup_on_keypress=true,keyboard_redesign_google_sans=true,non_linear_scale,noshadow,overlay_builtin_dynamic_color_light_base.binarypb:gm3-light-fffaf8fe-ff4c5e8b-4fb1adea13304a190d4abf12326cf60c,roundedchip,silkpopup
04-01 18:19:49.901  8545  8545 I KeyboardWrapper: KeyboardWrapper.onKeyboardReady():224 onKeyboardReady(): type=accessory(accessory), kb=com.google.android.libraries.inputmethod.keyboard.impl.Keyboard@a00606f
04-01 18:19:49.901  8545  8545 I KeyboardWrapper: KeyboardWrapper.doActivateKeyboard():611 doActivateKeyboard(): accessory
04-01 18:19:49.902  8545  8545 W Keyboard: Keyboard.getKeyboardViewHelper():600 null helper is returned: keyboardDef=mjl{processedConditions={}, globalConditions={}, className=com.google.android.libraries.inputmethod.keyboard.impl.Keyboard, resourceIds=[#0x7f17004d], initialStates=0, keyboardViewDefs=[], persistentStates=0, persistentStatesPrefKey=null, popupBubbleLayoutId=0, recentKeyLayoutId=0, recentKeyPopupLayoutId=0, recentKeyType=null, rememberRecentKey=NONE, sessionStates=0}, type=HEADER, helpersCreated=[null, null, null, null], context.getResources().getConfiguration(): {1.0 310mcc260mnc [en_US] ldltr sw411dp w411dp h914dp 420dpi nrml long compactNeeded port finger qwerty/v/v dpad/v winConfig={ mBounds=Rect(0, 0 - 1080, 2400) mAppBounds=Rect(0, 0 - 1080, 2400) mMaxBounds=Rect(0, 0 - 1080, 2400) mDisplayRotation=ROTATION_0 mWindowingMode=fullscreen mActivityType=undefined mAlwaysOnTop=undefined mRotation=ROTATION_0} as.2 s.21 fontWeightAdjustment=0}
