04-01 18:19:49.903  8545  8545 W Keyboard: Keyboard.getKeyboardViewHelper():600 null helper is returned: keyboardDef=mjl{processedConditions={}, globalConditions={}, className=com.google.android.libraries.inputmethod.keyboard.impl.Keyboard, resourceIds=[#0x7f17004d], initialStates=0, keyboardViewDefs=[], persistentStates=0, persistentStatesPrefKey=null, popupBubbleLayoutId=0, recentKeyLayoutId=0, recentKeyPopupLayoutId=0, recentKeyType=null, rememberRecentKey=NONE, sessionStates=0}, type=BODY, helpersCreated=[null, null, null, null], context.getResources().getConfiguration(): {1.0 310mcc260mnc [en_US] ldltr sw411dp w411dp h914dp 420dpi nrml long compactNeeded port finger qwerty/v/v dpad/v winConfig={ mBounds=Rect(0, 0 - 1080, 2400) mAppBounds=Rect(0, 0 - 1080, 2400) mMaxBounds=Rect(0, 0 - 1080, 2400) mDisplayRotation=ROTATION_0 mWindowingMode=fullscreen mActivityType=undefined mAlwaysOnTop=undefined mRotation=ROTATION_0} as.2 s.21 fontWeightAdjustment=0}
04-01 18:19:49.904  8545  8545 I GlobeKeyExtension: GlobeKeyExtension.getKeyboardInitialStates():175 
04-01 18:19:49.909  8545  8545 W Keyboard: Keyboard.getKeyboardViewHelper():600 null helper is returned: keyboardDef=mjl{processedConditions={}, globalConditions={}, className=com.google.android.libraries.inputmethod.keyboard.impl.Keyboard, resourceIds=[#0x7f17004d], initialStates=0, keyboardViewDefs=[], persistentStates=0, persistentStatesPrefKey=null, popupBubbleLayoutId=0, recentKeyLayoutId=0, recentKeyPopupLayoutId=0, recentKeyType=null, rememberRecentKey=NONE, sessionStates=0}, type=HEADER, helpersCreated=[null, null, null, null], context.getResources().getConfiguration(): {1.0 310mcc260mnc [en_US] ldltr sw411dp w411dp h914dp 420dpi nrml long compactNeeded port finger qwerty/v/v dpad/v winConfig={ mBounds=Rect(0, 0 - 1080, 2400) mAppBounds=Rect(0, 0 - 1080, 2400) mMaxBounds=Rect(0, 0 - 1080, 2400) mDisplayRotation=ROTATION_0 mWindowingMode=fullscreen mActivityType=undefined mAlwaysOnTop=undefined mRotation=ROTATION_0} as.2 s.21 fontWeightAdjustment=0}
04-01 18:19:49.909  8545  8545 W Keyboard: Keyboard.getKeyboardViewHelper():600 null helper is returned: keyboardDef=mjl{processedConditions={}, globalConditions={}, className=com.google.android.libraries.inputmethod.keyboard.impl.Keyboard, resourceIds=[#0x7f17004d], initialStates=0, keyboardViewDefs=[], persistentStates=0, persistentStatesPrefKey=null, popupBubbleLayoutId=0, recentKeyLayoutId=0, recentKeyPopupLayoutId=0, recentKeyType=null, rememberRecentKey=NONE, sessionStates=0}, type=BODY, helpersCreated=[null, null, null, null], context.getResources().getConfiguration(): {1.0 310mcc260mnc [en_US] ldltr sw411dp w411dp h914dp 420dpi nrml long compactNeeded port finger qwerty/v/v dpad/v winConfig={ mBounds=Rect(0, 0 - 1080, 2400) mAppBounds=Rect(0, 0 - 1080, 2400) mMaxBounds=Rect(0, 0 - 1080, 2400) mDisplayRotation=ROTATION_0 mWindowingMode=fullscreen mActivityType=undefined mAlwaysOnTop=undefined mRotation=ROTATION_0} as.2 s.21 fontWeightAdjustment=0}
04-01 18:19:49.910  8545  8545 W Keyboard: Keyboard.getKeyboardViewHelper():600 null helper is returned: keyboardDef=mjl{processedConditions={}, globalConditions={}, className=com.google.android.libraries.inputmethod.keyboard.impl.Keyboard, resourceIds=[#0x7f17004d], initialStates=0, keyboardViewDefs=[], persistentStates=0, persistentStatesPrefKey=null, popupBubbleLayoutId=0, recentKeyLayoutId=0, recentKeyPopupLayoutId=0, recentKeyType=null, rememberRecentKey=NONE, sessionStates=0}, type=FLOATING_CANDIDATES, helpersCreated=[null, null, null, null], context.getResources().getConfiguration(): {1.0 310mcc260mnc [en_US] ldltr sw411dp w411dp h914dp 420dpi nrml long compactNeeded port finger qwerty/v/v dpad/v winConfig={ mBounds=Rect(0, 0 - 1080, 2400) mAppBounds=Rect(0, 0 - 1080, 2400) mMaxBounds=Rect(0, 0 - 1080, 2400) mDisplayRotation=ROTATION_0 mWindowingMode=fullscreen mActivityType=undefined mAlwaysOnTop=undefined mRotation=ROTATION_0} as.2 s.21 fontWeightAdjustment=0}
04-01 18:19:49.910  8545  8545 W Keyboard: Keyboard.getKeyboardViewHelper():600 null helper is returned: keyboardDef=mjl{processedConditions={}, globalConditions={}, className=com.google.android.libraries.inputmethod.keyboard.impl.Keyboard, resourceIds=[#0x7f17004d], initialStates=0, keyboardViewDefs=[], persistentStates=0, persistentStatesPrefKey=null, popupBubbleLayoutId=0, recentKeyLayoutId=0, recentKeyPopupLayoutId=0, recentKeyType=null, rememberRecentKey=NONE, sessionStates=0}, type=WIDGET, helpersCreated=[null, null, null, null], context.getResources().getConfiguration(): {1.0 310mcc260mnc [en_US] ldltr sw411dp w411dp h914dp 420dpi nrml long compactNeeded port finger qwerty/v/v dpad/v winConfig={ mBounds=Rect(0, 0 - 1080, 2400) mAppBounds=Rect(0, 0 - 1080, 2400) mMaxBounds=Rect(0, 0 - 1080, 2400) mDisplayRotation=ROTATION_0 mWindowingMode=fullscreen mActivityType=undefined mAlwaysOnTop=undefined mRotation=ROTATION_0} as.2 s.21 fontWeightAdjustment=0}
04-01 18:19:49.910  8545  8545 I KeyboardManager: KeyboardManager.requestKeyboard():248 Creating keyboard accessory_candidates_consumer, imeId=password, cacheKey=theme,!gsf,!pgsans,!pgsf,!use_system_font,BORDER,FLAVOR_DPI=XXHDPI,GOOGLE_ICONS,IS_LIGHT,KEYBOARD_WIDTH_CATEGORY=NORMAL,KEY_BORDER_SHAPE=1,LIGHT_THEME=true,PHYSICAL_DIAGONAL=6.1297245,POPUP,SCREEN_SHORTEST_WIDTH=411,SCREEN_SHORTEST_WIDTH_NO_SCALE=411,SW400DP,XXHDPI,bottom4dp,enable_emoji_kitchen_browse_color_v2=true,enable_google_fonts_icons=true,enable_popup_on_keypress=true,keyboard_redesign_google_sans=true,non_linear_scale,noshadow,overlay_builtin_dynamic_color_light_base.binarypb:gm3-light-fffaf8fe-ff4c5e8b-4fb1adea13304a190d4abf12326cf60c,roundedchip,silkpopup
04-01 18:19:49.911  8545  8545 I GlobeKeyExtension: GlobeKeyExtension.getKeyboardInitialStates():175 
04-01 18:19:49.912  8545  8545 W Keyboard: Keyboard.getKeyboardViewHelper():600 null helper is returned: keyboardDef=mjl{processedConditions={}, globalConditions={global_theme_key=theme,!gsf,!pgsans,!pgsf,!use_system_font,BORDER,FLAVOR_DPI=XXHDPI,GOOGLE_ICONS,IS_LIGHT,KEYBOARD_WIDTH_CATEGORY=NORMAL,KEY_BORDER_SHAPE=1,LIGHT_THEME=true,PHYSICAL_DIAGONAL=6.1297245,POPUP,SCREEN_SHORTEST_WIDTH=411,SCREEN_SHORTEST_WIDTH_NO_SCALE=411,SW400DP,XXHDPI,bottom4dp,enable_emoji_kitchen_browse_color_v2=true,enable_google_fonts_icons=true,enable_popup_on_keypress=true,keyboard_redesign_google_sans=true,non_linear_scale,noshadow,overlay_builtin_dynamic_color_light_base.binarypb:gm3-light-fffaf8fe-ff4c5e8b-4fb1adea13304a190d4abf12326cf60c,roundedchip,silkpopup, global_locale=en_US, global_density_dpi=420, global_orientation=1}, className=.latin.keyboard.AccessoryKeyboard, resourceIds=[#0x7f17004c], initialStates=0, keyboardViewDefs=[mka{direction=null, id=#0x7f0b0224, isScalable=false, layoutId=#0x7f0e0032, type=FLOATING_CANDIDATES, touchable=true, defaultShow=false}], persistentStates=0, persistentStatesPrefKey=null, popupBubbleLayoutId=#0x7f0e05f0, recentKeyLayoutId=0, recentKeyPopupLayoutId=0, recentKeyType=null, rememberRecentKey=NONE, sessionStates=0}, type=HEADER, helpersCreated=[null, null, lvx@1e4051f, null], context.getResources().getConfiguration(): {1.0 310mcc260mnc [en_US] ldltr sw411dp w411dp h914dp 420dpi nrml long compactNeeded port finger qwerty/v/v dpad/v winConfig={ mBounds=Rect(0, 0 - 1080, 2400) mAppBounds=Rect(0, 0 - 1080, 2400) mMaxBounds=Rect(0, 0 - 1080, 2400) mDisplayRotation=ROTATION_0 mWindowingMode=fullscreen mActivityType=undefined mAlwaysOnTop=undefined mRotation=ROTATION_0} as.2 s.21 fontWeightAdjustment=0}
04-01 18:19:49.913  8545  8545 W Keyboard: Keyboard.getKeyboardViewHelper():600 null helper is returned: keyboardDef=mjl{processedConditions={}, globalConditions={global_theme_key=theme,!gsf,!pgsans,!pgsf,!use_system_font,BORDER,FLAVOR_DPI=XXHDPI,GOOGLE_ICONS,IS_LIGHT,KEYBOARD_WIDTH_CATEGORY=NORMAL,KEY_BORDER_SHAPE=1,LIGHT_THEME=true,PHYSICAL_DIAGONAL=6.1297245,POPUP,SCREEN_SHORTEST_WIDTH=411,SCREEN_SHORTEST_WIDTH_NO_SCALE=411,SW400DP,XXHDPI,bottom4dp,enable_emoji_kitchen_browse_color_v2=true,enable_google_fonts_icons=true,enable_popup_on_keypress=true,keyboard_redesign_google_sans=true,non_linear_scale,noshadow,overlay_builtin_dynamic_color_light_base.binarypb:gm3-light-fffaf8fe-ff4c5e8b-4fb1adea13304a190d4abf12326cf60c,roundedchip,silkpopup, global_locale=en_US, global_density_dpi=420, global_orientation=1}, className=.latin.keyboard.AccessoryKeyboard, resourceIds=[#0x7f17004c], initialStates=0, keyboardViewDefs=[mka{direction=null, id=#0x7f0b0224, isScalable=false, layoutId=#0x7f0e0032, type=FLOATING_CANDIDATES, touchable=true, defaultShow=false}], persistentStates=0, persistentStatesPrefKey=null, popupBubbleLayoutId=#0x7f0e05f0, recentKeyLayoutId=0, recentKeyPopupLayoutId=0, recentKeyType=null, rememberRecentKey=NONE, sessionStates=0}, type=BODY, helpersCreated=[null, null, lvx@1e4051f, null], context.getResources().getConfiguration(): {1.0 310mcc260mnc [en_US] ldltr sw411dp w411dp h914dp 420dpi nrml long compactNeeded port finger qwerty/v/v dpad/v winConfig={ mBounds=Rect(0, 0 - 1080, 2400) mAppBounds=Rect(0, 0 - 1080, 2400) mMaxBounds=Rect(0, 0 - 1080, 2400) mDisplayRotation=ROTATION_0 mWindowingMode=fullscreen mActivityType=undefined mAlwaysOnTop=undefined mRotation=ROTATION_0} as.2 s.21 fontWeightAdjustment=0}
04-01 18:19:49.915   796  1364 D BackgroundInstallControlService: Package event received: 0
04-01 18:19:49.915  8545  8545 I AndroidIME: InputBundleManager.startInput():358 startInput() with mjw[keyboardType=accessory, payload=null]
04-01 18:19:49.916  8545  8545 I GlobeKeyExtension: GlobeKeyExtension.onActivate():120 
04-01 18:19:49.919  8545  8545 I NewLanguagePromptExtension: NewLanguagePromptExtension.onActivate():189 Not activated NewLanguagePromptExtension: not a normal text input box.
04-01 18:19:49.921  8545  8545 I VoiceInputManagerWrapper: VoiceInputManagerWrapper.cancelShutdown():109 cancelShutdown()
04-01 18:19:49.921  8545  8545 I VoiceInputManagerWrapper: VoiceInputManagerWrapper.syncLanguagePacks():121 syncLanguagePacks()
04-01 18:19:49.921  8545  8545 I VoiceInputManager: VoiceInputManager.onKeyboardActivated():1148 onKeyboardActivated() [UD]
04-01 18:19:49.921  8545 18518 I SpeechFactory: SpeechRecognitionFactory.maybeScheduleAutoPackDownloadForFallback():217 maybeScheduleAutoPackDownloadForFallback()
04-01 18:19:49.921  8545 18518 I FallbackOnDeviceRecognitionProvider: FallbackOnDeviceRecognitionProvider.maybeScheduleAutoPackDownload():199 maybeScheduleAutoPackDownload() for language tag en-US
04-01 18:19:49.927   548 20529 W android.hardware.audio@7.1-impl.ranchu: pcmWrite:259 pcm_writei failed with 'cannot read/write stream data: I/O error' (-1)
04-01 18:19:49.927   548 20529 E android.hardware.audio@7.1-impl.ranchu: pcmWrite:260 failure: -1
04-01 18:19:49.933  8545  8545 I PkModeUpdater: PkModeUpdater.onActivate():74 onActivate true true
04-01 18:19:49.934  8545  8545 I AccessoryInputModeManager: AccessoryInputModeManager.onModeStarted():319 Accessory input mode started: STYLUS
04-01 18:19:49.936  8545  8545 W ExtensionWrapper: ExtensionWrapper.setAllowUpdateNavigationBarStyle():818 class jpp is not activate
04-01 18:19:49.936  8545  8545 I WidgetViewShowingController: WidgetViewShowingController.showWidgetKeyboardInternal():527 Show companion widget
04-01 18:19:49.960  8067 20354 I NetworkScheduler: (REDACTED) Error inserting %s
04-01 18:19:49.961  8545  8545 W ExtensionWrapper: ExtensionWrapper.setAllowUpdateNavigationBarStyle():818 class jpp is not activate
04-01 18:19:49.961  8545  8545 I WidgetViewShowingPositionHandler: WidgetViewShowingPositionHandler.updateAvailableArea():194 update available area Rect(21, 84 - 1059, 2333)
04-01 18:19:49.962  8545  8545 W NotificationCenter: NotificationCenter$NotificationQueue.notifyPendingNotificationsOnExecutor():877 Heavy notify work detected on UI thread: [jri->jpm] takes 28ms
04-01 18:19:49.962  8545  8545 I HardKeyTracker: HardKeyTracker.registerKeySequence():170 Register key sequence nef{labelResId=2132020472, callback=gdc@5459c6f, lastModifier=2, keyCodes=[62], actions=[0]}
04-01 18:19:49.965  8545  8545 I KeyboardHeightUtil: KeyboardHeightUtil.calculateMaxKeyboardBodyHeight():50 leave 281 height for app when ime window height:2274, header height:116 and isFullscreenMode:false, so the max keyboard body height is:1877
04-01 18:19:49.965  8545  8545 I KeyboardHeightUtil: KeyboardHeightUtil.calculateMaxKeyboardBodyHeight():50 leave 281 height for app when ime window height:2274, header height:116 and isFullscreenMode:false, so the max keyboard body height is:1877
04-01 18:19:49.966  8545  8545 W ExtensionWrapper: ExtensionWrapper.setExtensionViewVisibility():809 interface lzc is not activate
04-01 18:19:49.983  8545  8545 I Module  : DeviceLockedStatusModuleProvider$Module.updateDeviceLockedStatus():100 repeatCheckTimes = 1, locked = false
04-01 18:19:49.984  8545  8545 I HardKeyTracker: HardKeyTracker.unregisterKeySequence():221 Unregister key sequence nef{labelResId=2132020468, callback=cgm@45fc978, lastModifier=2, keyCodes=[48], actions=[0]}
04-01 18:19:49.984  8545  8545 I HardKeyTracker: HardKeyTracker.registerKeySequence():170 Register key sequence nef{labelResId=2132020468, callback=cgm@a0f1568, lastModifier=2, keyCodes=[48], actions=[0]}
04-01 18:19:49.985  8545  8545 I HardKeyTracker: HardKeyTracker.unregisterKeySequence():221 Unregister key sequence nef{labelResId=2132020468, callback=cgm@59f588d, lastModifier=2, keyCodes=[48], actions=[0]}
04-01 18:19:49.986  8545  8545 I HardKeyTracker: HardKeyTracker.registerKeySequence():170 Register key sequence nef{labelResId=2132020468, callback=cgm@faff0bd, lastModifier=2, keyCodes=[48], actions=[0]}
04-01 18:19:49.986  8545  8545 I VoiceImeExtension: VoiceImeExtension.shouldStartVoiceInputAutomaticallyInCurrentInputBox():376 No private IME option set to start voice input.
04-01 18:19:49.995  8545  8545 I HardKeyTracker: HardKeyTracker.unregisterKeySequence():221 Unregister key sequence nef{labelResId=2132020469, callback=cgm@8b0d4bc, lastModifier=2, keyCodes=[32], actions=[0]}
04-01 18:19:49.996  8545  8545 I HardKeyTracker: HardKeyTracker.unregisterKeySequence():221 Unregister key sequence nef{labelResId=2132020469, callback=cgm@810a0cb, lastModifier=0, keyCodes=[319], actions=[0]}
04-01 18:19:49.997  8545  8545 I HardKeyTracker: HardKeyTracker.registerKeySequence():170 Register key sequence nef{labelResId=2132020469, callback=cgm@ba97a75, lastModifier=2, keyCodes=[32], actions=[0]}
04-01 18:19:49.997  8545  8545 I HardKeyTracker: HardKeyTracker.registerKeySequence():170 Register key sequence nef{labelResId=2132020469, callback=cgm@6e6a898, lastModifier=0, keyCodes=[319], actions=[0]}
04-01 18:19:49.998  8545  8545 I HardKeyTracker: HardKeyTracker.unregisterKeySequence():221 Unregister key sequence nef{labelResId=2132020469, callback=cgm@e2957f2, lastModifier=2, keyCodes=[32], actions=[0]}
04-01 18:19:49.998  8545  8545 I HardKeyTracker: HardKeyTracker.unregisterKeySequence():221 Unregister key sequence nef{labelResId=2132020469, callback=cgm@7ff0df9, lastModifier=0, keyCodes=[319], actions=[0]}
04-01 18:19:49.999  8545  8545 I HardKeyTracker: HardKeyTracker.registerKeySequence():170 Register key sequence nef{labelResId=2132020469, callback=cgm@94ff5f3, lastModifier=2, keyCodes=[32], actions=[0]}
04-01 18:19:50.000  8545  8545 I HardKeyTracker: HardKeyTracker.registerKeySequence():170 Register key sequence nef{labelResId=2132020469, callback=cgm@cd280ae, lastModifier=0, keyCodes=[319], actions=[0]}
04-01 18:19:50.002  8545  8545 D ImeBackCallbackSender: Register OnBackInvokedCallback with priority=-1 at app window (packageName=com.example.spotify)
04-01 18:19:50.002 20433 20433 D WindowOnBackDispatcher: setTopOnBackInvokedCallback (unwrapped): android.view.ImeBackAnimationController@e29d0b3
04-01 18:19:50.005  8545  8545 I GoogleInputMethodService: GoogleInputMethodService.onFinishInputView():1543 onFinishInputView(false)
04-01 18:19:50.006  8545  8545 I GlobeKeyExtension: GlobeKeyExtension.onDeactivate():144 
04-01 18:19:50.008  8545  8545 I VoiceInputManagerWrapper: VoiceInputManagerWrapper.shutdown():131 shutdown()
04-01 18:19:50.008  1611  1721 D SatelliteController: iisInCarrierRoamingNbIotNtn: satellite is disabled
04-01 18:19:50.009  8545  8545 I HardKeyTracker: HardKeyTracker.unregisterKeySequence():221 Unregister key sequence nef{labelResId=2132020472, callback=gdc@5459c6f, lastModifier=2, keyCodes=[62], actions=[0]}
04-01 18:19:50.010  8545  8545 W ExtensionWrapper: ExtensionWrapper.setAllowUpdateNavigationBarStyle():818 class jpp is not activate
04-01 18:19:50.010  1611  1721 D SatelliteController: getCarrierRoamingNtnConnectType: Falling back to global carrier config connect type: 0
04-01 18:19:50.013   796  2914 D CoreBackPreview: Window{c9f43 u0 com.example.spotify/com.example.spotify.PhoneAuthActivity}: Setting back callback OnBackInvokedCallbackInfo{mCallback=android.window.IOnBackInvokedCallback$Stub$Proxy@400267f, mPriority=0, mIsAnimationCallback=true, mOverrideBehavior=0}
04-01 18:19:50.014  8545  8545 W ExtensionWrapper: ExtensionWrapper.setAllowUpdateNavigationBarStyle():818 class jpp is not activate
04-01 18:19:50.016  8545  8545 W TooltipLifecycleManager: TooltipLifecycleManager.dismissTooltips():153 Tooltip with id spell_check_add_to_dictionary not found in tooltipManager.
04-01 18:19:50.017  8545  8545 I AndroidIME: AbstractIme.onDeactivate():216 PasswordIme.onDeactivate()
04-01 18:19:50.029  8545  8545 D ImeBackCallbackSender: Unregister OnBackInvokedCallback at app window (packageName=com.example.spotify)
04-01 18:19:50.030  8545  8545 I ImeTracker: system_server:36a97fe6: onHidden
04-01 18:19:50.032   548 20529 W android.hardware.audio@7.1-impl.ranchu: pcmWrite:259 pcm_writei failed with 'cannot read/write stream data: I/O error' (-1)
04-01 18:19:50.032   548 20529 E android.hardware.audio@7.1-impl.ranchu: pcmWrite:260 failure: -1
04-01 18:19:50.034 20433 20433 D WindowOnBackDispatcher: setTopOnBackInvokedCallback (unwrapped): android.app.Activity$$ExternalSyntheticLambda0@8668255
04-01 18:19:50.063   796  1364 D BackgroundInstallControlService: Package event received: 0
04-01 18:19:50.066  8545  8545 I GoogleInputMethodService: GoogleInputMethodService$1.onKeyboardViewShown():324 onKeyboardViewShown: keyboardType=accessory, keyboardViewType=HEADER keyboardView=null
04-01 18:19:50.067  8545  8545 W Keyboard: Keyboard.getKeyboardViewHelper():600 null helper is returned: keyboardDef=mjl{processedConditions={}, globalConditions={}, className=com.google.android.libraries.inputmethod.keyboard.impl.Keyboard, resourceIds=[#0x7f17004d], initialStates=0, keyboardViewDefs=[], persistentStates=0, persistentStatesPrefKey=null, popupBubbleLayoutId=0, recentKeyLayoutId=0, recentKeyPopupLayoutId=0, recentKeyType=null, rememberRecentKey=NONE, sessionStates=0}, type=BODY, helpersCreated=[null, null, null, null], context.getResources().getConfiguration(): {1.0 310mcc260mnc [en_US] ldltr sw411dp w411dp h914dp 420dpi nrml long compactNeeded port finger qwerty/v/v dpad/v winConfig={ mBounds=Rect(0, 0 - 1080, 2400) mAppBounds=Rect(0, 0 - 1080, 2400) mMaxBounds=Rect(0, 0 - 1080, 2400) mDisplayRotation=ROTATION_0 mWindowingMode=fullscreen mActivityType=undefined mAlwaysOnTop=undefined mRotation=ROTATION_0} as.2 s.21 fontWeightAdjustment=0}
04-01 18:19:50.067   796  1687 D CoreBackPreview: Window{c9f43 u0 com.example.spotify/com.example.spotify.PhoneAuthActivity}: Setting back callback OnBackInvokedCallbackInfo{mCallback=android.window.IOnBackInvokedCallback$Stub$Proxy@67aab9b, mPriority=-1, mIsAnimationCallback=false, mOverrideBehavior=0}
04-01 18:19:50.067  8087  8087 D BoundBrokerSvc: onBind: Intent { act=com.google.firebase.dynamiclinks.service.START xflg=0x4 pkg=com.google.android.gms }
04-01 18:19:50.067  8545  8545 I GoogleInputMethodService: GoogleInputMethodService$1.onKeyboardViewShown():324 onKeyboardViewShown: keyboardType=accessory, keyboardViewType=BODY keyboardView=null
04-01 18:19:50.067  8087  8087 D BoundBrokerSvc: Loading bound service for intent: Intent { act=com.google.firebase.dynamiclinks.service.START xflg=0x4 pkg=com.google.android.gms }
04-01 18:19:50.067  8545  8545 W Keyboard: Keyboard.getKeyboardViewHelper():600 null helper is returned: keyboardDef=mjl{processedConditions={}, globalConditions={}, className=com.google.android.libraries.inputmethod.keyboard.impl.Keyboard, resourceIds=[#0x7f17004d], initialStates=0, keyboardViewDefs=[], persistentStates=0, persistentStatesPrefKey=null, popupBubbleLayoutId=0, recentKeyLayoutId=0, recentKeyPopupLayoutId=0, recentKeyType=null, rememberRecentKey=NONE, sessionStates=0}, type=BODY, helpersCreated=[null, null, null, null], context.getResources().getConfiguration(): {1.0 310mcc260mnc [en_US] ldltr sw411dp w411dp h914dp 420dpi nrml long compactNeeded port finger qwerty/v/v dpad/v winConfig={ mBounds=Rect(0, 0 - 1080, 2400) mAppBounds=Rect(0, 0 - 1080, 2400) mMaxBounds=Rect(0, 0 - 1080, 2400) mDisplayRotation=ROTATION_0 mWindowingMode=fullscreen mActivityType=undefined mAlwaysOnTop=undefined mRotation=ROTATION_0} as.2 s.21 fontWeightAdjustment=0}
04-01 18:19:50.134   548 20529 W android.hardware.audio@7.1-impl.ranchu: pcmWrite:259 pcm_writei failed with 'cannot read/write stream data: I/O error' (-1)
04-01 18:19:50.135   548 20529 E android.hardware.audio@7.1-impl.ranchu: pcmWrite:260 failure: -1
04-01 18:19:50.158   796  1274 I HalDevMgr: bestIfaceCreationProposal is null, requestIface=STA, existingIface=[name=wlan0 type=STA]
04-01 18:19:50.239   548 20529 W android.hardware.audio@7.1-impl.ranchu: pcmWrite:259 pcm_writei failed with 'cannot read/write stream data: I/O error' (-1)
04-01 18:19:50.239   548 20529 E android.hardware.audio@7.1-impl.ranchu: pcmWrite:260 failure: -1
04-01 18:19:50.349   548 20529 W android.hardware.audio@7.1-impl.ranchu: pcmWrite:259 pcm_writei failed with 'cannot read/write stream data: I/O error' (-1)
04-01 18:19:50.349   548 20529 E android.hardware.audio@7.1-impl.ranchu: pcmWrite:260 failure: -1
04-01 18:19:50.459   548 20529 W android.hardware.audio@7.1-impl.ranchu: pcmWrite:259 pcm_writei failed with 'cannot read/write stream data: I/O error' (-1)
04-01 18:19:50.461   548 20529 E android.hardware.audio@7.1-impl.ranchu: pcmWrite:260 failure: -1
04-01 18:19:50.480  8545 18598 W AutoCloseableTracker: AutoCloseableTracker.drainReferenceQueue():98 Cleanup AutoCloseable object that missing the close() call
04-01 18:19:50.480  8545 18598 W AutoCloseableTracker: kdu
04-01 18:19:50.480  8545 18598 W AutoCloseableTracker: 	at kdr.<init>(PG:18)
04-01 18:19:50.480  8545 18598 W AutoCloseableTracker: 	at kdz.<init>(PG:1)
04-01 18:19:50.480  8545 18598 W AutoCloseableTracker: 	at kdx.<init>(PG:2)
04-01 18:19:50.480  8545 18598 W AutoCloseableTracker: 	at com.google.android.keyboard.client.delight5.LanguageIdentifier.<init>(PG:6)
04-01 18:19:50.480  8545 18598 W AutoCloseableTracker: 	at com.google.android.keyboard.client.delight5.LanguageIdentifier.<init>(PG:8)
04-01 18:19:50.480  8545 18598 W AutoCloseableTracker: 	at com.android.inputmethod.latin.spellcheck.AndroidSpellCheckerService.createSession(PG:32)
04-01 18:19:50.480  8545 18598 W AutoCloseableTracker: 	at android.service.textservice.SpellCheckerService$SpellCheckerServiceBinder.getISpellCheckerSession(SpellCheckerService.java:361)
04-01 18:19:50.480  8545 18598 W AutoCloseableTracker: 	at com.android.internal.textservice.ISpellCheckerService$Stub.onTransact(ISpellCheckerService.java:115)
04-01 18:19:50.480  8545 18598 W AutoCloseableTracker: 	at android.os.Binder.execTransactInternal(Binder.java:1478)
04-01 18:19:50.480  8545 18598 W AutoCloseableTracker: 	at android.os.Binder.execTransact(Binder.java:1418)
04-01 18:19:50.517  8545  8552 W SP      : File ref is being finalized but wasn't closed, file: transformer_latin_tflite_20231010_zip[41]
04-01 18:19:50.518  8545  8552 W SP      : File ref is being finalized but wasn't closed, file: scribe_latin_20231123_tflite_zip[41]
04-01 18:19:50.518  8545  8552 W SP      : File ref is being finalized but wasn't closed, file: qrnn_en_us_reco_20231010_fst_20230613_recospec_zip[41]
04-01 18:19:50.518  8545  8552 W SP      : File ref is being finalized but wasn't closed, file: transformer_latin_conf_tflite_20231010_zip[41]
04-01 18:19:50.518  8545  8552 W SP      : File ref is being finalized but wasn't closed, file: pack_mapping_v1_lstm_20231127[32]
04-01 18:19:50.518  8545  8552 W SP      : File ref is being finalized but wasn't closed, file: transformer_latin_seg_tflite_20231010_zip[41]
04-01 18:19:50.518  8545  8552 W SP      : File ref is being finalized but wasn't closed, file: scribe_latin_20231123_recospec_zip[41]
04-01 18:19:50.518  8545  8552 W SP      : File ref is being finalized but wasn't closed, file: en_us_20230613_compact_fst_zip[41]
04-01 18:19:50.518  8545  8552 W SP      : File ref is being finalized but wasn't closed, file: transformer_latin_tflite_20231010_zip[41]
04-01 18:19:50.521  8545  8552 W SP      : File ref is being finalized but wasn't closed, file: scribe_latin_20231123_tflite_zip[41]
04-01 18:19:50.521  8545  8552 W SP      : File ref is being finalized but wasn't closed, file: qrnn_en_us_reco_20231010_fst_20230613_recospec_zip[41]
04-01 18:19:50.521  8545  8552 W SP      : File ref is being finalized but wasn't closed, file: transformer_latin_conf_tflite_20231010_zip[41]
04-01 18:19:50.524  8545  8552 W SP      : File ref is being finalized but wasn't closed, file: pack_mapping_v1_lstm_20231127[32]
04-01 18:19:50.524  8545  8552 W SP      : File ref is being finalized but wasn't closed, file: transformer_latin_seg_tflite_20231010_zip[41]
04-01 18:19:50.524  8545  8552 W SP      : File ref is being finalized but wasn't closed, file: scribe_latin_20231123_recospec_zip[41]
04-01 18:19:50.524  8545  8552 W SP      : File ref is being finalized but wasn't closed, file: en_us_20230613_compact_fst_zip[41]
04-01 18:19:50.525  8545  8552 W SP      : File ref is being finalized but wasn't closed, file: transformer_latin_tflite_20231010_zip[41]
04-01 18:19:50.525  8545  8552 W SP      : File ref is being finalized but wasn't closed, file: scribe_latin_20231123_tflite_zip[41]
04-01 18:19:50.525  8545  8552 W SP      : File ref is being finalized but wasn't closed, file: qrnn_en_us_reco_20231010_fst_20230613_recospec_zip[41]
04-01 18:19:50.525  8545  8552 W SP      : File ref is being finalized but wasn't closed, file: transformer_latin_conf_tflite_20231010_zip[41]
04-01 18:19:50.525  8545  8552 W SP      : File ref is being finalized but wasn't closed, file: pack_mapping_v1_lstm_20231127[32]
04-01 18:19:50.525  8545  8552 W SP      : File ref is being finalized but wasn't closed, file: transformer_latin_seg_tflite_20231010_zip[41]
04-01 18:19:50.525  8545  8552 W SP      : File ref is being finalized but wasn't closed, file: scribe_latin_20231123_recospec_zip[41]
04-01 18:19:50.525  8545  8552 W SP      : File ref is being finalized but wasn't closed, file: en_us_20230613_compact_fst_zip[41]
04-01 18:19:50.525  8545  8552 W SP      : File ref is being finalized but wasn't closed, file: transformer_latin_tflite_20231010_zip[41]
04-01 18:19:50.525  8545  8552 W SP      : File ref is being finalized but wasn't closed, file: scribe_latin_20231123_tflite_zip[41]
04-01 18:19:50.525  8545  8552 W SP      : File ref is being finalized but wasn't closed, file: qrnn_en_us_reco_20231010_fst_20230613_recospec_zip[41]
04-01 18:19:50.526  8545  8552 W SP      : File ref is being finalized but wasn't closed, file: transformer_latin_conf_tflite_20231010_zip[41]
04-01 18:19:50.526  8545  8552 W SP      : File ref is being finalized but wasn't closed, file: pack_mapping_v1_lstm_20231127[32]
04-01 18:19:50.526  8545  8552 W SP      : File ref is being finalized but wasn't closed, file: transformer_latin_seg_tflite_20231010_zip[41]
04-01 18:19:50.526  8545  8552 W SP      : File ref is being finalized but wasn't closed, file: scribe_latin_20231123_recospec_zip[41]
04-01 18:19:50.526  8545  8552 W SP      : File ref is being finalized but wasn't closed, file: en_us_20230613_compact_fst_zip[41]
04-01 18:19:50.526  8545  8552 W SP      : File ref is being finalized but wasn't closed, file: scribe_latin_20231123_recospec_zip[41]
04-01 18:19:50.526  8545  8552 W SP      : File ref is being finalized but wasn't closed, file: scribe_latin_20231123_tflite_zip[41]
04-01 18:19:50.528  8545  8552 W SP      : File ref is being finalized but wasn't closed, file: qrnn_en_us_reco_20231010_fst_20230613_recospec_zip[41]
04-01 18:19:50.528  8545  8552 W SP      : File ref is being finalized but wasn't closed, file: transformer_latin_conf_tflite_20231010_zip[41]
04-01 18:19:50.528  8545  8552 W SP      : File ref is being finalized but wasn't closed, file: transformer_latin_seg_tflite_20231010_zip[41]
04-01 18:19:50.528  8545  8552 W SP      : File ref is being finalized but wasn't closed, file: transformer_latin_tflite_20231010_zip[41]
04-01 18:19:50.528  8545  8552 W SP      : File ref is being finalized but wasn't closed, file: en_us_20230613_compact_fst_zip[41]
04-01 18:19:50.529  8545  8552 W SP      : File ref is being finalized but wasn't closed, file: transformer_latin_tflite_20231010_zip[41]
04-01 18:19:50.530  8545  8552 W SP      : File ref is being finalized but wasn't closed, file: scribe_latin_20231123_tflite_zip[41]
04-01 18:19:50.530  8545  8552 W SP      : File ref is being finalized but wasn't closed, file: qrnn_en_us_reco_20231010_fst_20230613_recospec_zip[41]
04-01 18:19:50.530  8545  8552 W SP      : File ref is being finalized but wasn't closed, file: transformer_latin_conf_tflite_20231010_zip[41]
04-01 18:19:50.530  8545  8552 W SP      : File ref is being finalized but wasn't closed, file: pack_mapping_v1_lstm_20231127[32]
04-01 18:19:50.530  8545  8552 W SP      : File ref is being finalized but wasn't closed, file: transformer_latin_seg_tflite_20231010_zip[41]
04-01 18:19:50.530  8545  8552 W SP      : File ref is being finalized but wasn't closed, file: scribe_latin_20231123_recospec_zip[41]
04-01 18:19:50.530  8545  8552 W SP      : File ref is being finalized but wasn't closed, file: en_us_20230613_compact_fst_zip[41]
04-01 18:19:50.530  8545  8552 W SP      : File ref is being finalized but wasn't closed, file: transformer_latin_tflite_20231010_zip[41]
04-01 18:19:50.532  8545  8552 W SP      : File ref is being finalized but wasn't closed, file: scribe_latin_20231123_tflite_zip[41]
04-01 18:19:50.532  8545  8552 W SP      : File ref is being finalized but wasn't closed, file: qrnn_en_us_reco_20231010_fst_20230613_recospec_zip[41]
04-01 18:19:50.533  8545  8552 W SP      : File ref is being finalized but wasn't closed, file: transformer_latin_conf_tflite_20231010_zip[41]
04-01 18:19:50.533  8545  8552 W SP      : File ref is being finalized but wasn't closed, file: pack_mapping_v1_lstm_20231127[32]
04-01 18:19:50.533  8545  8552 W SP      : File ref is being finalized but wasn't closed, file: transformer_latin_seg_tflite_20231010_zip[41]
04-01 18:19:50.533  8545  8552 W SP      : File ref is being finalized but wasn't closed, file: scribe_latin_20231123_recospec_zip[41]
04-01 18:19:50.533  8545  8552 W SP      : File ref is being finalized but wasn't closed, file: en_us_20230613_compact_fst_zip[41]
04-01 18:19:50.534  8545  8552 W SP      : File ref is being finalized but wasn't closed, file: transformer_latin_tflite_20231010_zip[41]
04-01 18:19:50.534  8545  8552 W SP      : File ref is being finalized but wasn't closed, file: scribe_latin_20231123_tflite_zip[41]
04-01 18:19:50.534  8545  8552 W SP      : File ref is being finalized but wasn't closed, file: qrnn_en_us_reco_20231010_fst_20230613_recospec_zip[41]
04-01 18:19:50.534  8545  8552 W SP      : File ref is being finalized but wasn't closed, file: transformer_latin_conf_tflite_20231010_zip[41]
04-01 18:19:50.534  8545  8552 W SP      : File ref is being finalized but wasn't closed, file: pack_mapping_v1_lstm_20231127[32]
04-01 18:19:50.534  8545  8552 W SP      : File ref is being finalized but wasn't closed, file: transformer_latin_seg_tflite_20231010_zip[41]
04-01 18:19:50.534  8545  8552 W SP      : File ref is being finalized but wasn't closed, file: scribe_latin_20231123_recospec_zip[41]
04-01 18:19:50.535  8545  8552 W SP      : File ref is being finalized but wasn't closed, file: en_us_20230613_compact_fst_zip[41]
04-01 18:19:50.536  8545  8552 W SP      : File ref is being finalized but wasn't closed, file: transformer_latin_tflite_20231010_zip[41]
04-01 18:19:50.536  8545  8552 W SP      : File ref is being finalized but wasn't closed, file: scribe_latin_20231123_tflite_zip[41]
04-01 18:19:50.536  8545  8552 W SP      : File ref is being finalized but wasn't closed, file: qrnn_en_us_reco_20231010_fst_20230613_recospec_zip[41]
04-01 18:19:50.537  8545  8552 W SP      : File ref is being finalized but wasn't closed, file: transformer_latin_conf_tflite_20231010_zip[41]
04-01 18:19:50.537  8545  8552 W SP      : File ref is being finalized but wasn't closed, file: pack_mapping_v1_lstm_20231127[32]
04-01 18:19:50.537  8545  8552 W SP      : File ref is being finalized but wasn't closed, file: transformer_latin_seg_tflite_20231010_zip[41]
04-01 18:19:50.537  8545  8552 W SP      : File ref is being finalized but wasn't closed, file: scribe_latin_20231123_recospec_zip[41]
04-01 18:19:50.538  8545  8552 W SP      : File ref is being finalized but wasn't closed, file: en_us_20230613_compact_fst_zip[41]
04-01 18:19:50.540  8545  8552 W SP      : File ref is being finalized but wasn't closed, file: scribe_latin_20231123_recospec_zip[41]
04-01 18:19:50.540  8545  8552 W SP      : File ref is being finalized but wasn't closed, file: scribe_latin_20231123_tflite_zip[41]
04-01 18:19:50.540  8545  8552 W SP      : File ref is being finalized but wasn't closed, file: qrnn_en_us_reco_20231010_fst_20230613_recospec_zip[41]
04-01 18:19:50.540  8545  8552 W SP      : File ref is being finalized but wasn't closed, file: transformer_latin_conf_tflite_20231010_zip[41]
04-01 18:19:50.541  8545  8552 W SP      : File ref is being finalized but wasn't closed, file: transformer_latin_seg_tflite_20231010_zip[41]
04-01 18:19:50.541  8545  8552 W SP      : File ref is being finalized but wasn't closed, file: transformer_latin_tflite_20231010_zip[41]
04-01 18:19:50.541  8545  8552 W SP      : File ref is being finalized but wasn't closed, file: en_us_20230613_compact_fst_zip[41]
04-01 18:19:50.547 18411 20487 W ManagedChannelImpl: [{0}] Failed to resolve name. status={1}
04-01 18:19:50.569   548 20529 W android.hardware.audio@7.1-impl.ranchu: pcmWrite:259 pcm_writei failed with 'cannot read/write stream data: I/O error' (-1)
04-01 18:19:50.569   548 20529 E android.hardware.audio@7.1-impl.ranchu: pcmWrite:260 failure: -1
04-01 18:19:50.583   796  2914 I ImeTracker: system_server:b553df38: onRequestHide at ORIGIN_SERVER reason IME_REQUESTED_CHANGED_LISTENER fromUser false
04-01 18:19:50.585   796   837 I ImeTracker: system_server:b553df38: onCancelled at PHASE_SERVER_SHOULD_HIDE
04-01 18:19:50.671   548 20529 W android.hardware.audio@7.1-impl.ranchu: pcmWrite:259 pcm_writei failed with 'cannot read/write stream data: I/O error' (-1)
04-01 18:19:50.672   548 20529 E android.hardware.audio@7.1-impl.ranchu: pcmWrite:260 failure: -1
04-01 18:19:50.775   548 20529 W android.hardware.audio@7.1-impl.ranchu: pcmWrite:259 pcm_writei failed with 'cannot read/write stream data: I/O error' (-1)
04-01 18:19:50.775   548 20529 E android.hardware.audio@7.1-impl.ranchu: pcmWrite:260 failure: -1
04-01 18:19:50.886   548 20529 W android.hardware.audio@7.1-impl.ranchu: pcmWrite:259 pcm_writei failed with 'cannot read/write stream data: I/O error' (-1)
04-01 18:19:50.886   548 20529 E android.hardware.audio@7.1-impl.ranchu: pcmWrite:260 failure: -1
04-01 18:19:50.944   796  3941 E TaskPersister: File error accessing recents directory (directory doesn't exist?).
04-01 18:19:50.968   548 15519 D android.hardware.audio@7.1-impl.ranchu: threadLoop: entering standby, frames: 5582528
04-01 18:19:50.969   548 15519 D android.hardware.audio@7.1-impl.ranchu: ~TinyalsaSink: joining consumeThread
04-01 18:19:50.989   548 20529 W android.hardware.audio@7.1-impl.ranchu: pcmWrite:259 pcm_writei failed with 'cannot read/write stream data: I/O error' (-1)
04-01 18:19:50.991   548 20529 E android.hardware.audio@7.1-impl.ranchu: pcmWrite:260 failure: -1
04-01 18:19:50.991   548 20529 D android.hardware.audio@7.1-impl.ranchu: consumeThread: exiting
04-01 18:19:50.992   548 15519 D android.hardware.audio@7.1-impl.ranchu: ~TinyalsaSink: stopping PCM stream
04-01 18:19:51.363 20433 20433 E zzb     : Failed to initialize reCAPTCHA config: No Recaptcha Enterprise siteKey configured for tenant/project *
04-01 18:19:51.388 20433 20474 W System  : Ignoring header X-Firebase-Locale because its value was null.
04-01 18:19:51.954 20433 20544 I PlayCore: UID: [10220]  PID: [20433] IntegrityService : requestIntegrityToken(IntegrityTokenRequest{nonce=KrLqxkRF6BR6VDSzZ-0IIOKxvEmIm_ggsSpexyuuenA, cloudProjectNumber=551503664846, network=null})
04-01 18:19:51.961 20433 20545 I PlayCore: UID: [10220]  PID: [20433] IntegrityService : Initiate binding to the service.
04-01 18:19:51.966   796  1364 D BackgroundInstallControlService: Package event received: 0
04-01 18:19:51.992   796  2914 D ActivityManager: sync unfroze 8256 com.android.vending for 6
04-01 18:19:51.996   796  1364 D BackgroundInstallControlService: Package event received: 0
