--------- beginning of system
04-01 18:19:13.596   796  1688 W ActivityTaskManager: callingPackage for (uid=2000, pid=20430) has no WPC
04-01 18:19:13.597   796  1688 V WindowManager: DesktopModeLaunchParamsModifier: phase= 0 task=null activity=null display-area-from-current-params=null display-area-from-default-fallback=DefaultTaskDisplayArea@150724537 display-id=0 task-display-area-windowing-mode=1 suggested-display-area=DefaultTaskDisplayArea@150724537 task null, skipping
04-01 18:19:13.597   796  1688 V WindowManager: TaskLaunchParamsModifier:phase=0 task=null activity=null display-area-from-current-params=null display-area-from-default-fallback=DefaultTaskDisplayArea@150724537 display-id=0 task-display-area-windowing-mode=1 suggested-display-area=DefaultTaskDisplayArea@150724537
--------- beginning of main
04-01 18:19:13.620   796  1688 V GrammaticalInflectionUtils: AttributionSource: android.content.AttributionSource@38de2dbd does not have READ_SYSTEM_GRAMMATICAL_GENDER permission.
04-01 18:19:13.622   796  1688 V WindowManager: DesktopModeLaunchParamsModifier: phase= 0 task=null activity=ActivityRecord{106768343 u0 com.example.spotify/.SplashActivity display-area-from-current-params=null display-area-from-default-fallback=DefaultTaskDisplayArea@150724537 display-id=0 task-display-area-windowing-mode=1 suggested-display-area=DefaultTaskDisplayArea@150724537 task null, skipping
04-01 18:19:13.623   796  1688 V WindowManager: TaskLaunchParamsModifier:phase=0 task=null activity=ActivityRecord{106768343 u0 com.example.spotify/.SplashActivity t-1} display-area-from-current-params=null display-area-from-default-fallback=DefaultTaskDisplayArea@150724537 display-id=0 task-display-area-windowing-mode=1 suggested-display-area=DefaultTaskDisplayArea@150724537
04-01 18:19:13.625   796  1688 V WindowManager: DesktopModeLaunchParamsModifier: phase= 3 task=null activity=ActivityRecord{106768343 u0 com.example.spotify/.SplashActivity t-1} display-area-from-current-params=null display-area-from-default-fallback=DefaultTaskDisplayArea@150724537 display-id=0 task-display-area-windowing-mode=1 suggested-display-area=DefaultTaskDisplayArea@150724537 task null, skipping
04-01 18:19:13.626   796  1688 V WindowManager: TaskLaunchParamsModifier:phase=3 task=null activity=ActivityRecord{106768343 u0 com.example.spotify/.SplashActivity t-1} display-area-from-current-params=null display-area-from-default-fallback=DefaultTaskDisplayArea@150724537 display-id=0 task-display-area-windowing-mode=1 suggested-display-area=DefaultTaskDisplayArea@150724537 non-freeform-task-display-area display-area=DefaultTaskDisplayArea@150724537 skip-bounds-fullscreen
04-01 18:19:13.629   796  1688 V WindowManager: DesktopModeLaunchParamsModifier: phase= 3 task=Task{f17a8c4 #23 type=standard A=10220:com.example.spotify} activity=ActivityRecord{106768343 u0 com.example.spotify/.SplashActivity t-1} display-from-task=0 display-id=0 task-display-area-windowing-mode=1 suggested-display-area=DefaultTaskDisplayArea@150724537 not entering desktop mode, skipping
04-01 18:19:13.630   796  1688 V WindowManager: TaskLaunchParamsModifier:phase=3 task=Task{f17a8c4 #23 type=standard A=10220:com.example.spotify} activity=ActivityRecord{106768343 u0 com.example.spotify/.SplashActivity t-1} display-from-task=0 display-id=0 task-display-area-windowing-mode=1 suggested-display-area=DefaultTaskDisplayArea@150724537 inherit-from-task=fullscreen non-freeform-task-display-area display-area=DefaultTaskDisplayArea@150724537 skip-bounds-fullscreen
04-01 18:19:13.633   617   638 I libbinder.BpBinder: onLastStrongRef automatically unlinking death recipients for descriptor: '(not cached)'
04-01 18:19:13.638   796  1688 I ActivityTaskManager: START u0 {flg=0x10000000 xflg=0x5 cmp=com.example.spotify/.SplashActivity} with LAUNCH_MULTIPLE from uid 2000 (com.android.shell) (BAL_ALLOW_PERMISSION) result code=0
04-01 18:19:13.649  1677  1677 D RecentsView: onTaskDisplayChanged: 23, new displayId = 0
04-01 18:19:13.650   796   837 V GrammaticalInflectionUtils: AttributionSource: android.content.AttributionSource@38de2dbd does not have READ_SYSTEM_GRAMMATICAL_GENDER permission.
04-01 18:19:13.664   796   829 I AppsFilter: interaction: PackageSetting{bee1f96 com.android.microdroid.empty_payload/10198} -> PackageSetting{488d30 com.example.spotify/10220} BLOCKED
04-01 18:19:13.664   796   829 I AppsFilter: interaction: PackageSetting{734704 com.example.outfy/10219} -> PackageSetting{488d30 com.example.spotify/10220} BLOCKED
04-01 18:19:13.664   796   829 I AppsFilter: interaction: PackageSetting{635cae8 com.example.adventure_booking/10221} -> PackageSetting{488d30 com.example.spotify/10220} BLOCKED
04-01 18:19:13.669  1412  1511 V WindowManagerShell: Transition requested (#91): android.os.BinderProxy@dd579fb TransitionRequestInfo { type = OPEN, triggerTask = TaskInfo{userId=0 taskId=23 effectiveUid=10220 displayId=0 isRunning=true baseIntent=Intent { flg=0x10000000 cmp=com.example.spotify/.SplashActivity } baseActivity=ComponentInfo{com.example.spotify/com.example.spotify.SplashActivity} topActivity=ComponentInfo{com.example.spotify/com.example.spotify.SplashActivity} origActivity=null realActivity=ComponentInfo{com.example.spotify/com.example.spotify.SplashActivity} numActivities=1 lastActiveTime=15252455 supportsMultiWindow=true resizeMode=1 isResizeable=true minWidth=-1 minHeight=-1 defaultMinSize=220 token=WCT{android.os.BinderProxy@2319a18} topActivityType=1 pictureInPictureParams=null shouldDockBigOverlays=false launchIntoPipHostTaskId=-1 lastParentTaskIdBeforePip=-1 displayCutoutSafeInsets=Rect(0, 0 - 0, 0) topActivityInfo=ActivityInfo{2a21c71 com.example.spotify.SplashActivity} launchCookies=[] positionInParent=Point(0, 0) parentTaskId=-1 isFocused=false isVisible=false isVisibleRequested=false isTopActivityNoDisplay=false isSleeping=false locusId=null displayAreaFeatureId=1 isTopActivityTransparent=false isActivityStackTransparent=false lastNonFullscreenBounds=null capturedLink=null capturedLinkTimestamp=0 requestedVisibleTypes=503 topActivityRequestOpenInBrowserEducationTimestamp=0 appCompatTaskInfo=AppCompatTaskInfo { topActivityInSizeCompat=false isLeafTask= true eligibleForLetterboxEducation= false isLetterboxEducationEnabled= true isLetterboxDoubleTapEnabled= false eligibleForUserAspectRatioButton= false topActivityBoundsLetterboxed= false isFromLetterboxDoubleTap= false topActivityLetterboxVerticalPosition= -1 topActivityLetterboxHorizontalPosition= -1 topActivityLetterboxWidth=-1 topActivityLetterboxHeight=-1 topActivityAppBounds=Rect(0, 0 - 1080, 2400) isUserFullscreenOverrideEnabled=false isSystemFullscreenOverrideEnabled=false hasMinAspectRatioOverride=false topActivityLetterboxBounds=null cameraCompatTaskInfo=CameraCompatTaskInfo { cameraCompatMode=inactive0} topNonResizableActivityAspectRatio=-1.0} topActivityMainWindowFrame=null isAppBubble=false}, pipChange = null, remoteTransition = null, displayChange = null, requestedLocation = null, userChange = null, windowingLayerChange = null, flags = 0, debugId = 91 }
04-01 18:19:13.670  1412  1511 D ShellSplitScreen: logExit: no-op, mLoggerSessionId is null
04-01 18:19:13.670   796  1364 D BackgroundInstallControlService: Package event received: 0
04-01 18:19:13.681   796   829 D CompatChangeReporter: Compat change id reported: 377864165; UID 10220; state: ENABLED
04-01 18:19:13.684  1412  1511 V WindowManagerShell: Transition animation finished (aborted=false), notifying core (#90) android.os.BinderProxy@692a6e8@0
04-01 18:19:13.693  1677  1677 D b/417220811: invalidateLoadedTasks - previous requestLoadId: -1
04-01 18:19:13.687   540   540 D Zygote  : Forked child process 20433
04-01 18:19:13.693  1677  1677 D b/417220811: invalidateLoadedTasks - previous requestLoadId: -1
04-01 18:19:13.702   796   848 W ActivityManager: Slow operation: 53ms so far, now at startProcess: done updating battery stats
04-01 18:19:13.703   796   848 W ActivityManager: Slow operation: 53ms so far, now at startProcess: building log message
04-01 18:19:13.703   796   848 I ActivityManager: Start proc 20433:com.example.spotify/u0a220 for next-top-activity {com.example.spotify/com.example.spotify.SplashActivity}
04-01 18:19:13.703   796   848 W ActivityManager: Slow operation: 53ms so far, now at startProcess: starting to update pids map
04-01 18:19:13.750   796   834 V WindowManager: Finish Transition (#90): created at 04-01 18:19:12.557 collect-started=0.24ms request-sent=28.879ms started=62.975ms ready=62.858ms sent=612.151ms commit=21.695ms finished=1190.816ms
04-01 18:19:13.752   796   848 W ActivityManager: Slow operation: 102ms so far, now at startProcess: done updating pids map
04-01 18:19:13.768  1412  1511 V WindowManagerShell: Track 0 became idle
04-01 18:19:13.780 20433 20433 I Zygote  : Process 20433 created for com.example.spotify
04-01 18:19:13.792 20433 20433 I example.spotify: Late-enabling -Xcheck:jni
04-01 18:19:13.792 18411 18411 D VRI[explore]: visibilityChanged oldVisibility=true newVisibility=false
04-01 18:19:13.816   796  1274 I HalDevMgr: bestIfaceCreationProposal is null, requestIface=STA, existingIface=[name=wlan0 type=STA]
04-01 18:19:13.833  1677  1677 D b/417220811: invalidateLoadedTasks - previous requestLoadId: -1
04-01 18:19:13.992  1412  1441 V WindowManagerShell: onTransitionReady(transaction=3418793973476)
04-01 18:19:14.001  1412  1511 V WindowManagerShell: onTransitionReady (#91) android.os.BinderProxy@dd579fb: {id=91 t=OPEN f=0x0 trk=1 r=[0@Point(0, 0)] c=[
04-01 18:19:14.001  1412  1511 V WindowManagerShell:         {m=OPEN f=NONE leash=Surface(name=Task=23#830)/@0x93b70b7 sb=Rect(0, 0 - 1080, 2400) eb=Rect(0, 0 - 1080, 2400) epz=Point(1080, 2400) d=0 taskParent=-1 winMode=1 userId=0},
04-01 18:19:14.001  1412  1511 V WindowManagerShell:         {m=TO_BACK f=NONE leash=Surface(name=Task=21#527)/@0xf30f024 sb=Rect(0, 0 - 1080, 2400) eb=Rect(0, 0 - 1080, 2400) epz=Point(1080, 2400) d=0 taskParent=-1 winMode=1 userId=0}
04-01 18:19:14.001  1412  1511 V WindowManagerShell:     ]}
04-01 18:19:14.002  1412  1511 V WindowManagerShell: Playing animation for (#91) android.os.BinderProxy@dd579fb@1
04-01 18:19:14.002  1412  1511 V ShellRecents: RecentsTransitionHandler.startAnimation: no controller found
04-01 18:19:14.003  1412  1511 V WindowManagerShell: Transition doesn't have explicit remote, search filters for match for {id=91 t=OPEN f=0x0 trk=1 r=[0@Point(0, 0)] c=[{m=OPEN f=NONE leash=Surface(name=Task=23#830)/@0x93b70b7 sb=Rect(0, 0 - 1080, 2400) eb=Rect(0, 0 - 1080, 2400) epz=Point(1080, 2400) d=0 taskParent=-1 winMode=1 userId=0},{m=TO_BACK f=NONE leash=Surface(name=Task=21#527)/@0xf30f024 sb=Rect(0, 0 - 1080, 2400) eb=Rect(0, 0 - 1080, 2400) epz=Point(1080, 2400) d=0 taskParent=-1 winMode=1 userId=0}]}
04-01 18:19:14.003  1412  1511 V WindowManagerShell:  Checking filter Pair{{types=[] flags=0x0] notFlags=0x0 checks=[{atype=undefined independent=true modes=[CLOSE,TO_BACK] flags=IN_TASK_WITH_EMBEDDED_ACTIVITY mustBeTask=false order=ANY topActivity=null launchCookie=null taskFragmentToken=android.os.BinderProxy@1bbfa26 windowingMode=undefined isCrossDisplayMove=false}]} RemoteTransition { remoteTransition = android.window.IRemoteTransition$Stub$Proxy@2a54667, appThread = android.app.IApplicationThread$Stub$Proxy@67c8c14, debugName = overlayBackTransition }}
04-01 18:19:14.003  1412  1511 V WindowManagerShell:  Checking filter Pair{{types=[] flags=0x0] notFlags=0x0 checks=[{atype=dream independent=true modes=[OPEN,TO_FRONT] flags=NONE mustBeTask=false order=ANY topActivity=null launchCookie=null windowingMode=undefined isCrossDisplayMove=false},{atype=home independent=true modes=[CLOSE,TO_BACK] flags=NONE mustBeTask=false order=ANY topActivity=null launchCookie=null windowingMode=undefined isCrossDisplayMove=false}]} RemoteTransition { remoteTransition = android.window.IRemoteTransition$Stub$Proxy@12decbd, appThread = android.app.IApplicationThread$Stub$Proxy@5dd92b2, debugName = LauncherToDream }}
04-01 18:19:14.003  1412  1511 V WindowManagerShell:  Checking filter Pair{{types=[] flags=0x0] notFlags=0x100 checks=[{atype=home independent=true modes=[OPEN,TO_FRONT] flags=NONE mustBeTask=false order=TOP topActivity=ComponentInfo{com.google.android.apps.nexuslauncher/com.google.android.apps.nexuslauncher.NexusLauncherActivity} launchCookie=null windowingMode=undefined isCrossDisplayMove=false},{atype=standard independent=true modes=[CLOSE,TO_BACK] flags=NONE mustBeTask=false order=ANY topActivity=null launchCookie=null windowingMode=undefined isCrossDisplayMove=false},{NOT atype=undefined independent=true modes=[] flags=NONE mustBeTask=true order=ANY topActivity=null launchCookie=null customAnim=true windowingMode=undefined isCrossDisplayMove=false}]} RemoteTransition { remoteTransition = android.window.IRemoteTransition$Stub$Proxy@9b5e203, appThread = android.app.IApplicationThread$Stub$Proxy@ea05580, debugName = QuickstepLaunchHome }}
04-01 18:19:14.003  1412  1511 V WindowManagerShell:  Delegate animation for (#91) to null
04-01 18:19:14.003  1412  1511 V WindowManagerShell: start default transition animation, info = {id=91 t=OPEN f=0x0 trk=1 r=[0@Point(0, 0)] c=[{m=OPEN f=NONE leash=Surface(name=Task=23#830)/@0x93b70b7 sb=Rect(0, 0 - 1080, 2400) eb=Rect(0, 0 - 1080, 2400) epz=Point(1080, 2400) d=0 taskParent=-1 winMode=1 userId=0},{m=TO_BACK f=NONE leash=Surface(name=Task=21#527)/@0xf30f024 sb=Rect(0, 0 - 1080, 2400) eb=Rect(0, 0 - 1080, 2400) epz=Point(1080, 2400) d=0 taskParent=-1 winMode=1 userId=0}]}
04-01 18:19:14.008  1412  1511 V WindowManagerShell: loadAnimation: anim=android.view.animation.AnimationSet@68c6153 animAttr=0x9 type=OPEN isEntrance=false
04-01 18:19:14.031   796   834 V WindowManager: Sent Transition (#91) createdAt=04-01 18:19:13.621 via request=TransitionRequestInfo { type = OPEN, triggerTask = TaskInfo{userId=0 taskId=23 effectiveUid=10220 displayId=0 isRunning=true baseIntent=Intent { flg=0x10000000 cmp=com.example.spotify/.SplashActivity } baseActivity=ComponentInfo{com.example.spotify/com.example.spotify.SplashActivity} topActivity=ComponentInfo{com.example.spotify/com.example.spotify.SplashActivity} origActivity=null realActivity=ComponentInfo{com.example.spotify/com.example.spotify.SplashActivity} numActivities=1 lastActiveTime=15252455 supportsMultiWindow=true resizeMode=1 isResizeable=true minWidth=-1 minHeight=-1 defaultMinSize=220 token=WCT{RemoteToken{dd4abea Task{f17a8c4 #23 type=standard A=10220:com.example.spotify}}} topActivityType=1 pictureInPictureParams=null shouldDockBigOverlays=false launchIntoPipHostTaskId=-1 lastParentTaskIdBeforePip=-1 displayCutoutSafeInsets=Rect(0, 0 - 0, 0) topActivityInfo=ActivityInfo{eaaedb com.example.spotify.SplashActivity} launchCookies=[] positionInParent=Point(0, 0) parentTaskId=-1 isFocused=false isVisible=false isVisibleRequested=false isTopActivityNoDisplay=false isSleeping=false locusId=null displayAreaFeatureId=1 isTopActivityTransparent=false isActivityStackTransparent=false lastNonFullscreenBounds=null capturedLink=null capturedLinkTimestamp=0 requestedVisibleTypes=503 topActivityRequestOpenInBrowserEducationTimestamp=0 appCompatTaskInfo=AppCompatTaskInfo { topActivityInSizeCompat=false isLeafTask= true eligibleForLetterboxEducation= false isLetterboxEducationEnabled= true isLetterboxDoubleTapEnabled= false eligibleForUserAspectRatioButton= false topActivityBoundsLetterboxed= false isFromLetterboxDoubleTap= false topActivityLetterboxVerticalPosition= -1 topActivityLetterboxHorizontalPosition= -1 topActivityLetterboxWidth=-1 topActivityLetterboxHeight=-1 topActivityAppBounds=Rect(0, 0 - 1080, 2400) isUserFullscreenOverrideEnabled=false isSystemFullscreenOverrideEnabled=false hasMinAspectRatioOverride=false topActivityLetterboxBounds=null cameraCompatTaskInfo=CameraCompatTaskInfo { cameraCompatMode=inactive0} topNonResizableActivityAspectRatio=-1.0} topActivityMainWindowFrame=null isAppBubble=false}, pipChange = null, remoteTransition = null, displayChange = null, requestedLocation = null, userChange = null, windowingLayerChange = null, flags = 0, debugId = 91 }
04-01 18:19:14.031   796   834 V WindowManager:     startWCT=WindowContainerTransaction { changes= {} hops= [] errorCallbackToken=null taskFragmentOrganizer=null }
04-01 18:19:14.031   796   834 V WindowManager:     info={id=91 t=OPEN f=0x0 trk=1 r=[0@Point(0, 0)] c=[
04-01 18:19:14.031   796   834 V WindowManager:         {WCT{RemoteToken{dd4abea Task{f17a8c4 #23 type=standard A=10220:com.example.spotify}}} m=OPEN f=NONE leash=Surface(name=Task=23#830)/@0x5fa75bf sb=Rect(0, 0 - 1080, 2400) eb=Rect(0, 0 - 1080, 2400) epz=Point(1080, 2400) d=0 taskParent=-1 winMode=1 userId=0},
04-01 18:19:14.031   796   834 V WindowManager:         {WCT{RemoteToken{573e1fd Task{b8f871b #21 type=standard A=10221:com.example.adventure_booking}}} m=TO_BACK f=NONE leash=Surface(name=Task=21#527)/@0x3714142 sb=Rect(0, 0 - 1080, 2400) eb=Rect(0, 0 - 1080, 2400) epz=Point(1080, 2400) d=0 taskParent=-1 winMode=1 userId=0}
04-01 18:19:14.031   796   834 V WindowManager:     ]}
04-01 18:19:14.063  1412  1511 V WindowManagerShell: loadAnimation: anim=android.view.animation.AnimationSet@63d7ba8 animAttr=0x8 type=OPEN isEntrance=true
04-01 18:19:14.068  1412  1511 V WindowManagerShell:  animated by com.android.wm.shell.transition.DefaultTransitionHandler@d9aeecd
04-01 18:19:14.068  1412  1511 V ShellTaskOrganizer: Task appeared taskId=23 listener=FullscreenTaskListener
04-01 18:19:14.068  1412  1511 V ShellTaskOrganizer: Fullscreen Task Appeared: #23
04-01 18:19:14.072  1677  1677 D b/417220811: invalidateLoadedTasks - previous requestLoadId: -1
04-01 18:19:14.352 20433 20433 I example.spotify: Using CollectorTypeCMC GC.
04-01 18:19:14.357 20433 20433 W example.spotify: Unexpected CPU variant for x86: x86_64.
04-01 18:19:14.357 20433 20433 W example.spotify: Known variants: atom, sandybridge, silvermont, goldmont, goldmont-plus, goldmont-without-sha-xsaves, tremont, kabylake, alderlake, default
04-01 18:19:14.608  1412  1511 V WindowManagerShell: Transition animation finished (aborted=false), notifying core (#91) android.os.BinderProxy@dd579fb@1
04-01 18:19:14.619   796   834 V WindowManager: Finish Transition (#91): created at 04-01 18:19:13.621 collect-started=0.216ms request-sent=16.342ms started=61.122ms ready=356.721ms sent=361.831ms commit=93.313ms finished=991.786ms
04-01 18:19:14.637 18411 18411 D VRI[family]: visibilityChanged oldVisibility=true newVisibility=false
04-01 18:19:14.645  1412  1511 V WindowManagerShell: Track 1 became idle
04-01 18:19:14.645  1412  1511 V WindowManagerShell: All active transition animations finished
04-01 18:19:14.729  1760  1785 I adbd    : jdwp connection from 20433
04-01 18:19:14.780   796  1389 W ImageReader_JNI: Unable to acquire a buffer item, very likely client tried to acquire more than maxImages buffers
04-01 18:19:14.786 20433 20433 D nativeloader: Load libframework-connectivity-tiramisu-jni.so using APEX ns com_android_tethering for caller /apex/com.android.tethering/javalib/framework-connectivity-t.jar: ok
04-01 18:19:14.846 20450 20450 W libbinder.BackendUnifiedServiceManager: Thread Pool max thread count is 0. Cannot cache binder as linkToDeath cannot be implemented. serviceName: package
04-01 18:19:14.947   796  1364 D BackgroundInstallControlService: Package event received: 0
04-01 18:19:15.188   796  3941 E TaskPersister: File error accessing recents directory (directory doesn't exist?).
04-01 18:19:15.242   548 20420 W android.hardware.audio@7.1-impl.ranchu: pcmWrite:259 pcm_writei failed with 'cannot read/write stream data: I/O error' (-1)
04-01 18:19:15.242   548 20420 E android.hardware.audio@7.1-impl.ranchu: pcmWrite:260 failure: -1
04-01 18:19:15.354   548 20420 W android.hardware.audio@7.1-impl.ranchu: pcmWrite:259 pcm_writei failed with 'cannot read/write stream data: I/O error' (-1)
04-01 18:19:15.354   548 20420 E android.hardware.audio@7.1-impl.ranchu: pcmWrite:260 failure: -1
04-01 18:19:15.371  2869  8105 I artd    : GetBestInfo: odex next to the dex file (/data/app/~~n2jiZ5JHHtBhtLQZZyFxwQ==/com.google.android.gms-3_wE7ySPL0L8XbrYRRwLfg==/oat/x86_64/base.odex) is kOatUpToDate with filter 'speed-profile' executable 'false'
04-01 18:19:15.395  2869  8105 I artd    : GetBestInfo: odex next to the dex file (/data/app/~~n2jiZ5JHHtBhtLQZZyFxwQ==/com.google.android.gms-3_wE7ySPL0L8XbrYRRwLfg==/oat/x86_64/split_AdsDynamite_installtime.odex) is kOatUpToDate with filter 'speed' executable 'false'
04-01 18:19:15.398  2869  2885 I artd    : GetBestInfo: odex next to the dex file (/data/app/~~n2jiZ5JHHtBhtLQZZyFxwQ==/com.google.android.gms-3_wE7ySPL0L8XbrYRRwLfg==/oat/x86_64/split_CronetDynamite_installtime.odex) is kOatUpToDate with filter 'speed' executable 'false'
04-01 18:19:15.404  2869  2885 I artd    : GetBestInfo: odex next to the dex file (/data/app/~~n2jiZ5JHHtBhtLQZZyFxwQ==/com.google.android.gms-3_wE7ySPL0L8XbrYRRwLfg==/oat/x86_64/split_DynamiteLoader_installtime.odex) is kOatUpToDate with filter 'speed' executable 'false'
04-01 18:19:15.415  2869  2885 I artd    : GetBestInfo: odex next to the dex file (/data/app/~~n2jiZ5JHHtBhtLQZZyFxwQ==/com.google.android.gms-3_wE7ySPL0L8XbrYRRwLfg==/oat/x86_64/split_DynamiteModulesA_installtime.odex) is kOatUpToDate with filter 'speed' executable 'false'
04-01 18:19:15.427  2869  2885 I artd    : GetBestInfo: odex next to the dex file (/data/app/~~n2jiZ5JHHtBhtLQZZyFxwQ==/com.google.android.gms-3_wE7ySPL0L8XbrYRRwLfg==/oat/x86_64/split_DynamiteModulesC_installtime.odex) is kOatUpToDate with filter 'speed' executable 'false'
04-01 18:19:15.436  2869  2885 I artd    : GetBestInfo: odex next to the dex file (/data/app/~~n2jiZ5JHHtBhtLQZZyFxwQ==/com.google.android.gms-3_wE7ySPL0L8XbrYRRwLfg==/oat/x86_64/split_GoogleCertificates_installtime.odex) is kOatUpToDate with filter 'speed' executable 'false'
04-01 18:19:15.440  2869  2885 I artd    : GetBestInfo: odex next to the dex file (/data/app/~~n2jiZ5JHHtBhtLQZZyFxwQ==/com.google.android.gms-3_wE7ySPL0L8XbrYRRwLfg==/oat/x86_64/split_MapsDynamite_installtime.odex) is kOatUpToDate with filter 'speed' executable 'false'
04-01 18:19:15.446  2869  2885 I artd    : GetBestInfo: odex next to the dex file (/data/app/~~n2jiZ5JHHtBhtLQZZyFxwQ==/com.google.android.gms-3_wE7ySPL0L8XbrYRRwLfg==/oat/x86_64/split_MeasurementDynamite_installtime.odex) is kOatUpToDate with filter 'speed' executable 'false'
04-01 18:19:15.452  2869  2885 I artd    : GetBestInfo: /data/user_de/0/com.google.android.gms/app_chimera/m/0000000d/dl-MlkitBarcodeUi.optional_253434100800.apk has no usable artifacts
04-01 18:19:15.455   548 20420 W android.hardware.audio@7.1-impl.ranchu: pcmWrite:259 pcm_writei failed with 'cannot read/write stream data: I/O error' (-1)
04-01 18:19:15.455   548 20420 E android.hardware.audio@7.1-impl.ranchu: pcmWrite:260 failure: -1
04-01 18:19:15.456  2869  2885 I artd    : GetBestInfo: /data/user_de/0/com.google.android.gms/app_chimera/m/00000001/CronetDynamite.apk has no usable artifacts
04-01 18:19:15.459  2869  2885 I artd    : GetBestInfo: /data/user_de/0/com.google.android.gms/app_chimera/m/00000016/dl-MlkitOcrCommon.optional_261133100800.apk has no usable artifacts
04-01 18:19:15.461  2869  2885 I artd    : GetBestInfo: /data/user_de/0/com.google.android.gms/app_chimera/m/00000002/DynamiteLoader.apk has no usable artifacts
04-01 18:19:15.465  2869  2885 I artd    : GetBestInfo: /data/user_de/0/com.google.android.gms/app_chimera/m/00000005/GoogleCertificates.apk has no usable artifacts
04-01 18:19:15.474  2869  2885 I artd    : GetBestInfo: /data/user_de/0/com.google.android.gms/app_chimera/m/00000012/dl-Appsearch.optional_261133100800.apk has no usable artifacts
04-01 18:19:15.477  2869  2885 I artd    : GetBestInfo: /data/user_de/0/com.google.android.gms/app_chimera/m/00000009/dl-TfliteDynamiteDynamite.integ_252130102100800.apk has no usable artifacts
04-01 18:19:15.480  2869  2885 I artd    : GetBestInfo: /data/user_de/0/com.google.android.gms/app_chimera/m/00000011/dl-PlayCloudSearch.optional_261133100000.apk has no usable artifacts
04-01 18:19:15.483  2869  2885 I artd    : GetBestInfo: /data/user_de/0/com.google.android.gms/app_chimera/m/0000000a/dl-VisionOcr.optional_253434100000.apk has no usable artifacts
04-01 18:19:15.485  2869  2885 I artd    : GetBestInfo: /data/user_de/0/com.google.android.gms/app_chimera/m/00000014/dl-MlkitBarcodeUi.optional_261133100800.apk has no usable artifacts
04-01 18:19:15.488  2869  2885 I artd    : GetBestInfo: /data/user_de/0/com.google.android.gms/app_chimera/m/0000000c/dl-MlkitOcrCommon.optional_253434100800.apk has no usable artifacts
04-01 18:19:15.490  2869  2885 I artd    : GetBestInfo: /data/user_de/0/com.google.android.gms/app_chimera/m/00000010/dl-VisionOcr.optional_261133100000.apk has no usable artifacts
04-01 18:19:15.493  2869  2885 I artd    : GetBestInfo: /data/user_de/0/com.google.android.gms/app_chimera/m/0000000f/dl-PlayCloudSearch.optional_253434100000.apk has no usable artifacts
04-01 18:19:15.498  2869  2885 I artd    : GetBestInfo: /data/user_de/0/com.google.android.gms/app_chimera/m/0000000e/dl-Appsearch.optional_253434100800.apk has no usable artifacts
04-01 18:19:15.501  2869  2885 I artd    : GetBestInfo: vdex next to the dex file (/data/user/0/com.google.android.gms/app_dg_cache/492BB24C67899DCD3E45A896813896109D71DC84/oat/x86_64/the.vdex) is kOatUpToDate with filter 'verify' executable 'false'
04-01 18:19:15.502  2869  2885 I artd    : GetBestInfo: /data/user_de/0/com.google.android.gms/app_chimera/m/00000007/MeasurementDynamite.apk has no usable artifacts
04-01 18:19:15.560   548 20420 W android.hardware.audio@7.1-impl.ranchu: pcmWrite:259 pcm_writei failed with 'cannot read/write stream data: I/O error' (-1)
04-01 18:19:15.561   548 20420 E android.hardware.audio@7.1-impl.ranchu: pcmWrite:260 failure: -1
04-01 18:19:15.660   548 15519 D android.hardware.audio@7.1-impl.ranchu: threadLoop: entering standby, frames: 5448704
04-01 18:19:15.660   548 15519 D android.hardware.audio@7.1-impl.ranchu: ~TinyalsaSink: joining consumeThread
04-01 18:19:15.664   548 20420 W android.hardware.audio@7.1-impl.ranchu: pcmWrite:259 pcm_writei failed with 'cannot read/write stream data: I/O error' (-1)
04-01 18:19:15.664   548 20420 E android.hardware.audio@7.1-impl.ranchu: pcmWrite:260 failure: -1
04-01 18:19:15.664   548 20420 D android.hardware.audio@7.1-impl.ranchu: consumeThread: exiting
04-01 18:19:15.664   548 15519 D android.hardware.audio@7.1-impl.ranchu: ~TinyalsaSink: stopping PCM stream
04-01 18:19:15.672 18411 20421 I FA      : Application backgrounded at: timestamp_millis: 1775047753665
04-01 18:19:15.978 20433 20433 D nativeloader: Configuring clns-9 for other apk /data/app/~~-20oFtRcC7Y4LjhIP3Ohmg==/com.example.spotify-cBM1eTHv0yRK_I43lPhxrw==/base.apk. target_sdk_version=36, uses_libraries=, library_path=/data/app/~~-20oFtRcC7Y4LjhIP3Ohmg==/com.example.spotify-cBM1eTHv0yRK_I43lPhxrw==/lib/x86_64:/data/app/~~-20oFtRcC7Y4LjhIP3Ohmg==/com.example.spotify-cBM1eTHv0yRK_I43lPhxrw==/base.apk!/lib/x86_64, permitted_path=/data:/mnt/expand:/data/user/0/com.example.spotify
04-01 18:19:16.050 20433 20433 V GraphicsEnvironment: Currently set values for:
04-01 18:19:16.050 20433 20433 V GraphicsEnvironment:   angle_gl_driver_selection_pkgs=[]
04-01 18:19:16.050 20433 20433 V GraphicsEnvironment:   angle_gl_driver_selection_values=[]
04-01 18:19:16.051 20433 20433 V GraphicsEnvironment: com.example.spotify is not listed in per-application setting
04-01 18:19:16.053 20433 20433 V GraphicsEnvironment: ANGLE allowlist from config: com.dreamgames.royalmatch com.dts.freefiremax com.dxx.firenow com.gramgames.mergedragons com.ludo.king com.mojang.minecraftpe com.my.defense com.nintendo.zaka com.os.airforce com.playrix.fishdomdd.gplay io.teslatech.callbreak jp.konami.prospia net.peakgames.toonblast
04-01 18:19:16.053 20433 20433 V GraphicsEnvironment: No special selections for ANGLE, returning default driver choice
04-01 18:19:16.053 20433 20433 V GraphicsEnvironment: Neither updatable production driver nor prerelease driver is supported.
04-01 18:19:16.198 20433 20433 I FirebaseApp: Device unlocked: initializing all Firebase APIs for app [DEFAULT]
04-01 18:19:16.249 20433 20433 I FirebaseInitProvider: FirebaseApp initialization successful
04-01 18:19:16.363   796  1364 D BackgroundInstallControlService: Package event received: 0
04-01 18:19:16.363   796  1364 D BackgroundInstallControlService: Package event received: 0
04-01 18:19:16.372 20433 20458 W example.spotify: ClassLoaderContext classpath size mismatch. expected=1, found=0 (DLC[];PCL[base.apk*2941841013]{PCL[/system/framework/org.apache.http.legacy.jar*1269945583]#PCL[/system/framework/com.android.location.provider.jar*1489720897]#PCL[/system/framework/com.android.media.remotedisplay.jar*1296079867]#PCL[/system_ext/framework/com.android.extensions.appfunctions.jar*1645672965]#PCL[/system_ext/framework/androidx.window.extensions.jar*1272918975]#PCL[/system_ext/framework/androidx.window.sidecar.jar*3267387525]} | DLC[];PCL[])
04-01 18:19:16.373 20433 20461 I DisplayManager: Choreographer implicitly registered for the refresh rate.
04-01 18:19:16.401 20433 20458 I DynamiteModule: Considering local module com.google.android.gms.measurement.dynamite:185 and remote module com.google.android.gms.measurement.dynamite:182
04-01 18:19:16.401 20433 20458 I DynamiteModule: Selected local version of com.google.android.gms.measurement.dynamite
04-01 18:19:16.546 20433 20461 I GFXSTREAM: [eglDisplay.cpp(297)] Opening libGLESv1_CM_emulation.so
04-01 18:19:16.548 20433 20461 I GFXSTREAM: [eglDisplay.cpp(297)] Opening libGLESv2_emulation.so
04-01 18:19:16.653 20433 20461 W HWUI    : Failed to choose config with EGL_SWAP_BEHAVIOR_PRESERVED, retrying without...
04-01 18:19:16.654 20433 20461 W HWUI    : Failed to initialize 101010-2 format, error = EGL_SUCCESS
04-01 18:19:16.829   796  1274 I HalDevMgr: bestIfaceCreationProposal is null, requestIface=STA, existingIface=[name=wlan0 type=STA]
04-01 18:19:16.869 20433 20433 D DesktopExperienceFlags: Toggle override initialized to: false
04-01 18:19:16.904 20433 20433 D AppCompatDelegate: Checking for metadata for AppLocalesMetadataHolderService : Service not found
04-01 18:19:16.923 20433 20433 E ashmem  : Pinning is deprecated since Android Q. Please use trim or other methods.
04-01 18:19:17.018 20433 20472 I example.spotify: hiddenapi: Accessing hidden method Ldalvik/system/VMStack;->getStackClass2()Ljava/lang/Class; (runtime_flags=0, domain=core-platform, api=unsupported) from Lcom/google/android/gms/internal/measurement/zzaaj; (domain=app, TargetSdkVersion=36) using reflection: allowed
04-01 18:19:17.159   796   999 D ActivityManager: freezing 15400 com.android.vending:background
04-01 18:19:17.318 20433 20472 D Phlogger: Application doesn't implement PhenotypeApplication interface, falling back to globally set context. See go/phenotype-flag#process-stable-init for more info.
04-01 18:19:17.324 20433 20472 I Phlogger: Unable to retrieve flag snapshot for com.google.android.gms.measurement#com.example.spotify, using defaults.
04-01 18:19:17.352  8673  8699 E TraceManagerImpl: Trace WorkManager:TikTokListenableWorker startWork timed out after 2193829 ms. Complete trace: # nad@26563bc4
04-01 18:19:17.352  8673  8699 E TraceManagerImpl: nai: 
04-01 18:19:17.352  8673  8699 E TraceManagerImpl: 	at tk_trace.Update PackageSuspensionHandlerPreferences(Started After:8)
04-01 18:19:17.352  8673  8699 E TraceManagerImpl: 	at tk_trace.Synclet: FocusModeScheduleManagerDailySynclet(Started After:0)
04-01 18:19:17.352  8673  8699 E TraceManagerImpl: 	at tk_trace.NoAccountWorkerFactory startWork()(Started After:0)
04-01 18:19:17.352  8673  8699 E TraceManagerImpl: 	at tk_trace.com.google.apps.tiktok.sync.impl.workmanager.SyncWorker startWork()(Started After:0)
04-01 18:19:17.352  8673  8699 E TraceManagerImpl: 	at tk_trace.com.google.apps.tiktok.sync.impl.workmanager.SyncWorker startWork()(Started After:0)
04-01 18:19:17.352  8673  8699 E TraceManagerImpl: 	at tk_trace.WorkManager:TikTokListenableWorker startWork(Started After:0)
04-01 18:19:17.378 20433 20465 I FA      : App measurement initialized, version: 161000
04-01 18:19:17.380 20433 20465 I FA      : To enable debug logging run: adb shell setprop log.tag.FA VERBOSE
04-01 18:19:17.380 20433 20465 I FA      : To enable faster debug mode event logging run:
04-01 18:19:17.380 20433 20465 I FA      :   adb shell setprop debug.firebase.analytics.app com.example.spotify
04-01 18:19:17.709 20433 20433 D CompatChangeReporter: Compat change id reported: 377864165; UID 10220; state: ENABLED
04-01 18:19:17.715   796   999 D ActivityManager: freezing 8256 com.android.vending
04-01 18:19:17.720   796  1293 D InetDiagMessage: Destroyed 0 sockets, proto=IPPROTO_TCP, family=AF_INET, states=14
04-01 18:19:17.726   796  1293 D InetDiagMessage: Destroyed 0 sockets, proto=IPPROTO_TCP, family=AF_INET6, states=14
04-01 18:19:17.726   796  1293 D InetDiagMessage: Destroyed live tcp sockets for uids={10145} in 8ms
04-01 18:19:17.735 20433 20433 D DesktopModeFlags: Toggle override initialized to: OVERRIDE_UNSET
04-01 18:19:17.810 20433 20433 I example.spotify: hiddenapi: Accessing hidden method Landroid/view/ViewGroup;->makeOptionalFitsSystemWindows()V (runtime_flags=0, domain=platform, api=unsupported) from Landroidx/appcompat/widget/ViewUtils; (domain=app, TargetSdkVersion=36) using reflection: allowed
04-01 18:19:17.964 20433 20433 W HWUI    : Unknown dataspace 0
04-01 18:19:18.024 20433 20433 D WindowOnBackDispatcher: setTopOnBackInvokedCallback (unwrapped): android.app.Activity$$ExternalSyntheticLambda0@bfad13d
04-01 18:19:18.025   796   829 D CoreBackPreview: Window{2515832 u0 com.example.spotify/com.example.spotify.SplashActivity}: Setting back callback OnBackInvokedCallbackInfo{mCallback=android.window.IOnBackInvokedCallback$Stub$Proxy@7b63b39, mPriority=-1, mIsAnimationCallback=false, mOverrideBehavior=0}
04-01 18:19:18.027 20433 20433 D VRI[SplashActivity]: WindowInsets changed: 1080x2400 statusBars:[0,63,0,0] navigationBars:[0,0,0,63] mandatorySystemGestures:[0,63,0,84] 
04-01 18:19:18.038 20433 20465 I FA      : Tag Manager is not found and thus will not be used
04-01 18:19:18.062 20433 20433 I HWUI    : Using FreeType backend (prop=Auto)
04-01 18:19:18.079  8067  8966 I PhenotypeResourceReader: unable to find any Phenotype resource metadata for com.example.spotify
04-01 18:19:18.465   796   834 I ActivityTaskManager: Displayed com.example.spotify/.SplashActivity for user 0: +4s869ms
04-01 18:19:18.509   796  1021 I ImeTracker: com.example.spotify:7740e1b1: onRequestHide at ORIGIN_SERVER reason HIDE_UNSPECIFIED_WINDOW fromUser false
04-01 18:19:18.512  8087 20423 D AdvertisingIdClient: AdvertisingIdClient already created.
04-01 18:19:18.519  8087 20423 I AdvertisingIdClient: shouldSendLog 14256593
04-01 18:19:18.519  8087 20423 I AdvertisingIdClient: GetInfoInternal elapse 6ms
04-01 18:19:18.530  8067  8077 I FontLog : (REDACTED) Received query %s, URI %s
04-01 18:19:18.531  8067  8077 I FontLog : (REDACTED) Query [%s] resolved to %s
04-01 18:19:18.549 20433 20433 D InsetsController: hide(ime())
04-01 18:19:18.549  8545  8545 I GoogleInputMethodService: GoogleInputMethodService.onFinishInput():2057 
04-01 18:19:18.550 20433 20433 I ImeTracker: com.example.spotify:7740e1b1: onCancelled at PHASE_CLIENT_ALREADY_HIDDEN
04-01 18:19:18.553  8067  8077 I FontLog : (REDACTED) Fetch %s end status %s
04-01 18:19:18.555  8545  8545 I Module  : DeviceLockedStatusModuleProvider$Module.updateDeviceLockedStatus():100 repeatCheckTimes = 0, locked = false
04-01 18:19:18.562  8545  8545 I GoogleInputMethodService: GoogleInputMethodService.onStartInput():1318 onStartInput(EditorInfo{EditorInfo{packageName=com.example.spotify, inputType=0, inputTypeString=NULL, enableLearning=false, autoCorrection=false, autoComplete=false, imeOptions=0, privateImeOptions=null, actionName=UNSPECIFIED, actionLabel=null, initialSelStart=-1, initialSelEnd=-1, initialCapsMode=0, label=null, fieldId=0, fieldName=null, extras=null, hintText=null, hintLocales=[]}}, false)
04-01 18:19:18.562   796  1687 I ImeTracker: system_server:c4d77899: onRequestHide at ORIGIN_SERVER reason IME_REQUESTED_CHANGED_LISTENER fromUser false
04-01 18:19:18.564  8545  8545 I Module  : DeviceLockedStatusModuleProvider$Module.updateDeviceLockedStatus():100 repeatCheckTimes = 1, locked = false
04-01 18:19:18.567   796  1688 W PackageConfigPersister: App-specific configuration not found for packageName: com.example.spotify and userId: 0
04-01 18:19:18.572  8067  8077 I FontLog : (REDACTED) Pulling font file for id = %d, cache size = %d
04-01 18:19:18.573   796   837 I ImeTracker: system_server:c4d77899: onCancelled at PHASE_SERVER_SHOULD_HIDE
04-01 18:19:18.627  8067  8077 I FontLog : (REDACTED) Pulling font file for id = %d, cache size = %d
04-01 18:19:18.674   796  1364 D BackgroundInstallControlService: Package event received: 0
04-01 18:19:18.718   796  1364 D BackgroundInstallControlService: Package event received: 0
04-01 18:19:18.785   796  1687 V WindowManager: DesktopModeLaunchParamsModifier: phase= 0 task=null activity=null display-area-from-source=DefaultTaskDisplayArea@150724537 display-id=0 task-display-area-windowing-mode=1 suggested-display-area=DefaultTaskDisplayArea@150724537 task null, skipping
04-01 18:19:18.785   796  1687 V WindowManager: TaskLaunchParamsModifier:phase=0 task=null activity=null display-area-from-source=DefaultTaskDisplayArea@150724537 display-id=0 task-display-area-windowing-mode=1 suggested-display-area=DefaultTaskDisplayArea@150724537
04-01 18:19:18.786   796  1687 V GrammaticalInflectionUtils: AttributionSource: android.content.AttributionSource@38de2dbd does not have READ_SYSTEM_GRAMMATICAL_GENDER permission.
04-01 18:19:18.791   796  1687 D CompatChangeReporter: Compat change id reported: 358129114; UID 10220; state: ENABLED
04-01 18:19:18.799   796  1687 V WindowManager: DesktopModeLaunchParamsModifier: phase= 0 task=null activity=ActivityRecord{205087687 u0 com.example.spotify/.LoginActivity display-area-from-source=DefaultTaskDisplayArea@150724537 display-id=0 task-display-area-windowing-mode=1 suggested-display-area=DefaultTaskDisplayArea@150724537 task null, skipping
04-01 18:19:18.799   796  1687 V WindowManager: TaskLaunchParamsModifier:phase=0 task=null activity=ActivityRecord{205087687 u0 com.example.spotify/.LoginActivity t-1} display-area-from-source=DefaultTaskDisplayArea@150724537 display-id=0 task-display-area-windowing-mode=1 suggested-display-area=DefaultTaskDisplayArea@150724537
04-01 18:19:18.799   796  1687 V WindowManager: DesktopModeLaunchParamsModifier: phase= 3 task=Task{f17a8c4 #23 type=standard A=10220:com.example.spotify} activity=ActivityRecord{205087687 u0 com.example.spotify/.LoginActivity t-1} display-area-from-source=DefaultTaskDisplayArea@150724537 display-id=0 task-display-area-windowing-mode=1 suggested-display-area=DefaultTaskDisplayArea@150724537 not entering desktop mode, skipping
04-01 18:19:18.799   796  1687 V WindowManager: TaskLaunchParamsModifier:phase=3 task=Task{f17a8c4 #23 type=standard A=10220:com.example.spotify} activity=ActivityRecord{205087687 u0 com.example.spotify/.LoginActivity t-1} display-area-from-source=DefaultTaskDisplayArea@150724537 display-id=0 task-display-area-windowing-mode=1 suggested-display-area=DefaultTaskDisplayArea@150724537 inherit-from-source=fullscreen non-freeform-task-display-area display-area=DefaultTaskDisplayArea@150724537 skip-bounds-fullscreen
04-01 18:19:18.800   796  1687 V WindowManager: DesktopModeLaunchParamsModifier: phase= 3 task=Task{f17a8c4 #23 type=standard A=10220:com.example.spotify} activity=ActivityRecord{205087687 u0 com.example.spotify/.LoginActivity t-1} display-area-from-source=DefaultTaskDisplayArea@150724537 display-id=0 task-display-area-windowing-mode=1 suggested-display-area=DefaultTaskDisplayArea@150724537 not entering desktop mode, skipping
04-01 18:19:18.800   796  1687 V WindowManager: TaskLaunchParamsModifier:phase=3 task=Task{f17a8c4 #23 type=standard A=10220:com.example.spotify} activity=ActivityRecord{205087687 u0 com.example.spotify/.LoginActivity t-1} display-area-from-source=DefaultTaskDisplayArea@150724537 display-id=0 task-display-area-windowing-mode=1 suggested-display-area=DefaultTaskDisplayArea@150724537 inherit-from-source=fullscreen non-freeform-task-display-area display-area=DefaultTaskDisplayArea@150724537 skip-bounds-fullscreen
04-01 18:19:18.801   796  1687 V WindowManager: DesktopModeLaunchParamsModifier: phase= 3 task=Task{f17a8c4 #23 type=standard A=10220:com.example.spotify} activity=ActivityRecord{205087687 u0 com.example.spotify/.LoginActivity t-1} display-area-from-source=DefaultTaskDisplayArea@150724537 display-id=0 task-display-area-windowing-mode=1 suggested-display-area=DefaultTaskDisplayArea@150724537 not entering desktop mode, skipping
04-01 18:19:18.801   796  1687 V WindowManager: TaskLaunchParamsModifier:phase=3 task=Task{f17a8c4 #23 type=standard A=10220:com.example.spotify} activity=ActivityRecord{205087687 u0 com.example.spotify/.LoginActivity t-1} display-area-from-source=DefaultTaskDisplayArea@150724537 display-id=0 task-display-area-windowing-mode=1 suggested-display-area=DefaultTaskDisplayArea@150724537 inherit-from-source=fullscreen non-freeform-task-display-area display-area=DefaultTaskDisplayArea@150724537 skip-bounds-fullscreen
04-01 18:19:18.828   796  1687 I ActivityTaskManager: START u0 {xflg=0x4 cmp=com.example.spotify/.LoginActivity} with LAUNCH_MULTIPLE from uid 10220 (com.example.spotify) (sr=106768343) (BAL_ALLOW_VISIBLE_WINDOW) result code=0
04-01 18:19:18.830  1412  1511 V WindowManagerShell: Transition requested (#92): android.os.BinderProxy@4c8ccf9 TransitionRequestInfo { type = OPEN, triggerTask = TaskInfo{userId=0 taskId=23 effectiveUid=10220 displayId=0 isRunning=true baseIntent=Intent { flg=0x10000000 cmp=com.example.spotify/.SplashActivity } baseActivity=ComponentInfo{com.example.spotify/com.example.spotify.SplashActivity} topActivity=ComponentInfo{com.example.spotify/com.example.spotify.LoginActivity} origActivity=null realActivity=ComponentInfo{com.example.spotify/com.example.spotify.SplashActivity} numActivities=2 lastActiveTime=15257636 supportsMultiWindow=true resizeMode=1 isResizeable=true minWidth=-1 minHeight=-1 defaultMinSize=220 token=WCT{android.os.BinderProxy@2319a18} topActivityType=1 pictureInPictureParams=null shouldDockBigOverlays=false launchIntoPipHostTaskId=-1 lastParentTaskIdBeforePip=-1 displayCutoutSafeInsets=Rect(0, 0 - 0, 0) topActivityInfo=ActivityInfo{989543e com.example.spotify.LoginActivity} launchCookies=[] positionInParent=Point(0, 0) parentTaskId=-1 isFocused=true isVisible=true isVisibleRequested=true isTopActivityNoDisplay=false isSleeping=false locusId=null displayAreaFeatureId=1 isTopActivityTransparent=false isActivityStackTransparent=false lastNonFullscreenBounds=null capturedLink=null capturedLinkTimestamp=0 requestedVisibleTypes=503 topActivityRequestOpenInBrowserEducationTimestamp=0 appCompatTaskInfo=AppCompatTaskInfo { topActivityInSizeCompat=false isLeafTask= true eligibleForLetterboxEducation= false isLetterboxEducationEnabled= true isLetterboxDoubleTapEnabled= false eligibleForUserAspectRatioButton= false topActivityBoundsLetterboxed= false isFromLetterboxDoubleTap= false topActivityLetterboxVerticalPosition= -1 topActivityLetterboxHorizontalPosition= -1 topActivityLetterboxWidth=-1 topActivityLetterboxHeight=-1 topActivityAppBounds=Rect(0, 0 - 1080, 2400) isUserFullscreenOverrideEnabled=false isSystemFullscreenOverrideEnabled=false hasMinAspectRatioOverride=false topActivityLetterboxBounds=null cameraCompatTaskInfo=CameraCompatTaskInfo { cameraCompatMode=inactive0} topNonResizableActivityAspectRatio=-1.0} topActivityMainWindowFrame=null isAppBubble=false}, pipChange = null, remoteTransition = null, displayChange = null, requestedLocation = null, userChange = null, windowingLayerChange = null, flags = 0, debugId = 92 }
04-01 18:19:18.830  1412  1511 D ShellSplitScreen: logExit: no-op, mLoggerSessionId is null
04-01 18:19:18.835   617   637 I libbinder.BpBinder: onLastStrongRef automatically unlinking death recipients for descriptor: '(not cached)'
04-01 18:19:18.847  8067 20046 I NetworkScheduler: (REDACTED) Error inserting %s
04-01 18:19:18.863   796  1364 D BackgroundInstallControlService: Package event received: 0
04-01 18:19:18.893   796  1364 D BackgroundInstallControlService: Package event received: 0
04-01 18:19:18.904   796  1364 D BackgroundInstallControlService: Package event received: 0
04-01 18:19:18.985  8067  8067 D BoundBrokerSvc: onRebind: Intent { act=com.google.android.gms.common.telemetry.service.START dat=chimera-action:/... xflg=0x4 cmp=com.google.android.gms/.chimera.PersistentApiService }
04-01 18:19:18.992  1677  1677 D b/417220811: invalidateLoadedTasks - previous requestLoadId: -1
04-01 18:19:19.309 20433 20433 D WindowOnBackDispatcher: setTopOnBackInvokedCallback (unwrapped): android.app.Activity$$ExternalSyntheticLambda0@45f5741
04-01 18:19:19.311   796  1687 D CoreBackPreview: Window{b6743cb u0 com.example.spotify/com.example.spotify.LoginActivity}: Setting back callback OnBackInvokedCallbackInfo{mCallback=android.window.IOnBackInvokedCallback$Stub$Proxy@50e09fd, mPriority=-1, mIsAnimationCallback=false, mOverrideBehavior=0}
04-01 18:19:19.321 20433 20433 D VRI[LoginActivity]: WindowInsets changed: 1080x2400 statusBars:[0,63,0,0] navigationBars:[0,0,0,63] mandatorySystemGestures:[0,63,0,84] 
04-01 18:19:19.414   796   834 I ActivityTaskManager: Displayed com.example.spotify/.LoginActivity for user 0: +619ms
04-01 18:19:19.418  1412  1441 V WindowManagerShell: onTransitionReady(transaction=3418793973570)
04-01 18:19:19.421  1412  1511 V WindowManagerShell: onTransitionReady (#92) android.os.BinderProxy@4c8ccf9: {id=92 t=OPEN f=0x0 trk=0 r=[0@Point(0, 0)] c=[
04-01 18:19:19.421  1412  1511 V WindowManagerShell:         {m=OPEN f=FILLS_TASK leash=Surface(name=ActivityRecord{205087687 u0 com.example.spotify/.LoginActivity t23}#845)/@0x1403fb5 sb=Rect(0, 0 - 0, 0) eb=Rect(0, 0 - 1080, 2400) epz=Point(1080, 2400) d=-1->0 r=-1->0:-1 bc=ff141218 activity=ActivityTransitionInfo { component = ComponentInfo{com.example.spotify/com.example.spotify.LoginActivity}, taskId = 23, appCompatTransitionInfo = null } opt={t=FROM_STYLE mUserId=0}},
04-01 18:19:19.421  1412  1511 V WindowManagerShell:         {m=CLOSE f=FILLS_TASK leash=Surface(name=ActivityRecord{106768343 u0 com.example.spotify/.SplashActivity t23}#831)/@0x6c2764a sb=Rect(0, 0 - 1080, 2400) eb=Rect(0, 0 - 1080, 2400) epz=Point(1080, 2400) d=0 bc=ff141218 activity=ActivityTransitionInfo { component = ComponentInfo{com.example.spotify/com.example.spotify.SplashActivity}, taskId = 23, appCompatTransitionInfo = null } opt={t=FROM_STYLE mUserId=0}}
04-01 18:19:19.421  1412  1511 V WindowManagerShell:     ]}
04-01 18:19:19.421  1412  1511 V WindowManagerShell: Playing animation for (#92) android.os.BinderProxy@4c8ccf9@0
04-01 18:19:19.422  1412  1511 V ShellRecents: RecentsTransitionHandler.startAnimation: no controller found
04-01 18:19:19.428  1412  1511 V WindowManagerShell: Transition doesn't have explicit remote, search filters for match for {id=92 t=OPEN f=0x0 trk=0 r=[0@Point(0, 0)] c=[{m=OPEN f=FILLS_TASK leash=Surface(name=ActivityRecord{205087687 u0 com.example.spotify/.LoginActivity t23}#845)/@0x1403fb5 sb=Rect(0, 0 - 0, 0) eb=Rect(0, 0 - 1080, 2400) epz=Point(1080, 2400) d=-1->0 r=-1->0:-1 bc=ff141218 activity=ActivityTransitionInfo { component = ComponentInfo{com.example.spotify/com.example.spotify.LoginActivity}, taskId = 23, appCompatTransitionInfo = null } opt={t=FROM_STYLE mUserId=0}},{m=CLOSE f=FILLS_TASK leash=Surface(name=ActivityRecord{106768343 u0 com.example.spotify/.SplashActivity t23}#831)/@0x6c2764a sb=Rect(0, 0 - 1080, 2400) eb=Rect(0, 0 - 1080, 2400) epz=Point(1080, 2400) d=0 bc=ff141218 activity=ActivityTransitionInfo { component = ComponentInfo{com.example.spotify/com.example.spotify.SplashActivity}, taskId = 23, appCompatTransitionInfo = null } opt={t=FROM_STYLE mUserId=0}}]}
04-01 18:19:19.428  1412  1511 V WindowManagerShell:  Checking filter Pair{{types=[] flags=0x0] notFlags=0x0 checks=[{atype=undefined independent=true modes=[CLOSE,TO_BACK] flags=IN_TASK_WITH_EMBEDDED_ACTIVITY mustBeTask=false order=ANY topActivity=null launchCookie=null taskFragmentToken=android.os.BinderProxy@1bbfa26 windowingMode=undefined isCrossDisplayMove=false}]} RemoteTransition { remoteTransition = android.window.IRemoteTransition$Stub$Proxy@2a54667, appThread = android.app.IApplicationThread$Stub$Proxy@67c8c14, debugName = overlayBackTransition }}
04-01 18:19:19.428  1412  1511 V WindowManagerShell:  Checking filter Pair{{types=[] flags=0x0] notFlags=0x0 checks=[{atype=dream independent=true modes=[OPEN,TO_FRONT] flags=NONE mustBeTask=false order=ANY topActivity=null launchCookie=null windowingMode=undefined isCrossDisplayMove=false},{atype=home independent=true modes=[CLOSE,TO_BACK] flags=NONE mustBeTask=false order=ANY topActivity=null launchCookie=null windowingMode=undefined isCrossDisplayMove=false}]} RemoteTransition { remoteTransition = android.window.IRemoteTransition$Stub$Proxy@12decbd, appThread = android.app.IApplicationThread$Stub$Proxy@5dd92b2, debugName = LauncherToDream }}
